stm32l4xx_hal_msp.c:65:6:HAL_MspInit	8	static
stm32l4xx_hal_msp.c:87:6:HAL_ADC_MspInit	48	static
stm32l4xx_hal_msp.c:151:6:HAL_ADC_MspDeInit	8	static
stm32l4xx_hal_msp.c:191:6:HAL_DFSDM_ChannelMspInit	40	static
stm32l4xx_hal_msp.c:227:6:HAL_DFSDM_ChannelMspDeInit	0	static
stm32l4xx_hal_msp.c:257:6:HAL_I2C_MspInit	40	static
stm32l4xx_hal_msp.c:293:6:HAL_I2C_MspDeInit	0	static
stm32l4xx_hal_msp.c:322:6:HAL_QSPI_MspInit	40	static
stm32l4xx_hal_msp.c:363:6:HAL_QSPI_MspDeInit	0	static
stm32l4xx_hal_msp.c:397:6:HAL_SPI_MspInit	40	static
stm32l4xx_hal_msp.c:434:6:HAL_SPI_MspDeInit	0	static
stm32l4xx_hal_msp.c:464:6:HAL_UART_MspInit	48	static
stm32l4xx_hal_msp.c:524:6:HAL_UART_MspDeInit	0	static
stm32l4xx_hal_msp.c:571:6:HAL_PCD_MspInit	40	static
stm32l4xx_hal_msp.c:626:6:HAL_PCD_MspDeInit	16	static
