stm32l4xx_hal_msp.c:64:6:HAL_MspInit	8	static
stm32l4xx_hal_msp.c:87:6:HAL_DFSDM_ChannelMspInit	40	static
stm32l4xx_hal_msp.c:123:6:HAL_DFSDM_ChannelMspDeInit	0	static
stm32l4xx_hal_msp.c:153:6:HAL_I2C_MspInit	40	static
stm32l4xx_hal_msp.c:189:6:HAL_I2C_MspDeInit	0	static
stm32l4xx_hal_msp.c:218:6:HAL_QSPI_MspInit	40	static
stm32l4xx_hal_msp.c:259:6:HAL_QSPI_MspDeInit	0	static
stm32l4xx_hal_msp.c:293:6:HAL_SPI_MspInit	48	static
stm32l4xx_hal_msp.c:355:6:HAL_SPI_MspDeInit	0	static
stm32l4xx_hal_msp.c:404:6:HAL_UART_MspInit	48	static
stm32l4xx_hal_msp.c:464:6:HAL_UART_MspDeInit	0	static
stm32l4xx_hal_msp.c:511:6:HAL_PCD_MspInit	40	static
stm32l4xx_hal_msp.c:566:6:HAL_PCD_MspDeInit	16	static
