L6470_Driver.c:12:6:L6470_nCS_High	8	static
L6470_Driver.c:17:6:L6470_nCS_Low	8	static
L6470_Driver.c:22:9:L6470_SetParam	64	dynamic
L6470_Driver.c:58:6:L6470_GetParam	56	dynamic
L6470_Driver.c:83:6:L6470_Run	56	static
L6470_Driver.c:121:6:L6470_Move	56	static
L6470_Driver.c:160:6:L6470_GoTo	56	static
L6470_Driver.c:198:6:L6470_GoToDir	56	static
L6470_Driver.c:234:6:L6470_GoMark	24	static
L6470_Driver.c:251:6:L6470_ResetPos	24	static
L6470_Driver.c:268:6:L6470_ResetDevice	24	static
L6470_Driver.c:285:6:L6470_SoftStop	24	static
L6470_Driver.c:302:6:L6470_HardStop	24	static
L6470_Driver.c:319:6:L6470_SoftHiZ	24	static
L6470_Driver.c:336:6:L6470_HardHiZ	24	static
L6470_Driver.c:353:6:L6470_GetStatus	32	static
uartDecoder.c:61:7:HAL_UART_RxCpltCallback	24	static
uartDecoder.c:97:6:initUartDecode	8	static
uartDecoder.c:105:9:decoderMsg	136	static
main.c:77:10:L6470_nFLAG	16	static
main.c:84:10:L6470_nBUSY	16	static
main.c:96:5:main	48	static
main.c:196:6:SystemClock_Config	88	static
main.c:239:13:MX_GFXSIMULATOR_Init	4	static
main.c:260:13:MX_SPI1_Init	8	static
main.c:298:13:MX_USART3_UART_Init	8	static
main.c:331:13:MX_USB_OTG_FS_PCD_Init	8	static
main.c:366:13:MX_GPIO_Init	56	static
main.c:492:6:Error_Handler	4	static
