<html>
<body>
<pre>
<h1>µVision Build Log</h1>
<h2>Tool Versions:</h2>
IDE-Version: µVision V5.26.2.0
Copyright (C) 2018 ARM Ltd and ARM Germany GmbH. All rights reserved.
License Information: Daniel C, Freelance, LIC=----
 
Tool Versions:
Toolchain:       MDK-ARM Cortex-M0/M0+ 256K for ST  Version: 5.26.2.0
Toolchain Path:  C:\Programas\Keil uVision\ARM\ARMCC\Bin
C Compiler:      Armcc.exe V5.06 update 6 (build 750)
Assembler:       Armasm.exe V5.06 update 6 (build 750)
Linker/Locator:  ArmLink.exe V5.06 update 6 (build 750)
Library Manager: ArmAr.exe V5.06 update 6 (build 750)
Hex Converter:   FromElf.exe V5.06 update 6 (build 750)
CPU DLL:         SARMCM3.DLL V5.26.2.0
Dialog DLL:      DARMCM1.DLL V1.19.1.0
Target DLL:      STLink\ST-LINKIII-KEIL_SWO.dll V3.0.5.0
Dialog DLL:      TARMCM1.DLL V1.14.0.0
 
<h2>Project:</h2>
D:\GitRepo\STM32\STM32CubeExpansion_SFOX_V1.1.0\Projects\B-L072Z-LRWAN1\Applications\Sgfx\Sgfx_push_button\MDK-ARM\Sgfx_push_button.uvprojx
Project File Date:  09/18/2018

<h2>Output:</h2>
*** Using Compiler 'V5.06 update 6 (build 750)', folder: 'C:\Programas\Keil uVision\ARM\ARMCC\Bin'
Rebuild target 'mlm32l07x01'
compiling HTS221_Driver_HL.c...
compiling LPS25HB_Driver_HL.c...
compiling HTS221_Driver.c...
compiling LPS22HB_Driver_HL.c...
compiling LPS22HB_Driver.c...
compiling LPS25HB_Driver.c...
compiling x_nucleo_iks01a2.c...
compiling x_nucleo_iks01a2_humidity.c...
compiling b-l072z-lrwan1.c...
compiling x_nucleo_iks01a2_pressure.c...
compiling x_nucleo_iks01a2_temperature.c...
compiling system_stm32l0xx.c...
compiling mlm32l07x01.c...
compiling sx1276.c...
compiling stm32l0xx_hal.c...
compiling stm32l0xx_hal_cortex.c...
compiling stm32l0xx_hal_uart.c...
compiling stm32l0xx_hal_rcc.c...
compiling stm32l0xx_hal_adc.c...
compiling stm32l0xx_hal_spi.c...
compiling stm32l0xx_hal_rcc_ex.c...
compiling stm32l0xx_hal_pwr_ex.c...
compiling stm32l0xx_hal_pwr.c...
compiling stm32l0xx_hal_rtc.c...
compiling stm32l0xx_hal_gpio.c...
compiling stm32l0xx_hal_dma.c...
compiling stm32l0xx_hal_rtc_ex.c...
compiling stm32l0xx_hal_tim.c...
compiling stm32l0xx_ll_lpuart.c...
compiling stm32l0xx_hal_adc_ex.c...
compiling stm32l0xx_hal_uart_ex.c...
compiling stm32l0xx_hal_tim_ex.c...
compiling stm32l0xx_hal_flash.c...
compiling stm32l0xx_hal_flash_ex.c...
compiling stm32l0xx_ll_rcc.c...
assembling startup_stm32l072xx.s...
compiling stm32l0xx_ll_dma.c...
compiling stm32l0xx_ll_spi.c...
compiling stm32l0xx_hal_i2c.c...
compiling hw_gpio.c...
compiling debug.c...
compiling main.c...
..\src\main.c(211): warning:  #177-D: variable "pressure"  was declared but never referenced
    uint16_t pressure = 0;
..\src\main.c(212): warning:  #177-D: variable "temperature"  was declared but never referenced
    int16_t temperature = 0;
..\src\main.c(213): warning:  #177-D: variable "humidity"  was declared but never referenced
    uint16_t humidity = 0;
..\src\main.c: 3 warnings, 0 errors
compiling hw_rtc.c...
compiling mlm32l0xx_hal_msp.c...
compiling hw_spi.c...
compiling tiny_sscanf.c...
compiling tiny_vsnprintf.c...
compiling vcom.c...
compiling hw_eeprom.c...
compiling mlm32l0xx_it.c...
compiling hw_tim2.c...
compiling mcu_api.c...
compiling rf_api.c...
compiling bsp.c...
compiling sigfox_data.c...
compiling se_nvm.c...
compiling mlm32l0xx_hw.c...
compiling low_power_manager.c...
compiling utilities.c...
compiling scheduler.c...
compiling timeServer.c...
compiling st_lowlevel.c...
linking...
Program Size: Code=30086 RO-data=3086 RW-data=204 ZI-data=5720  
FromELF: creating hex file...
".\mlm32l07x01Lib\DISCO_CUBE_SGFX_WLIB.axf" - 0 Error(s), 3 Warning(s).

<h2>Software Packages used:</h2>

Package Vendor: Keil
                http://www.keil.com/pack/Keil.STM32L0xx_DFP.2.0.0.pack
                Keil.STM32L0xx_DFP.2.0.0
                STMicroelectronics STM32L0 Series Device Support, Drivers and Examples

<h2>Collection of Component include folders:</h2>
  .\RTE\_mlm32l07x01
  C:\Programas\Keil uVision\ARM\PACK\Keil\STM32L0xx_DFP\2.0.0\Drivers\CMSIS\Device\ST\STM32L0xx\Include

<h2>Collection of Component Files used:</h2>
Build Time Elapsed:  00:00:17
</pre>
</body>
</html>
