Component: ARM Compiler 5.06 update 6 (build 750) Tool: armlink [4d35ed]

==============================================================================

Section Cross References

    hts221_driver.o(i.HTS221_Activate) refers to hts221_driver.o(i.HTS221_ReadReg) for HTS221_ReadReg
    hts221_driver.o(i.HTS221_Activate) refers to hts221_driver.o(i.HTS221_WriteReg) for HTS221_WriteReg
    hts221_driver.o(i.HTS221_DeActivate) refers to hts221_driver.o(i.HTS221_ReadReg) for HTS221_ReadReg
    hts221_driver.o(i.HTS221_DeActivate) refers to hts221_driver.o(i.HTS221_WriteReg) for HTS221_WriteReg
    hts221_driver.o(i.HTS221_DeInit) refers to hts221_driver.o(i.HTS221_ReadReg) for HTS221_ReadReg
    hts221_driver.o(i.HTS221_DeInit) refers to hts221_driver.o(i.HTS221_WriteReg) for HTS221_WriteReg
    hts221_driver.o(i.HTS221_Get_AvgHT) refers to hts221_driver.o(i.HTS221_ReadReg) for HTS221_ReadReg
    hts221_driver.o(i.HTS221_Get_BduMode) refers to hts221_driver.o(i.HTS221_ReadReg) for HTS221_ReadReg
    hts221_driver.o(i.HTS221_Get_DataStatus) refers to hts221_driver.o(i.HTS221_ReadReg) for HTS221_ReadReg
    hts221_driver.o(i.HTS221_Get_DeviceID) refers to hts221_driver.o(i.HTS221_ReadReg) for HTS221_ReadReg
    hts221_driver.o(i.HTS221_Get_HeaterState) refers to hts221_driver.o(i.HTS221_ReadReg) for HTS221_ReadReg
    hts221_driver.o(i.HTS221_Get_Humidity) refers to hts221_driver.o(i.HTS221_ReadReg) for HTS221_ReadReg
    hts221_driver.o(i.HTS221_Get_Humidity) refers to fflti.o(.text) for __aeabi_i2f
    hts221_driver.o(i.HTS221_Get_Humidity) refers to fmul.o(.text) for __aeabi_fmul
    hts221_driver.o(i.HTS221_Get_Humidity) refers to fdiv.o(.text) for __aeabi_fdiv
    hts221_driver.o(i.HTS221_Get_Humidity) refers to fadd.o(.text) for __aeabi_fadd
    hts221_driver.o(i.HTS221_Get_Humidity) refers to ffixui.o(.text) for __aeabi_f2uiz
    hts221_driver.o(i.HTS221_Get_HumidityRaw) refers to hts221_driver.o(i.HTS221_ReadReg) for HTS221_ReadReg
    hts221_driver.o(i.HTS221_Get_InitConfig) refers to hts221_driver.o(i.HTS221_ReadReg) for HTS221_ReadReg
    hts221_driver.o(i.HTS221_Get_IrqActiveLevel) refers to hts221_driver.o(i.HTS221_ReadReg) for HTS221_ReadReg
    hts221_driver.o(i.HTS221_Get_IrqEnable) refers to hts221_driver.o(i.HTS221_ReadReg) for HTS221_ReadReg
    hts221_driver.o(i.HTS221_Get_IrqOutputType) refers to hts221_driver.o(i.HTS221_ReadReg) for HTS221_ReadReg
    hts221_driver.o(i.HTS221_Get_Measurement) refers to hts221_driver.o(i.HTS221_Get_Temperature) for HTS221_Get_Temperature
    hts221_driver.o(i.HTS221_Get_Measurement) refers to hts221_driver.o(i.HTS221_Get_Humidity) for HTS221_Get_Humidity
    hts221_driver.o(i.HTS221_Get_Odr) refers to hts221_driver.o(i.HTS221_ReadReg) for HTS221_ReadReg
    hts221_driver.o(i.HTS221_Get_PowerDownMode) refers to hts221_driver.o(i.HTS221_ReadReg) for HTS221_ReadReg
    hts221_driver.o(i.HTS221_Get_RawMeasurement) refers to hts221_driver.o(i.HTS221_ReadReg) for HTS221_ReadReg
    hts221_driver.o(i.HTS221_Get_Temperature) refers to hts221_driver.o(i.HTS221_ReadReg) for HTS221_ReadReg
    hts221_driver.o(i.HTS221_Get_Temperature) refers to fflti.o(.text) for __aeabi_i2f
    hts221_driver.o(i.HTS221_Get_Temperature) refers to fmul.o(.text) for __aeabi_fmul
    hts221_driver.o(i.HTS221_Get_Temperature) refers to fdiv.o(.text) for __aeabi_fdiv
    hts221_driver.o(i.HTS221_Get_Temperature) refers to fadd.o(.text) for __aeabi_fadd
    hts221_driver.o(i.HTS221_Get_Temperature) refers to ffixi.o(.text) for __aeabi_f2iz
    hts221_driver.o(i.HTS221_Get_TemperatureRaw) refers to hts221_driver.o(i.HTS221_ReadReg) for HTS221_ReadReg
    hts221_driver.o(i.HTS221_IsMeasurementCompleted) refers to hts221_driver.o(i.HTS221_ReadReg) for HTS221_ReadReg
    hts221_driver.o(i.HTS221_MemoryBoot) refers to hts221_driver.o(i.HTS221_ReadReg) for HTS221_ReadReg
    hts221_driver.o(i.HTS221_MemoryBoot) refers to hts221_driver.o(i.HTS221_WriteReg) for HTS221_WriteReg
    hts221_driver.o(i.HTS221_ReadReg) refers to x_nucleo_iks01a2.o(i.Sensor_IO_Read) for Sensor_IO_Read
    hts221_driver.o(i.HTS221_Set_AvgH) refers to hts221_driver.o(i.HTS221_assert_failed) for HTS221_assert_failed
    hts221_driver.o(i.HTS221_Set_AvgH) refers to hts221_driver.o(i.HTS221_ReadReg) for HTS221_ReadReg
    hts221_driver.o(i.HTS221_Set_AvgH) refers to hts221_driver.o(i.HTS221_WriteReg) for HTS221_WriteReg
    hts221_driver.o(i.HTS221_Set_AvgHT) refers to hts221_driver.o(i.HTS221_assert_failed) for HTS221_assert_failed
    hts221_driver.o(i.HTS221_Set_AvgHT) refers to hts221_driver.o(i.HTS221_ReadReg) for HTS221_ReadReg
    hts221_driver.o(i.HTS221_Set_AvgHT) refers to hts221_driver.o(i.HTS221_WriteReg) for HTS221_WriteReg
    hts221_driver.o(i.HTS221_Set_AvgT) refers to hts221_driver.o(i.HTS221_assert_failed) for HTS221_assert_failed
    hts221_driver.o(i.HTS221_Set_AvgT) refers to hts221_driver.o(i.HTS221_ReadReg) for HTS221_ReadReg
[...]
    Error_Handler                            0x080004e9   Thumb Code     2  debug.o(i.Error_Handler)
    HAL_ADCEx_Calibration_Start              0x080004eb   Thumb Code   170  stm32l0xx_hal_adc_ex.o(i.HAL_ADCEx_Calibration_Start)
    HAL_ADC_ConfigChannel                    0x08000595   Thumb Code   140  stm32l0xx_hal_adc.o(i.HAL_ADC_ConfigChannel)
    HAL_ADC_GetValue                         0x08000629   Thumb Code     6  stm32l0xx_hal_adc.o(i.HAL_ADC_GetValue)
    HAL_ADC_Init                             0x08000631   Thumb Code   442  stm32l0xx_hal_adc.o(i.HAL_ADC_Init)
    HAL_ADC_MspInit                          0x080007f5   Thumb Code     2  stm32l0xx_hal_adc.o(i.HAL_ADC_MspInit)
    HAL_ADC_PollForConversion                0x080007f7   Thumb Code   190  stm32l0xx_hal_adc.o(i.HAL_ADC_PollForConversion)
    HAL_ADC_Start                            0x080008b5   Thumb Code    86  stm32l0xx_hal_adc.o(i.HAL_ADC_Start)
    HAL_DBGMCU_DisableDBGSleepMode           0x08000911   Thumb Code    12  stm32l0xx_hal.o(i.HAL_DBGMCU_DisableDBGSleepMode)
    HAL_DBGMCU_DisableDBGStandbyMode         0x08000921   Thumb Code    12  stm32l0xx_hal.o(i.HAL_DBGMCU_DisableDBGStandbyMode)
    HAL_DBGMCU_DisableDBGStopMode            0x08000931   Thumb Code    12  stm32l0xx_hal.o(i.HAL_DBGMCU_DisableDBGStopMode)
    HAL_DMA_Abort                            0x08000941   Thumb Code    76  stm32l0xx_hal_dma.o(i.HAL_DMA_Abort)
    HAL_DMA_Init                             0x0800098d   Thumb Code   254  stm32l0xx_hal_dma.o(i.HAL_DMA_Init)
    HAL_DMA_Start_IT                         0x08000a95   Thumb Code    78  stm32l0xx_hal_dma.o(i.HAL_DMA_Start_IT)
    HAL_Delay                                0x08000ae3   Thumb Code    10  mlm32l0xx_hal_msp.o(i.HAL_Delay)
    HAL_FLASHEx_DATAEEPROM_EnableFixedTimeProgram 0x08000aed   Thumb Code    12  stm32l0xx_hal_flash_ex.o(i.HAL_FLASHEx_DATAEEPROM_EnableFixedTimeProgram)
    HAL_FLASHEx_DATAEEPROM_Lock              0x08000afd   Thumb Code    14  stm32l0xx_hal_flash_ex.o(i.HAL_FLASHEx_DATAEEPROM_Lock)
    HAL_FLASHEx_DATAEEPROM_Unlock            0x08000b11   Thumb Code    24  stm32l0xx_hal_flash_ex.o(i.HAL_FLASHEx_DATAEEPROM_Unlock)
    HAL_GPIO_EXTI_Callback                   0x08000b35   Thumb Code     8  mlm32l0xx_hal_msp.o(i.HAL_GPIO_EXTI_Callback)
    HAL_GPIO_EXTI_IRQHandler                 0x08000b3d   Thumb Code    18  stm32l0xx_hal_gpio.o(i.HAL_GPIO_EXTI_IRQHandler)
    HAL_GPIO_Init                            0x08000b55   Thumb Code   356  stm32l0xx_hal_gpio.o(i.HAL_GPIO_Init)
    HAL_GPIO_WritePin                        0x08000cd9   Thumb Code    12  stm32l0xx_hal_gpio.o(i.HAL_GPIO_WritePin)
    HAL_GetTick                              0x08000ce5   Thumb Code     6  stm32l0xx_hal.o(i.HAL_GetTick)
    HAL_IncTick                              0x08000cf1   Thumb Code    10  stm32l0xx_hal.o(i.HAL_IncTick)
    HAL_Init                                 0x08000d01   Thumb Code    26  stm32l0xx_hal.o(i.HAL_Init)
    HAL_InitTick                             0x08000d21   Thumb Code     4  mlm32l0xx_hal_msp.o(i.HAL_InitTick)
    HAL_MspInit                              0x08000d25   Thumb Code    40  mlm32l0xx_hal_msp.o(i.HAL_MspInit)
    HAL_NVIC_EnableIRQ                       0x08000d55   Thumb Code    14  stm32l0xx_hal_cortex.o(i.HAL_NVIC_EnableIRQ)
    HAL_NVIC_GetPendingIRQ                   0x08000d69   Thumb Code    24  stm32l0xx_hal_cortex.o(i.HAL_NVIC_GetPendingIRQ)
    HAL_NVIC_SetPriority                     0x08000d85   Thumb Code     8  stm32l0xx_hal_cortex.o(i.HAL_NVIC_SetPriority)
    HAL_PWREx_EnableFastWakeUp               0x08000d8d   Thumb Code    12  stm32l0xx_hal_pwr_ex.o(i.HAL_PWREx_EnableFastWakeUp)
    HAL_PWREx_EnableUltraLowPower            0x08000d9d   Thumb Code    12  stm32l0xx_hal_pwr_ex.o(i.HAL_PWREx_EnableUltraLowPower)
    HAL_PWR_DisablePVD                       0x08000dad   Thumb Code    12  stm32l0xx_hal_pwr.o(i.HAL_PWR_DisablePVD)
    HAL_PWR_EnterSLEEPMode                   0x08000dbd   Thumb Code    38  stm32l0xx_hal_pwr.o(i.HAL_PWR_EnterSLEEPMode)
    HAL_PWR_EnterSTANDBYMode                 0x08000ded   Thumb Code    24  stm32l0xx_hal_pwr.o(i.HAL_PWR_EnterSTANDBYMode)
    HAL_PWR_EnterSTOPMode                    0x08000e0d   Thumb Code    44  stm32l0xx_hal_pwr.o(i.HAL_PWR_EnterSTOPMode)
    HAL_RCCEx_PeriphCLKConfig                0x08000e41   Thumb Code   382  stm32l0xx_hal_rcc_ex.o(i.HAL_RCCEx_PeriphCLKConfig)
    HAL_RCC_ClockConfig                      0x08000fcd   Thumb Code   340  stm32l0xx_hal_rcc.o(i.HAL_RCC_ClockConfig)
    HAL_RCC_GetSysClockFreq                  0x08001135   Thumb Code   100  stm32l0xx_hal_rcc.o(i.HAL_RCC_GetSysClockFreq)
    HAL_RCC_OscConfig                        0x080011ad   Thumb Code  1116  stm32l0xx_hal_rcc.o(i.HAL_RCC_OscConfig)
    HAL_RTCEx_EnableBypassShadow             0x08001609   Thumb Code    60  stm32l0xx_hal_rtc_ex.o(i.HAL_RTCEx_EnableBypassShadow)
    HAL_RTC_AlarmAEventCallback              0x08001645   Thumb Code     8  mlm32l0xx_hal_msp.o(i.HAL_RTC_AlarmAEventCallback)
    HAL_RTC_DeInit                           0x0800164d   Thumb Code   200  stm32l0xx_hal_rtc.o(i.HAL_RTC_DeInit)
    HAL_RTC_DeactivateAlarm                  0x08001721   Thumb Code   184  stm32l0xx_hal_rtc.o(i.HAL_RTC_DeactivateAlarm)
    HAL_RTC_GetDate                          0x080017d9   Thumb Code    68  stm32l0xx_hal_rtc.o(i.HAL_RTC_GetDate)
    HAL_RTC_GetTime                          0x0800181d   Thumb Code    88  stm32l0xx_hal_rtc.o(i.HAL_RTC_GetTime)
    HAL_RTC_Init                             0x08001879   Thumb Code   160  stm32l0xx_hal_rtc.o(i.HAL_RTC_Init)
    HAL_RTC_MspDeInit                        0x0800191d   Thumb Code    14  mlm32l0xx_hal_msp.o(i.HAL_RTC_MspDeInit)
    HAL_RTC_MspInit                          0x08001931   Thumb Code    86  mlm32l0xx_hal_msp.o(i.HAL_RTC_MspInit)
    HAL_RTC_SetAlarm_IT                      0x0800198d   Thumb Code   408  stm32l0xx_hal_rtc.o(i.HAL_RTC_SetAlarm_IT)
    HAL_RTC_SetDate                          0x08001b2d   Thumb Code   200  stm32l0xx_hal_rtc.o(i.HAL_RTC_SetDate)
    HAL_RTC_SetTime                          0x08001bf9   Thumb Code   234  stm32l0xx_hal_rtc.o(i.HAL_RTC_SetTime)
    HAL_RTC_WaitForSynchro                   0x08001ce9   Thumb Code    52  stm32l0xx_hal_rtc.o(i.HAL_RTC_WaitForSynchro)
    HAL_SPI_DMAStop                          0x08001d1d   Thumb Code    54  stm32l0xx_hal_spi.o(i.HAL_SPI_DMAStop)
    HAL_SPI_ErrorCallback                    0x08001d53   Thumb Code     2  stm32l0xx_hal_spi.o(i.HAL_SPI_ErrorCallback)
    HAL_SPI_Init                             0x08001d55   Thumb Code   132  stm32l0xx_hal_spi.o(i.HAL_SPI_Init)
    HAL_SPI_MspInit                          0x08001dd9   Thumb Code   114  mlm32l0xx_hal_msp.o(i.HAL_SPI_MspInit)
    HAL_SPI_TransmitReceive                  0x08001e59   Thumb Code   696  stm32l0xx_hal_spi.o(i.HAL_SPI_TransmitReceive)
    HAL_SPI_Transmit_DMA                     0x08002111   Thumb Code   194  stm32l0xx_hal_spi.o(i.HAL_SPI_Transmit_DMA)
    HAL_SPI_TxCpltCallback                   0x080021e1   Thumb Code     2  stm32l0xx_hal_spi.o(i.HAL_SPI_TxCpltCallback)
    HAL_SPI_TxHalfCpltCallback               0x080021e3   Thumb Code     2  stm32l0xx_hal_spi.o(i.HAL_SPI_TxHalfCpltCallback)
    HAL_TIM_OC_ConfigChannel                 0x080021e5   Thumb Code    80  stm32l0xx_hal_tim.o(i.HAL_TIM_OC_ConfigChannel)
    HAL_TIM_OC_Init                          0x08002235   Thumb Code    52  stm32l0xx_hal_tim.o(i.HAL_TIM_OC_Init)
    HAL_TIM_OC_MspInit                       0x08002269   Thumb Code    12  mlm32l0xx_hal_msp.o(i.HAL_TIM_OC_MspInit)
    HAL_TIM_OC_Start                         0x08002279   Thumb Code    26  stm32l0xx_hal_tim.o(i.HAL_TIM_OC_Start)
    HAL_TIM_OC_Stop                          0x08002295   Thumb Code    34  stm32l0xx_hal_tim.o(i.HAL_TIM_OC_Stop)
    HW_AdcInit                               0x080022bd   Thumb Code    74  mlm32l0xx_hw.o(i.HW_AdcInit)
    HW_AdcReadChannel                        0x08002319   Thumb Code   122  mlm32l0xx_hw.o(i.HW_AdcReadChannel)
    HW_EEPROM_Init                           0x080023ad   Thumb Code    38  hw_eeprom.o(i.HW_EEPROM_Init)
    HW_EEPROM_Lock                           0x080023dd   Thumb Code     8  hw_eeprom.o(i.HW_EEPROM_Lock)
    HW_EEPROM_Unlock                         0x080023e5   Thumb Code    12  hw_eeprom.o(i.HW_EEPROM_Unlock)
    HW_GPIO_Init                             0x08002429   Thumb Code    80  hw_gpio.o(i.HW_GPIO_Init)
    HW_GPIO_IrqHandler                       0x0800247d   Thumb Code    20  hw_gpio.o(i.HW_GPIO_IrqHandler)
    HW_GPIO_SetIrq                           0x08002495   Thumb Code    56  hw_gpio.o(i.HW_GPIO_SetIrq)
    HW_GPIO_Write                            0x080024d1   Thumb Code    10  hw_gpio.o(i.HW_GPIO_Write)
    HW_GetBatteryLevel                       0x080024dd   Thumb Code    28  mlm32l0xx_hw.o(i.HW_GetBatteryLevel)
    HW_GetTemperatureLevel                   0x08002505   Thumb Code    72  mlm32l0xx_hw.o(i.HW_GetTemperatureLevel)
    HW_GpioInit                              0x0800255d   Thumb Code   150  mlm32l0xx_hw.o(i.HW_GpioInit)
    HW_Init                                  0x0800260d   Thumb Code    70  mlm32l0xx_hw.o(i.HW_Init)
    HW_RTC_DeInit                            0x08002701   Thumb Code    16  hw_rtc.o(i.HW_RTC_DeInit)
    HW_RTC_DelayMs                           0x08002719   Thumb Code    38  hw_rtc.o(i.HW_RTC_DelayMs)
    HW_RTC_GetMinimumTimeout                 0x080027e5   Thumb Code     4  hw_rtc.o(i.HW_RTC_GetMinimumTimeout)
    HW_RTC_GetTimerContext                   0x080027e9   Thumb Code     6  hw_rtc.o(i.HW_RTC_GetTimerContext)
    HW_RTC_GetTimerElapsedTime               0x080027f5   Thumb Code    22  hw_rtc.o(i.HW_RTC_GetTimerElapsedTime)
    HW_RTC_GetTimerValue                     0x08002811   Thumb Code    16  hw_rtc.o(i.HW_RTC_GetTimerValue)
    HW_RTC_Init                              0x08002821   Thumb Code    34  hw_rtc.o(i.HW_RTC_Init)
    HW_RTC_IrqHandler                        0x0800284d   Thumb Code    54  hw_rtc.o(i.HW_RTC_IrqHandler)
    HW_RTC_SetAlarm                          0x0800288d   Thumb Code    34  hw_rtc.o(i.HW_RTC_SetAlarm)
    HW_RTC_SetTimerContext                   0x08002911   Thumb Code    18  hw_rtc.o(i.HW_RTC_SetTimerContext)
    HW_RTC_StopAlarm                         0x08002a41   Thumb Code    36  hw_rtc.o(i.HW_RTC_StopAlarm)
    HW_RTC_ms2Tick                           0x08002a6d   Thumb Code    16  hw_rtc.o(i.HW_RTC_ms2Tick)
    HW_SPI_ClearIRQ                          0x08002a7d   Thumb Code   166  hw_spi.o(i.HW_SPI_ClearIRQ)
    HW_SPI_InOut                             0x08002b2d   Thumb Code    28  hw_spi.o(i.HW_SPI_InOut)
    HW_SPI_Init                              0x08002b4d   Thumb Code    78  hw_spi.o(i.HW_SPI_Init)
    HW_SPI_IoInit                            0x08002bad   Thumb Code    92  hw_spi.o(i.HW_SPI_IoInit)
    HW_SPI_IoNssHwInit                       0x08002c0d   Thumb Code    88  hw_spi.o(i.HW_SPI_IoNssHwInit)
    HW_SPI_IoNssSwInit                       0x08002c6d   Thumb Code    76  hw_spi.o(i.HW_SPI_IoNssSwInit)
    HW_SPI_Transmit_DMA_Start                0x08002cc1   Thumb Code    22  hw_spi.o(i.HW_SPI_Transmit_DMA_Start)
    HW_SPI_Transmit_DMA_Stop                 0x08002cdd   Thumb Code    36  hw_spi.o(i.HW_SPI_Transmit_DMA_Stop)
    HW_SetHSEasSysClock                      0x08002d05   Thumb Code    40  mlm32l0xx_hw.o(i.HW_SetHSEasSysClock)
    HW_SetHSIasSysClock                      0x08002d31   Thumb Code    80  mlm32l0xx_hw.o(i.HW_SetHSIasSysClock)
    HW_TIM2_Init                             0x08002d85   Thumb Code    84  hw_tim2.o(i.HW_TIM2_Init)
    HW_TIM2_SetPeriod                        0x08002ddd   Thumb Code    30  hw_tim2.o(i.HW_TIM2_SetPeriod)
    HW_TIM2_Start                            0x08002e01   Thumb Code    28  hw_tim2.o(i.HW_TIM2_Start)
    HW_TIM2_Stop                             0x08002e21   Thumb Code    50  hw_tim2.o(i.HW_TIM2_Stop)
    HardFault_Handler                        0x08002e59   Thumb Code     4  mlm32l0xx_it.o(i.HardFault_Handler)
    LL_DMA_Init                              0x08002e5d   Thumb Code    94  stm32l0xx_ll_dma.o(i.LL_DMA_Init)
    LL_LPUART_Init                           0x08002f19   Thumb Code   106  stm32l0xx_ll_lpuart.o(i.LL_LPUART_Init)
    LL_RCC_GetLPUARTClockFreq                0x08002f89   Thumb Code    76  stm32l0xx_ll_rcc.o(i.LL_RCC_GetLPUARTClockFreq)
    LPM_EnterLowPower                        0x08002ffd   Thumb Code    46  low_power_manager.o(i.LPM_EnterLowPower)
    LPM_EnterOffMode                         0x08003031   Thumb Code    44  mlm32l0xx_hw.o(i.LPM_EnterOffMode)
    LPM_EnterSleepMode                       0x08003061   Thumb Code    12  mlm32l0xx_hw.o(i.LPM_EnterSleepMode)
    LPM_EnterStopMode                        0x0800306d   Thumb Code   102  mlm32l0xx_hw.o(i.LPM_EnterStopMode)
    LPM_ExitOffMode                          0x080030dd   Thumb Code     2  low_power_manager.o(i.LPM_ExitOffMode)
    LPM_ExitSleepMode                        0x080030df   Thumb Code     2  low_power_manager.o(i.LPM_ExitSleepMode)
    LPM_ExitStopMode                         0x080030e1   Thumb Code    72  mlm32l0xx_hw.o(i.LPM_ExitStopMode)
    LPM_SetOffMode                           0x0800312d   Thumb Code    34  low_power_manager.o(i.LPM_SetOffMode)
    LPM_SetStopMode                          0x08003155   Thumb Code    34  low_power_manager.o(i.LPM_SetStopMode)
    MCU_API_delay                            0x0800317d   Thumb Code    90  mcu_api.o(i.MCU_API_delay)
    MCU_API_free                             0x080031dd   Thumb Code     4  mcu_api.o(i.MCU_API_free)
    MCU_API_get_nv_mem                       0x080031e1   Thumb Code    22  mcu_api.o(i.MCU_API_get_nv_mem)
    MCU_API_get_voltage_temperature          0x080031fd   Thumb Code    34  mcu_api.o(i.MCU_API_get_voltage_temperature)
    MCU_API_malloc                           0x08003221   Thumb Code    18  mcu_api.o(i.MCU_API_malloc)
    MCU_API_report_test_result               0x08003239   Thumb Code    78  mcu_api.o(i.MCU_API_report_test_result)
    MCU_API_set_nv_mem                       0x080032bd   Thumb Code    34  mcu_api.o(i.MCU_API_set_nv_mem)
    MCU_API_timer_start                      0x080032e5   Thumb Code    36  mcu_api.o(i.MCU_API_timer_start)
    MCU_API_timer_start_carrier_sense        0x08003311   Thumb Code    30  mcu_api.o(i.MCU_API_timer_start_carrier_sense)
    MCU_API_timer_stop                       0x08003339   Thumb Code    12  mcu_api.o(i.MCU_API_timer_stop)
    MCU_API_timer_stop_carrier_sense         0x08003349   Thumb Code    12  mcu_api.o(i.MCU_API_timer_stop_carrier_sense)
    MCU_API_timer_wait_for_end               0x08003359   Thumb Code    12  mcu_api.o(i.MCU_API_timer_wait_for_end)
    MSP_GetIRQn                              0x08003365   Thumb Code    48  mlm32l0xx_hal_msp.o(i.MSP_GetIRQn)
    NMI_Handler                              0x08003395   Thumb Code     2  mlm32l0xx_it.o(i.NMI_Handler)
    OnTimerTimeoutCsEvt                      0x080033e9   Thumb Code     8  st_lowlevel.o(i.OnTimerTimeoutCsEvt)
    PendSV_Handler                           0x080033ff   Thumb Code     2  mlm32l0xx_it.o(i.PendSV_Handler)
    RCC_GetHCLKClockFreq                     0x08003415   Thumb Code    18  stm32l0xx_ll_rcc.o(i.RCC_GetHCLKClockFreq)
    RCC_GetPCLK1ClockFreq                    0x08003431   Thumb Code    16  stm32l0xx_ll_rcc.o(i.RCC_GetPCLK1ClockFreq)
    RCC_GetSystemClockFreq                   0x08003449   Thumb Code    52  stm32l0xx_ll_rcc.o(i.RCC_GetSystemClockFreq)
    RCC_PLL_GetFreqDomain_SYS                0x0800348d   Thumb Code    48  stm32l0xx_ll_rcc.o(i.RCC_PLL_GetFreqDomain_SYS)
    RETURN_CODE                              0x08003539   Thumb Code     8  sigfox_internal.o(i.RETURN_CODE)
    RF_API_change_frequency                  0x08003541   Thumb Code    10  rf_api.o(i.RF_API_change_frequency)
    RF_API_init                              0x0800354b   Thumb Code    56  rf_api.o(i.RF_API_init)
    RF_API_send                              0x08003583   Thumb Code    58  rf_api.o(i.RF_API_send)
    RF_API_stop                              0x080035bd   Thumb Code    10  rf_api.o(i.RF_API_stop)
    RF_API_wait_for_clear_channel            0x080035c9   Thumb Code   136  rf_api.o(i.RF_API_wait_for_clear_channel)
    RF_API_wait_frame                        0x08003655   Thumb Code    48  rf_api.o(i.RF_API_wait_frame)
    RNG_LPUART1_IRQHandler                   0x08003685   Thumb Code     8  mlm32l0xx_it.o(i.RNG_LPUART1_IRQHandler)
    RTC_Bcd2ToByte                           0x0800368d   Thumb Code    16  stm32l0xx_hal_rtc.o(i.RTC_Bcd2ToByte)
    RTC_ByteToBcd2                           0x0800369d   Thumb Code    22  stm32l0xx_hal_rtc.o(i.RTC_ByteToBcd2)
    RTC_EnterInitMode                        0x080036b3   Thumb Code    56  stm32l0xx_hal_rtc.o(i.RTC_EnterInitMode)
    RTC_IRQHandler                           0x080036eb   Thumb Code     8  mlm32l0xx_it.o(i.RTC_IRQHandler)
    RxChainCalibration                       0x080036f5   Thumb Code   138  sx1276.o(i.RxChainCalibration)
    SCH_ClrEvt                               0x08003789   Thumb Code    24  scheduler.o(i.SCH_ClrEvt)
    SCH_EvtIdle                              0x080037a5   Thumb Code     8  scheduler.o(i.SCH_EvtIdle)
    SCH_Idle                                 0x080037ad   Thumb Code    18  main.o(i.SCH_Idle)
    SCH_RegTask                              0x080037c1   Thumb Code    18  scheduler.o(i.SCH_RegTask)
    SCH_Run                                  0x080037d9   Thumb Code   110  scheduler.o(i.SCH_Run)
    SCH_SetEvt                               0x08003855   Thumb Code    24  scheduler.o(i.SCH_SetEvt)
    SCH_SetTask                              0x08003871   Thumb Code    24  scheduler.o(i.SCH_SetTask)
    SCH_WaitEvt                              0x0800388d   Thumb Code    36  scheduler.o(i.SCH_WaitEvt)
    SE_NVM_get                               0x080038b5   Thumb Code    22  se_nvm.o(i.SE_NVM_get)
    SE_NVM_get_key_type                      0x080038d1   Thumb Code     6  se_nvm.o(i.SE_NVM_get_key_type)
    SE_NVM_set                               0x080038dd   Thumb Code    34  se_nvm.o(i.SE_NVM_set)
    SGFX_SX1276_rx_config                    0x08003905   Thumb Code    48  sgfxsx1276modulation-lib.o(i.SGFX_SX1276_rx_config)
    SGFX_SX1276_rx_setbw                     0x08003939   Thumb Code    36  sgfxsx1276modulation-lib.o(i.SGFX_SX1276_rx_setbw)
    SGFX_SX1276_rx_start                     0x0800395d   Thumb Code    12  sgfxsx1276modulation-lib.o(i.SGFX_SX1276_rx_start)
    SGFX_SX1276_rx_stop                      0x08003969   Thumb Code    28  sgfxsx1276modulation-lib.o(i.SGFX_SX1276_rx_stop)
    SGFX_SX1276_stop                         0x08003985   Thumb Code    18  sgfxsx1276modulation-lib.o(i.SGFX_SX1276_stop)
    SGFX_SX1276_tx                           0x08003997   Thumb Code    48  sgfxsx1276modulation-lib.o(i.SGFX_SX1276_tx)
    SGFX_SX1276_tx_config                    0x080039c9   Thumb Code    96  sgfxsx1276modulation-lib.o(i.SGFX_SX1276_tx_config)
    SIGFOX_API_get_device_id                 0x08003a2d   Thumb Code     8  sigfox_api.o(i.SIGFOX_API_get_device_id)
    SIGFOX_API_get_initial_pac               0x08003a35   Thumb Code    50  sigfox_api.o(i.SIGFOX_API_get_initial_pac)
    SIGFOX_API_open                          0x08003a69   Thumb Code   322  sigfox_api.o(i.SIGFOX_API_open)
    SIGFOX_API_send_frame                    0x08003bd5   Thumb Code    66  sigfox_api.o(i.SIGFOX_API_send_frame)
    SIGFOX_API_set_std_config                0x08003c1d   Thumb Code   114  sigfox_api.o(i.SIGFOX_API_set_std_config)
    SIGFOX_INT_build_frame                   0x08003ca1   Thumb Code   324  sigfox_internal.o(i.SIGFOX_INT_build_frame)
    SIGFOX_INT_compute_carrier_sense_frequency 0x08003de5   Thumb Code    44  sigfox_internal.o(i.SIGFOX_INT_compute_carrier_sense_frequency)
    SIGFOX_INT_compute_channels              0x08003e11   Thumb Code   308  sigfox_internal.o(i.SIGFOX_INT_compute_channels)
    SIGFOX_INT_compute_uplink_frequency      0x08003f49   Thumb Code   118  sigfox_internal.o(i.SIGFOX_INT_compute_uplink_frequency)
    SIGFOX_INT_dc_lbt_channel_pn_max         0x08003fc9   Thumb Code    42  sigfox_internal.o(i.SIGFOX_INT_dc_lbt_channel_pn_max)
    SIGFOX_INT_dc_lbt_channel_pn_min         0x08003ff3   Thumb Code    26  sigfox_internal.o(i.SIGFOX_INT_dc_lbt_channel_pn_min)
    SIGFOX_INT_downlink_configuration        0x0800400d   Thumb Code    78  sigfox_internal.o(i.SIGFOX_INT_downlink_configuration)
    SIGFOX_INT_execute_carrier_sense         0x0800405b   Thumb Code    58  sigfox_internal.o(i.SIGFOX_INT_execute_carrier_sense)
    SIGFOX_INT_execute_communication_sequence 0x08004095   Thumb Code   332  sigfox_internal.o(i.SIGFOX_INT_execute_communication_sequence)
    SIGFOX_INT_get_device_id                 0x080041e9   Thumb Code    46  sigfox_internal.o(i.SIGFOX_INT_get_device_id)
    SIGFOX_INT_get_macro_channel_index       0x08004217   Thumb Code    98  sigfox_internal.o(i.SIGFOX_INT_get_macro_channel_index)
    SIGFOX_INT_get_max_micro_channel         0x08004279   Thumb Code    52  sigfox_internal.o(i.SIGFOX_INT_get_max_micro_channel)
    SIGFOX_INT_get_received_frames           0x080042ad   Thumb Code   240  sigfox_internal.o(i.SIGFOX_INT_get_received_frames)
    SIGFOX_INT_prepare_transmission          0x0800439d   Thumb Code   100  sigfox_internal.o(i.SIGFOX_INT_prepare_transmission)
    SIGFOX_INT_process_downlink              0x0800440d   Thumb Code    66  sigfox_internal.o(i.SIGFOX_INT_process_downlink)
    SIGFOX_INT_process_uplink                0x0800444f   Thumb Code   616  sigfox_internal.o(i.SIGFOX_INT_process_uplink)
    SIGFOX_INT_randomize                     0x080046b7   Thumb Code    20  sigfox_internal.o(i.SIGFOX_INT_randomize)
    SIGFOX_INT_send_single_frame             0x080046cb   Thumb Code   124  sigfox_internal.o(i.SIGFOX_INT_send_single_frame)
    SIGFOX_INT_store_nvm                     0x08004747   Thumb Code    38  sigfox_internal.o(i.SIGFOX_INT_store_nvm)
    SIGFOX_PN_next_pn                        0x0800476d   Thumb Code    72  sigfox_pn.o(i.SIGFOX_PN_next_pn)
    SIGFOX_SCRAMB_compute                    0x080047b9   Thumb Code   100  sigfox_scramb.o(i.SIGFOX_SCRAMB_compute)
    STLL_LowPower                            0x0800496b   Thumb Code    20  st_lowlevel.o(i.STLL_LowPower)
    STLL_RadioPowerGet                       0x080049a1   Thumb Code     8  st_lowlevel.o(i.STLL_RadioPowerGet)
    STLL_RadioPowerSetBoard                  0x080049ad   Thumb Code     8  st_lowlevel.o(i.STLL_RadioPowerSetBoard)
    STLL_Radio_DeInit                        0x080049b5   Thumb Code    30  st_lowlevel.o(i.STLL_Radio_DeInit)
    STLL_Radio_Init                          0x080049d3   Thumb Code    22  st_lowlevel.o(i.STLL_Radio_Init)
    STLL_Radio_IoDeInit                      0x080049e9   Thumb Code    72  st_lowlevel.o(i.STLL_Radio_IoDeInit)
    STLL_Radio_IoInit                        0x08004a39   Thumb Code    34  st_lowlevel.o(i.STLL_Radio_IoInit)
    STLL_Radio_ReadFifo                      0x08004a69   Thumb Code    12  st_lowlevel.o(i.STLL_Radio_ReadFifo)
    STLL_Radio_ReadReg                       0x08004a75   Thumb Code     8  st_lowlevel.o(i.STLL_Radio_ReadReg)
    STLL_Radio_SetFreq                       0x08004a7d   Thumb Code     8  st_lowlevel.o(i.STLL_Radio_SetFreq)
    STLL_Radio_SetOpMode                     0x08004a85   Thumb Code     8  st_lowlevel.o(i.STLL_Radio_SetOpMode)
    STLL_Radio_WriteReg                      0x08004a8d   Thumb Code     8  st_lowlevel.o(i.STLL_Radio_WriteReg)
    STLL_RxCarrierSenseGetRssi               0x08004a95   Thumb Code    22  st_lowlevel.o(i.STLL_RxCarrierSenseGetRssi)
    STLL_RxCarrierSenseGetStatus             0x08004ab1   Thumb Code     6  st_lowlevel.o(i.STLL_RxCarrierSenseGetStatus)
    STLL_RxCarrierSenseInitStatus            0x08004abd   Thumb Code     8  st_lowlevel.o(i.STLL_RxCarrierSenseInitStatus)
    STLL_SGFX_SX1276_GetSyncRssi             0x08004ac9   Thumb Code     8  st_lowlevel.o(i.STLL_SGFX_SX1276_GetSyncRssi)
    STLL_SetClockSource                      0x08004ad5   Thumb Code    18  st_lowlevel.o(i.STLL_SetClockSource)
    STLL_SetEndOfTxFrame                     0x08004ae7   Thumb Code    10  st_lowlevel.o(i.STLL_SetEndOfTxFrame)
    STLL_TIM2_SetPeriod                      0x08004af1   Thumb Code     8  st_lowlevel.o(i.STLL_TIM2_SetPeriod)
    STLL_TIM2_Start                          0x08004af9   Thumb Code     8  st_lowlevel.o(i.STLL_TIM2_Start)
    STLL_TIM2_Stop                           0x08004b01   Thumb Code     8  st_lowlevel.o(i.STLL_TIM2_Stop)
    STLL_TX_IRQHandler_CB                    0x08004b09   Thumb Code   134  sgfxsx1276modulation-lib.o(i.STLL_TX_IRQHandler_CB)
    STLL_Transmit_DMA_Start                  0x08004b99   Thumb Code     8  st_lowlevel.o(i.STLL_Transmit_DMA_Start)
    STLL_Transmit_DMA_Stop                   0x08004ba1   Thumb Code     8  st_lowlevel.o(i.STLL_Transmit_DMA_Stop)
    STLL_WaitEndOfRxFrame                    0x08004ba9   Thumb Code    24  st_lowlevel.o(i.STLL_WaitEndOfRxFrame)
    STLL_WaitEndOfTxFrame                    0x08004bc5   Thumb Code    12  st_lowlevel.o(i.STLL_WaitEndOfTxFrame)
    SVC_Handler                              0x08004bd1   Thumb Code     2  mlm32l0xx_it.o(i.SVC_Handler)
    SX1276BoardInit                          0x08004bd5   Thumb Code     6  sx1276.o(i.SX1276BoardInit)
    SX1276GetPaSelect                        0x08004be1   Thumb Code    12  mlm32l07x01.o(i.SX1276GetPaSelect)
    SX1276GetWakeUpTime                      0x08004bed   Thumb Code     4  mlm32l07x01.o(i.SX1276GetWakeUpTime)
    SX1276Init                               0x08004bf1   Thumb Code   122  sx1276.o(i.SX1276Init)
    SX1276IoDeInit                           0x08004c7d   Thumb Code    80  mlm32l07x01.o(i.SX1276IoDeInit)
    SX1276IoInit                             0x08004cd9   Thumb Code   106  mlm32l07x01.o(i.SX1276IoInit)
    SX1276IoIrqInit                          0x08004d55   Thumb Code    58  mlm32l07x01.o(i.SX1276IoIrqInit)
    SX1276OnDio0Irq                          0x08004d99   Thumb Code   594  sx1276.o(i.SX1276OnDio0Irq)
    SX1276OnDio1Irq                          0x08005015   Thumb Code   194  sx1276.o(i.SX1276OnDio1Irq)
    SX1276OnDio2Irq                          0x080050ed   Thumb Code   170  sx1276.o(i.SX1276OnDio2Irq)
    SX1276OnDio3Irq                          0x080051a5   Thumb Code    76  sx1276.o(i.SX1276OnDio3Irq)
    SX1276OnDio4Irq                          0x080051f9   Thumb Code    24  sx1276.o(i.SX1276OnDio4Irq)
    SX1276OnTimeoutIrq                       0x08005215   Thumb Code   188  sx1276.o(i.SX1276OnTimeoutIrq)
    SX1276Read                               0x080052dd   Thumb Code    16  sx1276.o(i.SX1276Read)
    SX1276ReadBuffer                         0x080052ed   Thumb Code    66  sx1276.o(i.SX1276ReadBuffer)
    SX1276ReadFifo                           0x0800532f   Thumb Code    14  sx1276.o(i.SX1276ReadFifo)
    SX1276Reset                              0x0800533d   Thumb Code    74  sx1276.o(i.SX1276Reset)
    SX1276SetAntSw                           0x0800538d   Thumb Code    60  mlm32l07x01.o(i.SX1276SetAntSw)
    SX1276SetAntSwLowPower                   0x080053d1   Thumb Code   110  mlm32l07x01.o(i.SX1276SetAntSwLowPower)
    SX1276SetChannel                         0x08005445   Thumb Code    72  sx1276.o(i.SX1276SetChannel)
    SX1276SetModem                           0x08005495   Thumb Code   106  sx1276.o(i.SX1276SetModem)
    SX1276SetOpMode                          0x08005505   Thumb Code    86  sx1276.o(i.SX1276SetOpMode)
    SX1276SetPublicNetwork                   0x08005561   Thumb Code    32  sx1276.o(i.SX1276SetPublicNetwork)
    SX1276SetRfTxPower                       0x08005585   Thumb Code   152  mlm32l07x01.o(i.SX1276SetRfTxPower)
    SX1276SetSleep                           0x0800561d   Thumb Code    32  sx1276.o(i.SX1276SetSleep)
    SX1276SetXO                              0x08005641   Thumb Code    40  mlm32l07x01.o(i.SX1276SetXO)
    SX1276Write                              0x08005669   Thumb Code    12  sx1276.o(i.SX1276Write)
    SX1276WriteBuffer                        0x08005675   Thumb Code    66  sx1276.o(i.SX1276WriteBuffer)
    SX1276WriteFifo                          0x080056b7   Thumb Code    14  sx1276.o(i.SX1276WriteFifo)
    SysTick_Handler                          0x080056c5   Thumb Code     8  mlm32l0xx_it.o(i.SysTick_Handler)
    SystemClock_Config                       0x080056cd   Thumb Code   130  mlm32l0xx_hw.o(i.SystemClock_Config)
    SystemInit                               0x08005759   Thumb Code    66  system_stm32l0xx.o(i.SystemInit)
    TX_Start                                 0x08005921   Thumb Code   144  sgfxsx1276modulation-lib.o(i.TX_Start)
    TimerInit                                0x08005af9   Thumb Code    14  timeserver.o(i.TimerInit)
    TimerIrqHandler                          0x08005b25   Thumb Code   116  timeserver.o(i.TimerIrqHandler)
    TimerSetValue                            0x08005bc9   Thumb Code    34  timeserver.o(i.TimerSetValue)
    TimerStart                               0x08005bed   Thumb Code   108  timeserver.o(i.TimerStart)
    TimerStop                                0x08005c5d   Thumb Code    90  timeserver.o(i.TimerStop)
    __ARM_common_switch8                     0x08005cbd   Thumb Code    26  hts221_driver_hl.o(i.__ARM_common_switch8)
    __scatterload_copy                       0x08005cd7   Thumb Code    14  handlers.o(i.__scatterload_copy)
    __scatterload_null                       0x08005ce5   Thumb Code     2  handlers.o(i.__scatterload_null)
    __scatterload_zeroinit                   0x08005ce7   Thumb Code    14  handlers.o(i.__scatterload_zeroinit)
    main                                     0x08005df9   Thumb Code   250  main.o(i.main)
    tiny_vsnprintf_like                      0x08006091   Thumb Code   338  tiny_vsnprintf.o(i.tiny_vsnprintf_like)
    vcom_Dma_IRQHandler                      0x080061ed   Thumb Code    90  vcom.o(i.vcom_Dma_IRQHandler)
    vcom_IRQHandler                          0x08006259   Thumb Code   196  vcom.o(i.vcom_IRQHandler)
    vcom_Init                                0x08006325   Thumb Code   120  vcom.o(i.vcom_Init)
    vcom_IoInit                              0x080063a5   Thumb Code    50  vcom.o(i.vcom_IoInit)
    vcom_Send                                0x0800641d   Thumb Code   244  vcom.o(i.vcom_Send)
    RadioRegsInit                            0x080065ac   Data          48  sx1276.o(.constdata)
    FskBandwidths                            0x080065dc   Data         176  sx1276.o(.constdata)
    BUTTON_IRQn                              0x0800668c   Data           1  b-l072z-lrwan1.o(.constdata)
    BUTTON_PIN                               0x0800668e   Data           2  b-l072z-lrwan1.o(.constdata)
    LED_PIN                                  0x08006690   Data           8  b-l072z-lrwan1.o(.constdata)
    AHBPrescTable                            0x08006698   Data          16  system_stm32l0xx.o(.constdata)
    PLLMulTable                              0x080066a8   Data           9  system_stm32l0xx.o(.constdata)
    APBPrescTable                            0x080066b1   Data           8  system_stm32l0xx.o(.constdata)
    fsync_lut_tx                             0x080067f0   Data          36  sigfox_internal.o(.constdata)
    Region$$Table$$Base                      0x08006874   Number         0  anon$$obj.o(Region$$Table)
    Region$$Table$$Limit                     0x080068a4   Number         0  anon$$obj.o(Region$$Table)
    encrypted_sigfox_data                    0x08017000   Data          48  sigfox_data.o(.constdata)
    CREDENTIALS_aes_128_cbc_encrypt          0x08018001   Thumb Code    72  sgfx_credentials_lib.o(i.CREDENTIALS_aes_128_cbc_encrypt)
    CREDENTIALS_aes_128_cbc_encrypt_with_session_key 0x08018049   Thumb Code    52  sgfx_credentials_lib.o(i.CREDENTIALS_aes_128_cbc_encrypt_with_session_key)
    CREDENTIALS_get_dev_id                   0x08018165   Thumb Code    30  sgfx_credentials_lib.o(i.CREDENTIALS_get_dev_id)
    CREDENTIALS_get_initial_pac              0x08018189   Thumb Code    30  sgfx_credentials_lib.o(i.CREDENTIALS_get_initial_pac)
    CREDENTIALS_get_payload_encryption_flag  0x080181f1   Thumb Code     6  sgfx_credentials_lib.o(i.CREDENTIALS_get_payload_encryption_flag)
    CREDENTIALS_wrap_session_key             0x08018271   Thumb Code    66  sgfx_credentials_lib.o(i.CREDENTIALS_wrap_session_key)
    SE_API_close                             0x080182b9   Thumb Code     4  sgfx_cmac_lib.o(i.SE_API_close)
    SE_API_get_device_id                     0x080182bd   Thumb Code    10  sgfx_cmac_lib.o(i.SE_API_get_device_id)
    SE_API_get_initial_pac                   0x080182c7   Thumb Code    10  sgfx_cmac_lib.o(i.SE_API_get_initial_pac)
    SE_API_open                              0x080182d1   Thumb Code     4  sgfx_cmac_lib.o(i.SE_API_open)
    SE_API_secure_uplink_message             0x080182d5   Thumb Code   496  sgfx_cmac_lib.o(i.SE_API_secure_uplink_message)
    SE_API_verify_downlink_message           0x080184c9   Thumb Code   292  sgfx_cmac_lib.o(i.SE_API_verify_downlink_message)
    pow_alpha                                0x0801909a   Data          16  sgfx_cmac_lib.o(.constdata)
    log_alpha                                0x080190aa   Data          16  sgfx_cmac_lib.o(.constdata)
    E2pData                                  0x08080004   Data          88  hw_eeprom.o(eeprom_sect)
    DioIrq                                   0x20000008   Data          24  sx1276.o(.data)
    BUTTON_PORT                              0x20000020   Data           4  b-l072z-lrwan1.o(.data)
    LED_PORT                                 0x20000024   Data          16  b-l072z-lrwan1.o(.data)
    SystemCoreClock                          0x2000004c   Data           4  system_stm32l0xx.o(.data)
    uwTick                                   0x20000050   Data           4  stm32l0xx_hal.o(.data)
    nextbit                                  0x20000094   Data           4  sgfxsx1276modulation-lib.o(.data)
    modulationLibVersion                     0x20000098   Data          23  sgfxsx1276modulation-lib.o(.data)
    g_state                                  0x200000b0   Data           1  sigfox_api.o(.data)
    rs                                       0x200000b4   Data           4  sigfox_api.o(.data)
    SX1276                                   0x200001cc   Data         104  sx1276.o(.bss)
    TxTimeoutTimer                           0x20000234   Data          20  sx1276.o(.bss)
    RxTimeoutTimer                           0x20000248   Data          20  sx1276.o(.bss)
    RxTimeoutSyncWord                        0x2000025c   Data          20  sx1276.o(.bss)
    __initial_sp                             0x200016c8   Data           0  startup_stm32l072xx.o(STACK)



==============================================================================

Memory Map of the image

  Image Entry point : 0x080000c1

  Load Region LR_IROM1 (Base: 0x08000000, Size: 0x00006970, Max: 0x00017000, ABSOLUTE)

    Execution Region ER_IROM1 (Exec base: 0x08000000, Load base: 0x08000000, Size: 0x000068a4, Max: 0x00017000, ABSOLUTE)

    Exec Addr    Load Addr    Size         Type   Attr      Idx    E Section Name        Object

    0x08000000   0x08000000   0x000000c0   Data   RO         6506    RESET               startup_stm32l072xx.o
    0x080000c0   0x080000c0   0x00000000   Code   RO         8405  * .ARM.Collect$$$$00000000  mc_p.l(entry.o)
    0x080000c0   0x080000c0   0x00000004   Code   RO         8717    .ARM.Collect$$$$00000001  mc_p.l(entry2.o)
    0x080000c4   0x080000c4   0x00000004   Code   RO         8720    .ARM.Collect$$$$00000004  mc_p.l(entry5.o)
    0x080000c8   0x080000c8   0x00000000   Code   RO         8722    .ARM.Collect$$$$00000008  mc_p.l(entry7b.o)
    0x080000c8   0x080000c8   0x00000000   Code   RO         8724    .ARM.Collect$$$$0000000A  mc_p.l(entry8b.o)
    0x080000c8   0x080000c8   0x00000008   Code   RO         8725    .ARM.Collect$$$$0000000B  mc_p.l(entry9a.o)
    0x080000d0   0x080000d0   0x00000000   Code   RO         8727    .ARM.Collect$$$$0000000D  mc_p.l(entry10a.o)
    0x080000d0   0x080000d0   0x00000000   Code   RO         8729    .ARM.Collect$$$$0000000F  mc_p.l(entry11a.o)
    0x080000d0   0x080000d0   0x00000004   Code   RO         8718    .ARM.Collect$$$$00002712  mc_p.l(entry2.o)
    0x080000d4   0x080000d4   0x0000001c   Code   RO         6507    .text               startup_stm32l072xx.o
    0x080000f0   0x080000f0   0x0000002c   Code   RO         8408    .text               mc_p.l(uidiv.o)
    0x0800011c   0x0800011c   0x00000028   Code   RO         8410    .text               mc_p.l(idiv.o)
    0x08000144   0x08000144   0x00000060   Code   RO         8412    .text               mc_p.l(uldiv.o)
    0x080001a4   0x080001a4   0x00000024   Code   RO         8416    .text               mc_p.l(memcpya.o)
    0x080001c8   0x080001c8   0x00000024   Code   RO         8418    .text               mc_p.l(memseta.o)
    0x080001ec   0x080001ec   0x0000000e   Code   RO         8420    .text               mc_p.l(strlen.o)
    0x080001fa   0x080001fa   0x00000014   Code   RO         8685    .text               mc_p.l(uread4.o)
    0x0800020e   0x0800020e   0x00000020   Code   RO         8734    .text               mc_p.l(llshl.o)
    0x0800022e   0x0800022e   0x00000022   Code   RO         8736    .text               mc_p.l(llushr.o)
    0x08000250   0x08000250   0x00000024   Code   RO         8753    .text               mc_p.l(init.o)
    0x08000274   0x08000274   0x00000024   Code   RO         3518    i.ADC_DelayMicroSecond  stm32l0xx_hal_adc.o
    0x08000298   0x08000298   0x00000064   Code   RO         3520    i.ADC_Enable        stm32l0xx_hal_adc.o
    0x080002fc   0x080002fc   0x00000064   Code   RO         2750    i.BSP_LED_Init      b-l072z-lrwan1.o
    0x08000360   0x08000360   0x00000020   Code   RO         2751    i.BSP_LED_Off       b-l072z-lrwan1.o
    0x08000380   0x08000380   0x00000020   Code   RO         2752    i.BSP_LED_On        b-l072z-lrwan1.o
    0x080003a0   0x080003a0   0x00000002   Code   RO         7424    i.BSP_sensor_Init   bsp.o
    0x080003a2   0x080003a2   0x00000002   PAD
    0x080003a4   0x080003a4   0x00000060   Code   RO         6513    i.DBG_Init          debug.o
    0x08000404   0x08000404   0x0000000c   Code   RO         7171    i.DMA1_Channel2_3_IRQHandler  mlm32l0xx_it.o
    0x08000410   0x08000410   0x00000008   Code   RO         7172    i.DMA1_Channel4_5_6_7_IRQHandler  mlm32l0xx_it.o
    0x08000418   0x08000418   0x0000001e   Code   RO         4249    i.DMA_SetConfig     stm32l0xx_hal_dma.o
    0x08000436   0x08000436   0x00000002   PAD
    0x08000438   0x08000438   0x00000034   Code   RO         7450    i.Delay_Lp          mcu_api.o
    0x0800046c   0x0800046c   0x00000010   Code   RO         7174    i.EXTI0_1_IRQHandler  mlm32l0xx_it.o
    0x0800047c   0x0800047c   0x00000010   Code   RO         7175    i.EXTI2_3_IRQHandler  mlm32l0xx_it.o
    0x0800048c   0x0800048c   0x0000005c   Code   RO         7176    i.EXTI4_15_IRQHandler  mlm32l0xx_it.o
    0x080004e8   0x080004e8   0x00000002   Code   RO         6514    i.Error_Handler     debug.o
    0x080004ea   0x080004ea   0x000000aa   Code   RO         5508    i.HAL_ADCEx_Calibration_Start  stm32l0xx_hal_adc_ex.o
    0x08000594   0x08000594   0x00000094   Code   RO         3522    i.HAL_ADC_ConfigChannel  stm32l0xx_hal_adc.o
    0x08000628   0x08000628   0x00000006   Code   RO         3529    i.HAL_ADC_GetValue  stm32l0xx_hal_adc.o
    0x0800062e   0x0800062e   0x00000002   PAD
    0x08000630   0x08000630   0x000001c4   Code   RO         3531    i.HAL_ADC_Init      stm32l0xx_hal_adc.o
    0x080007f4   0x080007f4   0x00000002   Code   RO         3534    i.HAL_ADC_MspInit   stm32l0xx_hal_adc.o
    0x080007f6   0x080007f6   0x000000be   Code   RO         3535    i.HAL_ADC_PollForConversion  stm32l0xx_hal_adc.o
    0x080008b4   0x080008b4   0x0000005c   Code   RO         3537    i.HAL_ADC_Start     stm32l0xx_hal_adc.o
    0x08000910   0x08000910   0x00000010   Code   RO         3922    i.HAL_DBGMCU_DisableDBGSleepMode  stm32l0xx_hal.o
    0x08000920   0x08000920   0x00000010   Code   RO         3923    i.HAL_DBGMCU_DisableDBGStandbyMode  stm32l0xx_hal.o
    0x08000930   0x08000930   0x00000010   Code   RO         3924    i.HAL_DBGMCU_DisableDBGStopMode  stm32l0xx_hal.o
    0x08000940   0x08000940   0x0000004c   Code   RO         4250    i.HAL_DMA_Abort     stm32l0xx_hal_dma.o
    0x0800098c   0x0800098c   0x00000108   Code   RO         4256    i.HAL_DMA_Init      stm32l0xx_hal_dma.o
    0x08000a94   0x08000a94   0x0000004e   Code   RO         4259    i.HAL_DMA_Start_IT  stm32l0xx_hal_dma.o
    0x08000ae2   0x08000ae2   0x0000000a   Code   RO         6979    i.HAL_Delay         mlm32l0xx_hal_msp.o
    0x08000aec   0x08000aec   0x00000010   Code   RO         6147    i.HAL_FLASHEx_DATAEEPROM_EnableFixedTimeProgram  stm32l0xx_hal_flash_ex.o
    0x08000afc   0x08000afc   0x00000014   Code   RO         6149    i.HAL_FLASHEx_DATAEEPROM_Lock  stm32l0xx_hal_flash_ex.o
    0x08000b10   0x08000b10   0x00000024   Code   RO         6151    i.HAL_FLASHEx_DATAEEPROM_Unlock  stm32l0xx_hal_flash_ex.o
    0x08000b34   0x08000b34   0x00000008   Code   RO         6980    i.HAL_GPIO_EXTI_Callback  mlm32l0xx_hal_msp.o
    0x08000b3c   0x08000b3c   0x00000018   Code   RO         4189    i.HAL_GPIO_EXTI_IRQHandler  stm32l0xx_hal_gpio.o
    0x08000b54   0x08000b54   0x00000184   Code   RO         4190    i.HAL_GPIO_Init     stm32l0xx_hal_gpio.o
    0x08000cd8   0x08000cd8   0x0000000c   Code   RO         4194    i.HAL_GPIO_WritePin  stm32l0xx_hal_gpio.o
    0x08000ce4   0x08000ce4   0x0000000c   Code   RO         3933    i.HAL_GetTick       stm32l0xx_hal.o
    0x08000cf0   0x08000cf0   0x00000010   Code   RO         3934    i.HAL_IncTick       stm32l0xx_hal.o
    0x08000d00   0x08000d00   0x00000020   Code   RO         3935    i.HAL_Init          stm32l0xx_hal.o
    0x08000d20   0x08000d20   0x00000004   Code   RO         6981    i.HAL_InitTick      mlm32l0xx_hal_msp.o
    0x08000d24   0x08000d24   0x00000030   Code   RO         6982    i.HAL_MspInit       mlm32l0xx_hal_msp.o
    0x08000d54   0x08000d54   0x00000014   Code   RO         4090    i.HAL_NVIC_EnableIRQ  stm32l0xx_hal_cortex.o
    0x08000d68   0x08000d68   0x0000001c   Code   RO         4091    i.HAL_NVIC_GetPendingIRQ  stm32l0xx_hal_cortex.o
    0x08000d84   0x08000d84   0x00000008   Code   RO         4094    i.HAL_NVIC_SetPriority  stm32l0xx_hal_cortex.o
    0x08000d8c   0x08000d8c   0x00000010   Code   RO         4447    i.HAL_PWREx_EnableFastWakeUp  stm32l0xx_hal_pwr_ex.o
    0x08000d9c   0x08000d9c   0x00000010   Code   RO         4449    i.HAL_PWREx_EnableUltraLowPower  stm32l0xx_hal_pwr_ex.o
    0x08000dac   0x08000dac   0x00000010   Code   RO         4331    i.HAL_PWR_DisablePVD  stm32l0xx_hal_pwr.o
    0x08000dbc   0x08000dbc   0x00000030   Code   RO         4340    i.HAL_PWR_EnterSLEEPMode  stm32l0xx_hal_pwr.o
    0x08000dec   0x08000dec   0x00000020   Code   RO         4341    i.HAL_PWR_EnterSTANDBYMode  stm32l0xx_hal_pwr.o
    0x08000e0c   0x08000e0c   0x00000034   Code   RO         4342    i.HAL_PWR_EnterSTOPMode  stm32l0xx_hal_pwr.o
    0x08000e40   0x08000e40   0x0000018c   Code   RO         3810    i.HAL_RCCEx_PeriphCLKConfig  stm32l0xx_hal_rcc_ex.o
    0x08000fcc   0x08000fcc   0x00000168   Code   RO         3696    i.HAL_RCC_ClockConfig  stm32l0xx_hal_rcc.o
    0x08001134   0x08001134   0x00000078   Code   RO         3704    i.HAL_RCC_GetSysClockFreq  stm32l0xx_hal_rcc.o
    0x080011ac   0x080011ac   0x0000045c   Code   RO         3707    i.HAL_RCC_OscConfig  stm32l0xx_hal_rcc.o
    0x08001608   0x08001608   0x0000003c   Code   RO         4642    i.HAL_RTCEx_EnableBypassShadow  stm32l0xx_hal_rtc_ex.o
    0x08001644   0x08001644   0x00000008   Code   RO         6983    i.HAL_RTC_AlarmAEventCallback  mlm32l0xx_hal_msp.o
    0x0800164c   0x0800164c   0x000000d4   Code   RO         4502    i.HAL_RTC_DeInit    stm32l0xx_hal_rtc.o
    0x08001720   0x08001720   0x000000b8   Code   RO         4503    i.HAL_RTC_DeactivateAlarm  stm32l0xx_hal_rtc.o
    0x080017d8   0x080017d8   0x00000044   Code   RO         4505    i.HAL_RTC_GetDate   stm32l0xx_hal_rtc.o
    0x0800181c   0x0800181c   0x0000005c   Code   RO         4507    i.HAL_RTC_GetTime   stm32l0xx_hal_rtc.o
    0x08001878   0x08001878   0x000000a4   Code   RO         4508    i.HAL_RTC_Init      stm32l0xx_hal_rtc.o
    0x0800191c   0x0800191c   0x00000014   Code   RO         6984    i.HAL_RTC_MspDeInit  mlm32l0xx_hal_msp.o
    0x08001930   0x08001930   0x0000005c   Code   RO         6985    i.HAL_RTC_MspInit   mlm32l0xx_hal_msp.o
    0x0800198c   0x0800198c   0x000001a0   Code   RO         4513    i.HAL_RTC_SetAlarm_IT  stm32l0xx_hal_rtc.o
    0x08001b2c   0x08001b2c   0x000000cc   Code   RO         4514    i.HAL_RTC_SetDate   stm32l0xx_hal_rtc.o
    0x08001bf8   0x08001bf8   0x000000f0   Code   RO         4515    i.HAL_RTC_SetTime   stm32l0xx_hal_rtc.o
    0x08001ce8   0x08001ce8   0x00000034   Code   RO         4516    i.HAL_RTC_WaitForSynchro  stm32l0xx_hal_rtc.o
    0x08001d1c   0x08001d1c   0x00000036   Code   RO         2939    i.HAL_SPI_DMAStop   stm32l0xx_hal_spi.o
    0x08001d52   0x08001d52   0x00000002   Code   RO         2941    i.HAL_SPI_ErrorCallback  stm32l0xx_hal_spi.o
    0x08001d54   0x08001d54   0x00000084   Code   RO         2945    i.HAL_SPI_Init      stm32l0xx_hal_spi.o
    0x08001dd8   0x08001dd8   0x00000080   Code   RO         6986    i.HAL_SPI_MspInit   mlm32l0xx_hal_msp.o
    0x08001e58   0x08001e58   0x000002b8   Code   RO         2954    i.HAL_SPI_TransmitReceive  stm32l0xx_hal_spi.o
    0x08002110   0x08002110   0x000000d0   Code   RO         2957    i.HAL_SPI_Transmit_DMA  stm32l0xx_hal_spi.o
    0x080021e0   0x080021e0   0x00000002   Code   RO         2959    i.HAL_SPI_TxCpltCallback  stm32l0xx_hal_spi.o
    0x080021e2   0x080021e2   0x00000002   Code   RO         2960    i.HAL_SPI_TxHalfCpltCallback  stm32l0xx_hal_spi.o
    0x080021e4   0x080021e4   0x00000050   Code   RO         4902    i.HAL_TIM_OC_ConfigChannel  stm32l0xx_hal_tim.o
    0x08002234   0x08002234   0x00000034   Code   RO         4906    i.HAL_TIM_OC_Init   stm32l0xx_hal_tim.o
    0x08002268   0x08002268   0x00000010   Code   RO         6987    i.HAL_TIM_OC_MspInit  mlm32l0xx_hal_msp.o
    0x08002278   0x08002278   0x0000001a   Code   RO         4909    i.HAL_TIM_OC_Start  stm32l0xx_hal_tim.o
    0x08002292   0x08002292   0x00000002   PAD
    0x08002294   0x08002294   0x00000028   Code   RO         4912    i.HAL_TIM_OC_Stop   stm32l0xx_hal_tim.o
    0x080022bc   0x080022bc   0x0000005c   Code   RO         7055    i.HW_AdcInit        mlm32l0xx_hw.o
    0x08002318   0x08002318   0x00000094   Code   RO         7056    i.HW_AdcReadChannel  mlm32l0xx_hw.o
    0x080023ac   0x080023ac   0x00000030   Code   RO         7379    i.HW_EEPROM_Init    hw_eeprom.o
    0x080023dc   0x080023dc   0x00000008   Code   RO         7380    i.HW_EEPROM_Lock    hw_eeprom.o
    0x080023e4   0x080023e4   0x0000000c   Code   RO         7382    i.HW_EEPROM_Unlock  hw_eeprom.o
    0x080023f0   0x080023f0   0x00000038   Code   RO         6539    i.HW_GPIO_GetBitPos  hw_gpio.o
    0x08002428   0x08002428   0x00000054   Code   RO         6540    i.HW_GPIO_Init      hw_gpio.o
    0x0800247c   0x0800247c   0x00000018   Code   RO         6541    i.HW_GPIO_IrqHandler  hw_gpio.o
    0x08002494   0x08002494   0x0000003c   Code   RO         6543    i.HW_GPIO_SetIrq    hw_gpio.o
    0x080024d0   0x080024d0   0x0000000a   Code   RO         6544    i.HW_GPIO_Write     hw_gpio.o
    0x080024da   0x080024da   0x00000002   PAD
    0x080024dc   0x080024dc   0x00000028   Code   RO         7058    i.HW_GetBatteryLevel  mlm32l0xx_hw.o
    0x08002504   0x08002504   0x00000058   Code   RO         7059    i.HW_GetTemperatureLevel  mlm32l0xx_hw.o
    0x0800255c   0x0800255c   0x000000b0   Code   RO         7060    i.HW_GpioInit       mlm32l0xx_hw.o
    0x0800260c   0x0800260c   0x0000004c   Code   RO         7061    i.HW_Init           mlm32l0xx_hw.o
    0x08002658   0x08002658   0x000000a8   Code   RO         7062    i.HW_IoDeInitAll    mlm32l0xx_hw.o
    0x08002700   0x08002700   0x00000018   Code   RO         6593    i.HW_RTC_DeInit     hw_rtc.o
    0x08002718   0x08002718   0x00000026   Code   RO         6594    i.HW_RTC_DelayMs    hw_rtc.o
    0x0800273e   0x0800273e   0x00000002   PAD
    0x08002740   0x08002740   0x000000a4   Code   RO         6595    i.HW_RTC_GetCalendarValue  hw_rtc.o
    0x080027e4   0x080027e4   0x00000004   Code   RO         6596    i.HW_RTC_GetMinimumTimeout  hw_rtc.o
    0x080027e8   0x080027e8   0x0000000c   Code   RO         6597    i.HW_RTC_GetTimerContext  hw_rtc.o
    0x080027f4   0x080027f4   0x0000001c   Code   RO         6598    i.HW_RTC_GetTimerElapsedTime  hw_rtc.o
    0x08002810   0x08002810   0x00000010   Code   RO         6599    i.HW_RTC_GetTimerValue  hw_rtc.o
    0x08002820   0x08002820   0x0000002c   Code   RO         6600    i.HW_RTC_Init       hw_rtc.o
    0x0800284c   0x0800284c   0x00000040   Code   RO         6601    i.HW_RTC_IrqHandler  hw_rtc.o
    0x0800288c   0x0800288c   0x00000022   Code   RO         6602    i.HW_RTC_SetAlarm   hw_rtc.o
    0x080028ae   0x080028ae   0x00000002   PAD
    0x080028b0   0x080028b0   0x00000060   Code   RO         6603    i.HW_RTC_SetConfig  hw_rtc.o
    0x08002910   0x08002910   0x00000018   Code   RO         6604    i.HW_RTC_SetTimerContext  hw_rtc.o
    0x08002928   0x08002928   0x00000118   Code   RO         6605    i.HW_RTC_StartWakeUpAlarm  hw_rtc.o
    0x08002a40   0x08002a40   0x0000002c   Code   RO         6606    i.HW_RTC_StopAlarm  hw_rtc.o
    0x08002a6c   0x08002a6c   0x00000010   Code   RO         6608    i.HW_RTC_ms2Tick    hw_rtc.o
    0x08002a7c   0x08002a7c   0x000000b0   Code   RO         6709    i.HW_SPI_ClearIRQ   hw_spi.o
    0x08002b2c   0x08002b2c   0x00000020   Code   RO         6711    i.HW_SPI_InOut      hw_spi.o
    0x08002b4c   0x08002b4c   0x00000060   Code   RO         6712    i.HW_SPI_Init       hw_spi.o
    0x08002bac   0x08002bac   0x00000060   Code   RO         6714    i.HW_SPI_IoInit     hw_spi.o
    0x08002c0c   0x08002c0c   0x00000060   Code   RO         6715    i.HW_SPI_IoNssHwInit  hw_spi.o
    0x08002c6c   0x08002c6c   0x00000054   Code   RO         6716    i.HW_SPI_IoNssSwInit  hw_spi.o
    0x08002cc0   0x08002cc0   0x0000001c   Code   RO         6717    i.HW_SPI_Transmit_DMA_Start  hw_spi.o
    0x08002cdc   0x08002cdc   0x00000028   Code   RO         6718    i.HW_SPI_Transmit_DMA_Stop  hw_spi.o
    0x08002d04   0x08002d04   0x0000002c   Code   RO         7063    i.HW_SetHSEasSysClock  mlm32l0xx_hw.o
    0x08002d30   0x08002d30   0x00000054   Code   RO         7064    i.HW_SetHSIasSysClock  mlm32l0xx_hw.o
    0x08002d84   0x08002d84   0x00000058   Code   RO         7287    i.HW_TIM2_Init      hw_tim2.o
    0x08002ddc   0x08002ddc   0x00000024   Code   RO         7288    i.HW_TIM2_SetPeriod  hw_tim2.o
    0x08002e00   0x08002e00   0x00000020   Code   RO         7289    i.HW_TIM2_Start     hw_tim2.o
    0x08002e20   0x08002e20   0x00000038   Code   RO         7290    i.HW_TIM2_Stop      hw_tim2.o
    0x08002e58   0x08002e58   0x00000004   Code   RO         7177    i.HardFault_Handler  mlm32l0xx_it.o
    0x08002e5c   0x08002e5c   0x00000068   Code   RO         6400    i.LL_DMA_Init       stm32l0xx_ll_dma.o
    0x08002ec4   0x08002ec4   0x00000018   Code   RO         6401    i.LL_DMA_SetPeriphRequest  stm32l0xx_ll_dma.o
    0x08002edc   0x08002edc   0x00000014   Code   RO         6719    i.LL_GPIO_SetPinMode  hw_spi.o
    0x08002ef0   0x08002ef0   0x00000014   Code   RO         6720    i.LL_GPIO_SetPinPull  hw_spi.o
    0x08002f04   0x08002f04   0x00000014   Code   RO         6721    i.LL_GPIO_SetPinSpeed  hw_spi.o
    0x08002f18   0x08002f18   0x00000070   Code   RO         6252    i.LL_LPUART_Init    stm32l0xx_ll_lpuart.o
    0x08002f88   0x08002f88   0x00000054   Code   RO         6296    i.LL_RCC_GetLPUARTClockFreq  stm32l0xx_ll_rcc.o
    0x08002fdc   0x08002fdc   0x00000010   Code   RO         6301    i.LL_RCC_HSI_IsReady  stm32l0xx_ll_rcc.o
    0x08002fec   0x08002fec   0x00000010   Code   RO         6302    i.LL_RCC_LSE_IsReady  stm32l0xx_ll_rcc.o
    0x08002ffc   0x08002ffc   0x00000034   Code   RO         8072    i.LPM_EnterLowPower  low_power_manager.o
    0x08003030   0x08003030   0x00000030   Code   RO         7065    i.LPM_EnterOffMode  mlm32l0xx_hw.o
    0x08003060   0x08003060   0x0000000c   Code   RO         7066    i.LPM_EnterSleepMode  mlm32l0xx_hw.o
    0x0800306c   0x0800306c   0x00000070   Code   RO         7067    i.LPM_EnterStopMode  mlm32l0xx_hw.o
    0x080030dc   0x080030dc   0x00000002   Code   RO         8076    i.LPM_ExitOffMode   low_power_manager.o
    0x080030de   0x080030de   0x00000002   Code   RO         8077    i.LPM_ExitSleepMode  low_power_manager.o
    0x080030e0   0x080030e0   0x0000004c   Code   RO         7068    i.LPM_ExitStopMode  mlm32l0xx_hw.o
    0x0800312c   0x0800312c   0x00000028   Code   RO         8080    i.LPM_SetOffMode    low_power_manager.o
    0x08003154   0x08003154   0x00000028   Code   RO         8081    i.LPM_SetStopMode   low_power_manager.o
    0x0800317c   0x0800317c   0x00000060   Code   RO         7451    i.MCU_API_delay     mcu_api.o
    0x080031dc   0x080031dc   0x00000004   Code   RO         7452    i.MCU_API_free      mcu_api.o
    0x080031e0   0x080031e0   0x0000001c   Code   RO         7453    i.MCU_API_get_nv_mem  mcu_api.o
    0x080031fc   0x080031fc   0x00000022   Code   RO         7455    i.MCU_API_get_voltage_temperature  mcu_api.o
    0x0800321e   0x0800321e   0x00000002   PAD
    0x08003220   0x08003220   0x00000018   Code   RO         7456    i.MCU_API_malloc    mcu_api.o
    0x08003238   0x08003238   0x00000084   Code   RO         7457    i.MCU_API_report_test_result  mcu_api.o
    0x080032bc   0x080032bc   0x00000028   Code   RO         7458    i.MCU_API_set_nv_mem  mcu_api.o
    0x080032e4   0x080032e4   0x0000002c   Code   RO         7459    i.MCU_API_timer_start  mcu_api.o
    0x08003310   0x08003310   0x00000028   Code   RO         7460    i.MCU_API_timer_start_carrier_sense  mcu_api.o
    0x08003338   0x08003338   0x00000010   Code   RO         7461    i.MCU_API_timer_stop  mcu_api.o
    0x08003348   0x08003348   0x00000010   Code   RO         7462    i.MCU_API_timer_stop_carrier_sense  mcu_api.o
    0x08003358   0x08003358   0x0000000c   Code   RO         7463    i.MCU_API_timer_wait_for_end  mcu_api.o
    0x08003364   0x08003364   0x00000030   Code   RO         6988    i.MSP_GetIRQn       mlm32l0xx_hal_msp.o
    0x08003394   0x08003394   0x00000002   Code   RO         7179    i.NMI_Handler       mlm32l0xx_it.o
    0x08003396   0x08003396   0x00000002   PAD
    0x08003398   0x08003398   0x00000044   Code   RO         4100    i.NVIC_SetPriority  stm32l0xx_hal_cortex.o
    0x080033dc   0x080033dc   0x0000000a   Code   RO         7464    i.OnTimerDelayEvt   mcu_api.o
    0x080033e6   0x080033e6   0x00000002   PAD
    0x080033e8   0x080033e8   0x0000000c   Code   RO         7639    i.OnTimerTimeoutCsEvt  st_lowlevel.o
    0x080033f4   0x080033f4   0x0000000a   Code   RO         7465    i.OnTimerTimeoutEvt  mcu_api.o
    0x080033fe   0x080033fe   0x00000002   Code   RO         7180    i.PendSV_Handler    mlm32l0xx_it.o
    0x08003400   0x08003400   0x00000014   Code   RO         7640    i.RADIO_rx_packet_interrupt_handler  st_lowlevel.o
    0x08003414   0x08003414   0x0000001c   Code   RO         6303    i.RCC_GetHCLKClockFreq  stm32l0xx_ll_rcc.o
    0x08003430   0x08003430   0x00000018   Code   RO         6304    i.RCC_GetPCLK1ClockFreq  stm32l0xx_ll_rcc.o
    0x08003448   0x08003448   0x00000044   Code   RO         6306    i.RCC_GetSystemClockFreq  stm32l0xx_ll_rcc.o
    0x0800348c   0x0800348c   0x0000003c   Code   RO         6307    i.RCC_PLL_GetFreqDomain_SYS  stm32l0xx_ll_rcc.o
    0x080034c8   0x080034c8   0x00000070   Code   RO         3708    i.RCC_SetFlashLatencyFromMSIRange  stm32l0xx_hal_rcc.o
    0x08003538   0x08003538   0x00000008   Code   RO         8273    i.RETURN_CODE       SgfxCoreV231_CM0_Keil.lib(sigfox_internal.o)
    0x08003540   0x08003540   0x0000000a   Code   RO         7566    i.RF_API_change_frequency  rf_api.o
    0x0800354a   0x0800354a   0x00000038   Code   RO         7568    i.RF_API_init       rf_api.o
    0x08003582   0x08003582   0x0000003a   Code   RO         7569    i.RF_API_send       rf_api.o
    0x080035bc   0x080035bc   0x0000000a   Code   RO         7571    i.RF_API_stop       rf_api.o
    0x080035c6   0x080035c6   0x00000002   PAD
    0x080035c8   0x080035c8   0x0000008c   Code   RO         7573    i.RF_API_wait_for_clear_channel  rf_api.o
    0x08003654   0x08003654   0x00000030   Code   RO         7574    i.RF_API_wait_frame  rf_api.o
    0x08003684   0x08003684   0x00000008   Code   RO         7181    i.RNG_LPUART1_IRQHandler  mlm32l0xx_it.o
    0x0800368c   0x0800368c   0x00000010   Code   RO         4517    i.RTC_Bcd2ToByte    stm32l0xx_hal_rtc.o
    0x0800369c   0x0800369c   0x00000016   Code   RO         4518    i.RTC_ByteToBcd2    stm32l0xx_hal_rtc.o
    0x080036b2   0x080036b2   0x00000038   Code   RO         4519    i.RTC_EnterInitMode  stm32l0xx_hal_rtc.o
    0x080036ea   0x080036ea   0x00000008   Code   RO         7182    i.RTC_IRQHandler    mlm32l0xx_it.o
    0x080036f2   0x080036f2   0x00000002   PAD
    0x080036f4   0x080036f4   0x00000094   Code   RO         1710    i.RxChainCalibration  sx1276.o
    0x08003788   0x08003788   0x0000001c   Code   RO         7839    i.SCH_ClrEvt        scheduler.o
    0x080037a4   0x080037a4   0x00000008   Code   RO         7840    i.SCH_EvtIdle       scheduler.o
    0x080037ac   0x080037ac   0x00000012   Code   RO         6806    i.SCH_Idle          main.o
    0x080037be   0x080037be   0x00000002   PAD
    0x080037c0   0x080037c0   0x00000018   Code   RO         7843    i.SCH_RegTask       scheduler.o
    0x080037d8   0x080037d8   0x0000007c   Code   RO         7845    i.SCH_Run           scheduler.o
    0x08003854   0x08003854   0x0000001c   Code   RO         7846    i.SCH_SetEvt        scheduler.o
    0x08003870   0x08003870   0x0000001c   Code   RO         7847    i.SCH_SetTask       scheduler.o
    0x0800388c   0x0800388c   0x00000028   Code   RO         7848    i.SCH_WaitEvt       scheduler.o
    0x080038b4   0x080038b4   0x0000001c   Code   RO         8156    i.SE_NVM_get        se_nvm.o
    0x080038d0   0x080038d0   0x0000000c   Code   RO         8157    i.SE_NVM_get_key_type  se_nvm.o
    0x080038dc   0x080038dc   0x00000028   Code   RO         8158    i.SE_NVM_set        se_nvm.o
    0x08003904   0x08003904   0x00000034   Code   RO         8188    i.SGFX_SX1276_rx_config  SgfxSTModemSx1276V123_CM0_Keil_O3.lib(sgfxsx1276modulation-lib.o)
    0x08003938   0x08003938   0x00000024   Code   RO         8189    i.SGFX_SX1276_rx_setbw  SgfxSTModemSx1276V123_CM0_Keil_O3.lib(sgfxsx1276modulation-lib.o)
    0x0800395c   0x0800395c   0x0000000c   Code   RO         8190    i.SGFX_SX1276_rx_start  SgfxSTModemSx1276V123_CM0_Keil_O3.lib(sgfxsx1276modulation-lib.o)
    0x08003968   0x08003968   0x0000001c   Code   RO         8191    i.SGFX_SX1276_rx_stop  SgfxSTModemSx1276V123_CM0_Keil_O3.lib(sgfxsx1276modulation-lib.o)
    0x08003984   0x08003984   0x00000012   Code   RO         8195    i.SGFX_SX1276_stop  SgfxSTModemSx1276V123_CM0_Keil_O3.lib(sgfxsx1276modulation-lib.o)
    0x08003996   0x08003996   0x00000030   Code   RO         8197    i.SGFX_SX1276_tx    SgfxSTModemSx1276V123_CM0_Keil_O3.lib(sgfxsx1276modulation-lib.o)
    0x080039c6   0x080039c6   0x00000002   PAD
    0x080039c8   0x080039c8   0x00000064   Code   RO         8198    i.SGFX_SX1276_tx_config  SgfxSTModemSx1276V123_CM0_Keil_O3.lib(sgfxsx1276modulation-lib.o)
    0x08003a2c   0x08003a2c   0x00000008   Code   RO         8242    i.SIGFOX_API_get_device_id  SgfxCoreV231_CM0_Keil.lib(sigfox_api.o)
    0x08003a34   0x08003a34   0x00000032   Code   RO         8244    i.SIGFOX_API_get_initial_pac  SgfxCoreV231_CM0_Keil.lib(sigfox_api.o)
    0x08003a66   0x08003a66   0x00000002   PAD
    0x08003a68   0x08003a68   0x0000016c   Code   RO         8246    i.SIGFOX_API_open   SgfxCoreV231_CM0_Keil.lib(sigfox_api.o)
    0x08003bd4   0x08003bd4   0x00000048   Code   RO         8249    i.SIGFOX_API_send_frame  SgfxCoreV231_CM0_Keil.lib(sigfox_api.o)
    0x08003c1c   0x08003c1c   0x00000084   Code   RO         8253    i.SIGFOX_API_set_std_config  SgfxCoreV231_CM0_Keil.lib(sigfox_api.o)
    0x08003ca0   0x08003ca0   0x00000144   Code   RO         8274    i.SIGFOX_INT_build_frame  SgfxCoreV231_CM0_Keil.lib(sigfox_internal.o)
    0x08003de4   0x08003de4   0x0000002c   Code   RO         8275    i.SIGFOX_INT_compute_carrier_sense_frequency  SgfxCoreV231_CM0_Keil.lib(sigfox_internal.o)
    0x08003e10   0x08003e10   0x00000138   Code   RO         8276    i.SIGFOX_INT_compute_channels  SgfxCoreV231_CM0_Keil.lib(sigfox_internal.o)
    0x08003f48   0x08003f48   0x00000080   Code   RO         8278    i.SIGFOX_INT_compute_uplink_frequency  SgfxCoreV231_CM0_Keil.lib(sigfox_internal.o)
    0x08003fc8   0x08003fc8   0x0000002a   Code   RO         8279    i.SIGFOX_INT_dc_lbt_channel_pn_max  SgfxCoreV231_CM0_Keil.lib(sigfox_internal.o)
    0x08003ff2   0x08003ff2   0x0000001a   Code   RO         8280    i.SIGFOX_INT_dc_lbt_channel_pn_min  SgfxCoreV231_CM0_Keil.lib(sigfox_internal.o)
    0x0800400c   0x0800400c   0x0000004e   Code   RO         8281    i.SIGFOX_INT_downlink_configuration  SgfxCoreV231_CM0_Keil.lib(sigfox_internal.o)
    0x0800405a   0x0800405a   0x0000003a   Code   RO         8282    i.SIGFOX_INT_execute_carrier_sense  SgfxCoreV231_CM0_Keil.lib(sigfox_internal.o)
    0x08004094   0x08004094   0x00000154   Code   RO         8283    i.SIGFOX_INT_execute_communication_sequence  SgfxCoreV231_CM0_Keil.lib(sigfox_internal.o)
    0x080041e8   0x080041e8   0x0000002e   Code   RO         8284    i.SIGFOX_INT_get_device_id  SgfxCoreV231_CM0_Keil.lib(sigfox_internal.o)
    0x08004216   0x08004216   0x00000062   Code   RO         8285    i.SIGFOX_INT_get_macro_channel_index  SgfxCoreV231_CM0_Keil.lib(sigfox_internal.o)
    0x08004278   0x08004278   0x00000034   Code   RO         8286    i.SIGFOX_INT_get_max_micro_channel  SgfxCoreV231_CM0_Keil.lib(sigfox_internal.o)
    0x080042ac   0x080042ac   0x000000f0   Code   RO         8287    i.SIGFOX_INT_get_received_frames  SgfxCoreV231_CM0_Keil.lib(sigfox_internal.o)
    0x0800439c   0x0800439c   0x00000070   Code   RO         8288    i.SIGFOX_INT_prepare_transmission  SgfxCoreV231_CM0_Keil.lib(sigfox_internal.o)
    0x0800440c   0x0800440c   0x00000042   Code   RO         8289    i.SIGFOX_INT_process_downlink  SgfxCoreV231_CM0_Keil.lib(sigfox_internal.o)
    0x0800444e   0x0800444e   0x00000268   Code   RO         8290    i.SIGFOX_INT_process_uplink  SgfxCoreV231_CM0_Keil.lib(sigfox_internal.o)
    0x080046b6   0x080046b6   0x00000014   Code   RO         8291    i.SIGFOX_INT_randomize  SgfxCoreV231_CM0_Keil.lib(sigfox_internal.o)
    0x080046ca   0x080046ca   0x0000007c   Code   RO         8292    i.SIGFOX_INT_send_single_frame  SgfxCoreV231_CM0_Keil.lib(sigfox_internal.o)
    0x08004746   0x08004746   0x00000026   Code   RO         8293    i.SIGFOX_INT_store_nvm  SgfxCoreV231_CM0_Keil.lib(sigfox_internal.o)
    0x0800476c   0x0800476c   0x0000004c   Code   RO         8390    i.SIGFOX_PN_next_pn  SgfxCoreV231_CM0_Keil.lib(sigfox_pn.o)
    0x080047b8   0x080047b8   0x00000068   Code   RO         8392    i.SIGFOX_SCRAMB_compute  SgfxCoreV231_CM0_Keil.lib(sigfox_scramb.o)
    0x08004820   0x08004820   0x0000001e   Code   RO         2964    i.SPI_DMAError      stm32l0xx_hal_spi.o
    0x0800483e   0x0800483e   0x0000000a   Code   RO         2966    i.SPI_DMAHalfTransmitCplt  stm32l0xx_hal_spi.o
    0x08004848   0x08004848   0x00000070   Code   RO         2969    i.SPI_DMATransmitCplt  stm32l0xx_hal_spi.o
    0x080048b8   0x080048b8   0x000000b2   Code   RO         2975    i.SPI_WaitOnFlagUntilTimeout  stm32l0xx_hal_spi.o
    0x0800496a   0x0800496a   0x00000014   Code   RO         7641    i.STLL_LowPower     st_lowlevel.o
    0x0800497e   0x0800497e   0x00000002   PAD
    0x08004980   0x08004980   0x00000020   Code   RO         7642    i.STLL_RX_SYNC_IRQHandler_CB  st_lowlevel.o
    0x080049a0   0x080049a0   0x0000000c   Code   RO         7643    i.STLL_RadioPowerGet  st_lowlevel.o
    0x080049ac   0x080049ac   0x00000008   Code   RO         7644    i.STLL_RadioPowerSetBoard  st_lowlevel.o
    0x080049b4   0x080049b4   0x0000001e   Code   RO         7646    i.STLL_Radio_DeInit  st_lowlevel.o
    0x080049d2   0x080049d2   0x00000016   Code   RO         7647    i.STLL_Radio_Init   st_lowlevel.o
    0x080049e8   0x080049e8   0x00000050   Code   RO         7648    i.STLL_Radio_IoDeInit  st_lowlevel.o
    0x08004a38   0x08004a38   0x00000030   Code   RO         7649    i.STLL_Radio_IoInit  st_lowlevel.o
    0x08004a68   0x08004a68   0x0000000c   Code   RO         7650    i.STLL_Radio_ReadFifo  st_lowlevel.o
    0x08004a74   0x08004a74   0x00000008   Code   RO         7651    i.STLL_Radio_ReadReg  st_lowlevel.o
    0x08004a7c   0x08004a7c   0x00000008   Code   RO         7652    i.STLL_Radio_SetFreq  st_lowlevel.o
    0x08004a84   0x08004a84   0x00000008   Code   RO         7653    i.STLL_Radio_SetOpMode  st_lowlevel.o
    0x08004a8c   0x08004a8c   0x00000008   Code   RO         7655    i.STLL_Radio_WriteReg  st_lowlevel.o
    0x08004a94   0x08004a94   0x0000001c   Code   RO         7656    i.STLL_RxCarrierSenseGetRssi  st_lowlevel.o
    0x08004ab0   0x08004ab0   0x0000000c   Code   RO         7657    i.STLL_RxCarrierSenseGetStatus  st_lowlevel.o
    0x08004abc   0x08004abc   0x0000000c   Code   RO         7658    i.STLL_RxCarrierSenseInitStatus  st_lowlevel.o
    0x08004ac8   0x08004ac8   0x0000000c   Code   RO         7659    i.STLL_SGFX_SX1276_GetSyncRssi  st_lowlevel.o
    0x08004ad4   0x08004ad4   0x00000012   Code   RO         7660    i.STLL_SetClockSource  st_lowlevel.o
    0x08004ae6   0x08004ae6   0x0000000a   Code   RO         7661    i.STLL_SetEndOfTxFrame  st_lowlevel.o
    0x08004af0   0x08004af0   0x00000008   Code   RO         7663    i.STLL_TIM2_SetPeriod  st_lowlevel.o
    0x08004af8   0x08004af8   0x00000008   Code   RO         7664    i.STLL_TIM2_Start   st_lowlevel.o
    0x08004b00   0x08004b00   0x00000008   Code   RO         7665    i.STLL_TIM2_Stop    st_lowlevel.o
    0x08004b08   0x08004b08   0x00000090   Code   RO         8199    i.STLL_TX_IRQHandler_CB  SgfxSTModemSx1276V123_CM0_Keil_O3.lib(sgfxsx1276modulation-lib.o)
    0x08004b98   0x08004b98   0x00000008   Code   RO         7666    i.STLL_Transmit_DMA_Start  st_lowlevel.o
    0x08004ba0   0x08004ba0   0x00000008   Code   RO         7667    i.STLL_Transmit_DMA_Stop  st_lowlevel.o
    0x08004ba8   0x08004ba8   0x0000001c   Code   RO         7668    i.STLL_WaitEndOfRxFrame  st_lowlevel.o
    0x08004bc4   0x08004bc4   0x0000000c   Code   RO         7669    i.STLL_WaitEndOfTxFrame  st_lowlevel.o
    0x08004bd0   0x08004bd0   0x00000002   Code   RO         7183    i.SVC_Handler       mlm32l0xx_it.o
    0x08004bd2   0x08004bd2   0x00000002   PAD
    0x08004bd4   0x08004bd4   0x0000000c   Code   RO         1711    i.SX1276BoardInit   sx1276.o
    0x08004be0   0x08004be0   0x0000000c   Code   RO         2816    i.SX1276GetPaSelect  mlm32l07x01.o
    0x08004bec   0x08004bec   0x00000004   Code   RO         2817    i.SX1276GetWakeUpTime  mlm32l07x01.o
    0x08004bf0   0x08004bf0   0x0000008c   Code   RO         1715    i.SX1276Init        sx1276.o
    0x08004c7c   0x08004c7c   0x0000005c   Code   RO         2818    i.SX1276IoDeInit    mlm32l07x01.o
    0x08004cd8   0x08004cd8   0x0000007c   Code   RO         2819    i.SX1276IoInit      mlm32l07x01.o
    0x08004d54   0x08004d54   0x00000044   Code   RO         2820    i.SX1276IoIrqInit   mlm32l07x01.o
    0x08004d98   0x08004d98   0x0000027c   Code   RO         1717    i.SX1276OnDio0Irq   sx1276.o
    0x08005014   0x08005014   0x000000d8   Code   RO         1718    i.SX1276OnDio1Irq   sx1276.o
    0x080050ec   0x080050ec   0x000000b8   Code   RO         1719    i.SX1276OnDio2Irq   sx1276.o
    0x080051a4   0x080051a4   0x00000054   Code   RO         1720    i.SX1276OnDio3Irq   sx1276.o
    0x080051f8   0x080051f8   0x0000001c   Code   RO         1721    i.SX1276OnDio4Irq   sx1276.o
    0x08005214   0x08005214   0x000000c8   Code   RO         1723    i.SX1276OnTimeoutIrq  sx1276.o
    0x080052dc   0x080052dc   0x00000010   Code   RO         1725    i.SX1276Read        sx1276.o
    0x080052ec   0x080052ec   0x00000042   Code   RO         1726    i.SX1276ReadBuffer  sx1276.o
    0x0800532e   0x0800532e   0x0000000e   Code   RO         1727    i.SX1276ReadFifo    sx1276.o
    0x0800533c   0x0800533c   0x00000050   Code   RO         1729    i.SX1276Reset       sx1276.o
    0x0800538c   0x0800538c   0x00000044   Code   RO         2821    i.SX1276SetAntSw    mlm32l07x01.o
    0x080053d0   0x080053d0   0x00000074   Code   RO         2822    i.SX1276SetAntSwLowPower  mlm32l07x01.o
    0x08005444   0x08005444   0x00000050   Code   RO         1731    i.SX1276SetChannel  sx1276.o
    0x08005494   0x08005494   0x00000070   Code   RO         1733    i.SX1276SetModem    sx1276.o
    0x08005504   0x08005504   0x0000005c   Code   RO         1734    i.SX1276SetOpMode   sx1276.o
    0x08005560   0x08005560   0x00000024   Code   RO         1735    i.SX1276SetPublicNetwork  sx1276.o
    0x08005584   0x08005584   0x00000098   Code   RO         2823    i.SX1276SetRfTxPower  mlm32l07x01.o
    0x0800561c   0x0800561c   0x00000024   Code   RO         1738    i.SX1276SetSleep    sx1276.o
    0x08005640   0x08005640   0x00000028   Code   RO         2824    i.SX1276SetXO       mlm32l07x01.o
    0x08005668   0x08005668   0x0000000c   Code   RO         1744    i.SX1276Write       sx1276.o
    0x08005674   0x08005674   0x00000042   Code   RO         1745    i.SX1276WriteBuffer  sx1276.o
    0x080056b6   0x080056b6   0x0000000e   Code   RO         1746    i.SX1276WriteFifo   sx1276.o
    0x080056c4   0x080056c4   0x00000008   Code   RO         7184    i.SysTick_Handler   mlm32l0xx_it.o
    0x080056cc   0x080056cc   0x0000008c   Code   RO         7069    i.SystemClock_Config  mlm32l0xx_hw.o
    0x08005758   0x08005758   0x00000054   Code   RO         2904    i.SystemInit        system_stm32l0xx.o
    0x080057ac   0x080057ac   0x00000060   Code   RO         4943    i.TIM_Base_SetConfig  stm32l0xx_hal_tim.o
    0x0800580c   0x0800580c   0x00000016   Code   RO         4944    i.TIM_CCxChannelCmd  stm32l0xx_hal_tim.o
    0x08005822   0x08005822   0x00000030   Code   RO         4952    i.TIM_OC1_SetConfig  stm32l0xx_hal_tim.o
    0x08005852   0x08005852   0x00000032   Code   RO         4953    i.TIM_OC2_SetConfig  stm32l0xx_hal_tim.o
    0x08005884   0x08005884   0x00000036   Code   RO         4954    i.TIM_OC3_SetConfig  stm32l0xx_hal_tim.o
    0x080058ba   0x080058ba   0x00000036   Code   RO         4955    i.TIM_OC4_SetConfig  stm32l0xx_hal_tim.o
    0x080058f0   0x080058f0   0x00000030   Code   RO         8202    i.TX_SetPower       SgfxSTModemSx1276V123_CM0_Keil_O3.lib(sgfxsx1276modulation-lib.o)
    0x08005920   0x08005920   0x000000a4   Code   RO         8203    i.TX_Start          SgfxSTModemSx1276V123_CM0_Keil_O3.lib(sgfxsx1276modulation-lib.o)
    0x080059c4   0x080059c4   0x00000064   Code   RO         8208    i.TX_Write_Modu_Buffer  SgfxSTModemSx1276V123_CM0_Keil_O3.lib(sgfxsx1276modulation-lib.o)
    0x08005a28   0x08005a28   0x0000004c   Code   RO         8209    i.TX_Write_RampDown_Buffer  SgfxSTModemSx1276V123_CM0_Keil_O3.lib(sgfxsx1276modulation-lib.o)
    0x08005a74   0x08005a74   0x00000060   Code   RO         8210    i.TX_Write_RampUp_Buffer  SgfxSTModemSx1276V123_CM0_Keil_O3.lib(sgfxsx1276modulation-lib.o)
    0x08005ad4   0x08005ad4   0x00000024   Code   RO         8211    i.TX_read_Bit       SgfxSTModemSx1276V123_CM0_Keil_O3.lib(sgfxsx1276modulation-lib.o)
    0x08005af8   0x08005af8   0x0000000e   Code   RO         7919    i.TimerInit         timeserver.o
    0x08005b06   0x08005b06   0x00000002   PAD
    0x08005b08   0x08005b08   0x0000001c   Code   RO         7920    i.TimerInsertNewHeadTimer  timeserver.o
    0x08005b24   0x08005b24   0x00000078   Code   RO         7921    i.TimerIrqHandler   timeserver.o
    0x08005b9c   0x08005b9c   0x0000002c   Code   RO         7923    i.TimerSetTimeout   timeserver.o
    0x08005bc8   0x08005bc8   0x00000022   Code   RO         7924    i.TimerSetValue     timeserver.o
    0x08005bea   0x08005bea   0x00000002   PAD
    0x08005bec   0x08005bec   0x00000070   Code   RO         7925    i.TimerStart        timeserver.o
    0x08005c5c   0x08005c5c   0x00000060   Code   RO         7926    i.TimerStop         timeserver.o
    0x08005cbc   0x08005cbc   0x0000001a   Code   RO          433    i.__ARM_common_switch8  hts221_driver_hl.o
    0x08005cd6   0x08005cd6   0x0000000e   Code   RO         8759    i.__scatterload_copy  mc_p.l(handlers.o)
    0x08005ce4   0x08005ce4   0x00000002   Code   RO         8760    i.__scatterload_null  mc_p.l(handlers.o)
    0x08005ce6   0x08005ce6   0x0000000e   Code   RO         8761    i.__scatterload_zeroinit  mc_p.l(handlers.o)
    0x08005cf4   0x08005cf4   0x00000104   Code   RO         7357    i.ee_number         tiny_vsnprintf.o
    0x08005df8   0x08005df8   0x0000014c   Code   RO         6807    i.main              main.o
    0x08005f44   0x08005f44   0x000000d4   Code   RO         6808    i.send_data         main.o
    0x08006018   0x08006018   0x0000000a   Code   RO         6809    i.send_data_request  main.o
    0x08006022   0x08006022   0x00000002   PAD
    0x08006024   0x08006024   0x0000006c   Code   RO         6810    i.st_sigfox_open    main.o
    0x08006090   0x08006090   0x0000015c   Code   RO         7358    i.tiny_vsnprintf_like  tiny_vsnprintf.o
    0x080061ec   0x080061ec   0x0000006c   Code   RO         6867    i.vcom_Dma_IRQHandler  vcom.o
    0x08006258   0x08006258   0x000000cc   Code   RO         6868    i.vcom_IRQHandler   vcom.o
    0x08006324   0x08006324   0x00000080   Code   RO         6869    i.vcom_Init         vcom.o
    0x080063a4   0x080063a4   0x00000032   Code   RO         6871    i.vcom_IoInit       vcom.o
    0x080063d6   0x080063d6   0x00000002   PAD
    0x080063d8   0x080063d8   0x00000044   Code   RO         6872    i.vcom_PrintDMA     vcom.o
    0x0800641c   0x0800641c   0x00000100   Code   RO         6874    i.vcom_Send         vcom.o
    0x0800651c   0x0800651c   0x00000090   Code   RO         6876    i.vcom_StartDMA     vcom.o
    0x080065ac   0x080065ac   0x000000e0   Data   RO         1748    .constdata          sx1276.o
    0x0800668c   0x0800668c   0x0000000c   Data   RO         2756    .constdata          b-l072z-lrwan1.o
    0x08006698   0x08006698   0x00000019   Data   RO         2905    .constdata          system_stm32l0xx.o
    0x080066b1   0x080066b1   0x00000008   Data   RO         2906    .constdata          system_stm32l0xx.o
    0x080066b9   0x080066b9   0x00000007   Data   RO         6403    .constdata          stm32l0xx_ll_dma.o
    0x080066c0   0x080066c0   0x00000018   Data   RO         6610    .constdata          hw_rtc.o
    0x080066d8   0x080066d8   0x00000044   Data   RO         6811    .constdata          main.o
    0x0800671c   0x0800671c   0x00000007   Data   RO         6878    .constdata          vcom.o
    0x08006723   0x08006723   0x00000001   PAD
    0x08006724   0x08006724   0x00000058   Data   RO         7383    .constdata          hw_eeprom.o
    0x0800677c   0x0800677c   0x00000010   Data   RO         7850    .constdata          scheduler.o
    0x0800678c   0x0800678c   0x00000064   Data   RO         8213    .constdata          SgfxSTModemSx1276V123_CM0_Keil_O3.lib(sgfxsx1276modulation-lib.o)
    0x080067f0   0x080067f0   0x00000024   Data   RO         8294    .constdata          SgfxCoreV231_CM0_Keil.lib(sigfox_internal.o)
    0x08006814   0x08006814   0x00000010   Data   RO         8393    .constdata          SgfxCoreV231_CM0_Keil.lib(sigfox_scramb.o)
    0x08006824   0x08006824   0x0000004d   Data   RO         7359    .conststring        tiny_vsnprintf.o
    0x08006871   0x08006871   0x00000003   PAD
    0x08006874   0x08006874   0x00000030   Data   RO         8757    Region$$Table       anon$$obj.o


    Execution Region RW_IRAM1 (Exec base: 0x20000000, Load base: 0x080068a4, Size: 0x000016c8, Max: 0x00005000, ABSOLUTE)

    Exec Addr    Load Addr    Size         Type   Attr      Idx    E Section Name        Object

    0x20000000   0x080068a4   0x00000020   Data   RW         1749    .data               sx1276.o
    0x20000020   0x080068c4   0x00000014   Data   RW         2757    .data               b-l072z-lrwan1.o
    0x20000034   0x080068d8   0x00000018   Data   RW         2826    .data               mlm32l07x01.o
    0x2000004c   0x080068f0   0x00000004   Data   RW         2907    .data               system_stm32l0xx.o
    0x20000050   0x080068f4   0x00000004   Data   RW         3945    .data               stm32l0xx_hal.o
    0x20000054   0x080068f8   0x00000001   Data   RW         6611    .data               hw_rtc.o
    0x20000055   0x080068f9   0x00000002   Data   RW         7071    .data               mlm32l0xx_hw.o
    0x20000057   0x080068fb   0x00000001   PAD
    0x20000058   0x080068fc   0x00000008   Data   RW         7360    .data               tiny_vsnprintf.o
    0x20000060   0x08006904   0x00000004   Data   RW         7670    .data               st_lowlevel.o
    0x20000064   0x08006908   0x00000010   Data   RW         7851    .data               scheduler.o
    0x20000074   0x08006918   0x00000004   Data   RW         7927    .data               timeserver.o
    0x20000078   0x0800691c   0x00000008   Data   RW         8082    .data               low_power_manager.o
    0x20000080   0x08006924   0x0000002f   Data   RW         8214    .data               SgfxSTModemSx1276V123_CM0_Keil_O3.lib(sgfxsx1276modulation-lib.o)
    0x200000af   0x08006953   0x00000001   PAD
    0x200000b0   0x08006954   0x00000008   Data   RW         8257    .data               SgfxCoreV231_CM0_Keil.lib(sigfox_api.o)
    0x200000b8   0x0800695c   0x00000011   Data   RW         8368    .data               SgfxCredentialsV011_CM0_Keil_O3.lib(sgfx_credentials_lib.o)
    0x200000c9   0x0800696d   0x00000003   PAD
    0x200000cc        -       0x000001a4   Zero   RW         1747    .bss                sx1276.o
    0x20000270        -       0x00000040   Zero   RW         6545    .bss                hw_gpio.o
    0x200002b0        -       0x00000068   Zero   RW         6609    .bss                hw_rtc.o
    0x20000318        -       0x00000058   Zero   RW         6722    .bss                hw_spi.o
    0x20000370        -       0x000000ac   Zero   RW         6877    .bss                vcom.o
    0x2000041c        -       0x00000040   Zero   RW         6989    .bss                mlm32l0xx_hal_msp.o
    0x2000045c        -       0x00000060   Zero   RW         7070    .bss                mlm32l0xx_hw.o
    0x200004bc        -       0x00000038   Zero   RW         7291    .bss                hw_tim2.o
    0x200004f4        -       0x00000104   Zero   RW         7466    .bss                mcu_api.o
    0x200005f8        -       0x00000040   Zero   RW         7849    .bss                scheduler.o
    0x20000638        -       0x00000c80   Zero   RW         8212    .bss                SgfxSTModemSx1276V123_CM0_Keil_O3.lib(sgfxsx1276modulation-lib.o)
    0x200012b8        -       0x00000010   Zero   RW         8366    .bss                SgfxCredentialsV011_CM0_Keil_O3.lib(sgfx_credentials_lib.o)
    0x200012c8        -       0x00000400   Zero   RW         6504    STACK               startup_stm32l072xx.o



  Load Region LR_IROM2 (Base: 0x08017000, Size: 0x00000030, Max: 0x00001000, ABSOLUTE)

    Execution Region ER_IROM2 (Exec base: 0x08017000, Load base: 0x08017000, Size: 0x00000030, Max: 0x00001000, ABSOLUTE)

    Exec Addr    Load Addr    Size         Type   Attr      Idx    E Section Name        Object

    0x08017000   0x08017000   0x00000030   Data   RO         8146    .constdata          sigfox_data.o



  Load Region LR_IROM3 (Base: 0x08018000, Size: 0x000018c0, Max: 0x00002000, ABSOLUTE)

    Execution Region ER_IROM3 (Exec base: 0x08018000, Load base: 0x08018000, Size: 0x000018c0, Max: 0x00002000, ABSOLUTE)

    Exec Addr    Load Addr    Size         Type   Attr      Idx    E Section Name        Object

    0x08018000   0x08018000   0x00000048   Code   RO         8345    i.CREDENTIALS_aes_128_cbc_encrypt  SgfxCredentialsV011_CM0_Keil_O3.lib(sgfx_credentials_lib.o)
    0x08018048   0x08018048   0x00000038   Code   RO         8346    i.CREDENTIALS_aes_128_cbc_encrypt_with_session_key  SgfxCredentialsV011_CM0_Keil_O3.lib(sgfx_credentials_lib.o)
    0x08018080   0x08018080   0x000000e4   Code   RO         8347    i.CREDENTIALS_get_cra  SgfxCredentialsV011_CM0_Keil_O3.lib(sgfx_credentials_lib.o)
    0x08018164   0x08018164   0x00000024   Code   RO         8348    i.CREDENTIALS_get_dev_id  SgfxCredentialsV011_CM0_Keil_O3.lib(sgfx_credentials_lib.o)
    0x08018188   0x08018188   0x00000024   Code   RO         8349    i.CREDENTIALS_get_initial_pac  SgfxCredentialsV011_CM0_Keil_O3.lib(sgfx_credentials_lib.o)
    0x080181ac   0x080181ac   0x00000044   Code   RO         8350    i.CREDENTIALS_get_key  SgfxCredentialsV011_CM0_Keil_O3.lib(sgfx_credentials_lib.o)
    0x080181f0   0x080181f0   0x0000000c   Code   RO         8351    i.CREDENTIALS_get_payload_encryption_flag  SgfxCredentialsV011_CM0_Keil_O3.lib(sgfx_credentials_lib.o)
    0x080181fc   0x080181fc   0x00000074   Code   RO         8352    i.CREDENTIALS_get_signature  SgfxCredentialsV011_CM0_Keil_O3.lib(sgfx_credentials_lib.o)
    0x08018270   0x08018270   0x00000048   Code   RO         8354    i.CREDENTIALS_wrap_session_key  SgfxCredentialsV011_CM0_Keil_O3.lib(sgfx_credentials_lib.o)
    0x080182b8   0x080182b8   0x00000004   Code   RO         8316    i.SE_API_close      SgfxCmacV100_CM0_Keil_O3.lib(sgfx_cmac_lib.o)
    0x080182bc   0x080182bc   0x0000000a   Code   RO         8317    i.SE_API_get_device_id  SgfxCmacV100_CM0_Keil_O3.lib(sgfx_cmac_lib.o)
    0x080182c6   0x080182c6   0x0000000a   Code   RO         8318    i.SE_API_get_initial_pac  SgfxCmacV100_CM0_Keil_O3.lib(sgfx_cmac_lib.o)
    0x080182d0   0x080182d0   0x00000004   Code   RO         8321    i.SE_API_open       SgfxCmacV100_CM0_Keil_O3.lib(sgfx_cmac_lib.o)
    0x080182d4   0x080182d4   0x000001f4   Code   RO         8322    i.SE_API_secure_uplink_message  SgfxCmacV100_CM0_Keil_O3.lib(sgfx_cmac_lib.o)
    0x080184c8   0x080184c8   0x00000128   Code   RO         8324    i.SE_API_verify_downlink_message  SgfxCmacV100_CM0_Keil_O3.lib(sgfx_cmac_lib.o)
    0x080185f0   0x080185f0   0x0000009c   Code   RO         8325    i.SIGFOX_DECODE_dewhitening  SgfxCmacV100_CM0_Keil_O3.lib(sgfx_cmac_lib.o)
    0x0801868c   0x0801868c   0x00000028   Code   RO         8326    i.SIGFOX_DECODE_dewhitening_pn  SgfxCmacV100_CM0_Keil_O3.lib(sgfx_cmac_lib.o)
    0x080186b4   0x080186b4   0x00000046   Code   RO         8327    i.SIGFOX_HMAC_compute_aes  SgfxCmacV100_CM0_Keil_O3.lib(sgfx_cmac_lib.o)
    0x080186fa   0x080186fa   0x000000ea   Code   RO         8328    i.SIGFOX_encrypt_decrypt_frame  SgfxCmacV100_CM0_Keil_O3.lib(sgfx_cmac_lib.o)
    0x080187e4   0x080187e4   0x00000008   Code   RO         8355    i.add_round_key     SgfxCredentialsV011_CM0_Keil_O3.lib(sgfx_credentials_lib.o)
    0x080187ec   0x080187ec   0x00000082   Code   RO         8356    i.aes_cbc_decrypt   SgfxCredentialsV011_CM0_Keil_O3.lib(sgfx_credentials_lib.o)
    0x0801886e   0x0801886e   0x00000078   Code   RO         8357    i.aes_cbc_encrypt   SgfxCredentialsV011_CM0_Keil_O3.lib(sgfx_credentials_lib.o)
    0x080188e6   0x080188e6   0x00000002   PAD
    0x080188e8   0x080188e8   0x000000fc   Code   RO         8358    i.aes_set_key       SgfxCredentialsV011_CM0_Keil_O3.lib(sgfx_credentials_lib.o)
    0x080189e4   0x080189e4   0x00000084   Code   RO         8359    i.copy_and_key      SgfxCredentialsV011_CM0_Keil_O3.lib(sgfx_credentials_lib.o)
    0x08018a68   0x08018a68   0x00000042   Code   RO         8360    i.copy_block        SgfxCredentialsV011_CM0_Keil_O3.lib(sgfx_credentials_lib.o)
    0x08018aaa   0x08018aaa   0x00000002   PAD
    0x08018aac   0x08018aac   0x00000280   Code   RO         8361    i.inv_mix_sub_columns  SgfxCredentialsV011_CM0_Keil_O3.lib(sgfx_credentials_lib.o)
    0x08018d2c   0x08018d2c   0x00000068   Code   RO         8362    i.inv_shift_sub_rows  SgfxCredentialsV011_CM0_Keil_O3.lib(sgfx_credentials_lib.o)
    0x08018d94   0x08018d94   0x0000021c   Code   RO         8363    i.mix_sub_columns   SgfxCredentialsV011_CM0_Keil_O3.lib(sgfx_credentials_lib.o)
    0x08018fb0   0x08018fb0   0x00000068   Code   RO         8364    i.shift_sub_rows    SgfxCredentialsV011_CM0_Keil_O3.lib(sgfx_credentials_lib.o)
    0x08019018   0x08019018   0x00000082   Code   RO         8365    i.xor_block         SgfxCredentialsV011_CM0_Keil_O3.lib(sgfx_credentials_lib.o)
    0x0801909a   0x0801909a   0x00000020   Data   RO         8330    .constdata          SgfxCmacV100_CM0_Keil_O3.lib(sgfx_cmac_lib.o)
    0x080190ba   0x080190ba   0x00000804   Data   RO         8367    .constdata          SgfxCredentialsV011_CM0_Keil_O3.lib(sgfx_credentials_lib.o)



  Load Region EEPROM (Base: 0x08080000, Size: 0x00000000, Max: 0xffffffff, ABSOLUTE)

    Execution Region EEPROM (Exec base: 0x08080000, Load base: 0x08080000, Size: 0x0000005c, Max: 0xffffffff, ABSOLUTE)

    Exec Addr    Load Addr    Size         Type   Attr      Idx    E Section Name        Object

    0x08080000        -       0x0000005c   Zero   RW         7384    eeprom_sect         hw_eeprom.o


==============================================================================

Image component sizes


      Code (inc. data)   RO Data    RW Data    ZI Data      Debug   Object Name

       164         32         12         20          0       3464   b-l072z-lrwan1.o
         2          0          0          0          0        446   bsp.o
        98          4          0          0          0       1371   debug.o
         0          0          0          0          0       4532   hts221_driver.o
        26          0          0          0          0         72   hts221_driver_hl.o
        68         10         88          0         92       2223   hw_eeprom.o
       234         26          0          0         64       3925   hw_gpio.o
       888        108         24          1        104      12032   hw_rtc.o
       708         62          0          0         88      22552   hw_spi.o
       212         20          0          0         56       2330   hw_tim2.o
       136         18          0          8          0       3917   low_power_manager.o
       680        144         68          0          0       6062   main.o
       558        112          0          0        260      11180   mcu_api.o
       676         54          0         24          0      12470   mlm32l07x01.o
       382         38          0          0         64       6055   mlm32l0xx_hal_msp.o
      1304        162          0          2         96      10487   mlm32l0xx_hw.o
       178          0          0          0          0       6559   mlm32l0xx_it.o
       322          4          0          0          0       5504   rf_api.o
       280         36         16         16         64       6384   scheduler.o
        80         18          0          0          0       2636   se_nvm.o
         0          0         48          0          0        592   sigfox_data.o
       500         66          0          4          0      18074   st_lowlevel.o
        28          8        192          0       1024        652   startup_stm32l072xx.o
       108         30          0          4          0       4680   stm32l0xx_hal.o
      1026         36          0          0          0       7184   stm32l0xx_hal_adc.o
       170          0          0          0          0       1618   stm32l0xx_hal_adc_ex.o
       124         18          0          0          0      11065   stm32l0xx_hal_cortex.o
       448         10          0          0          0       3970   stm32l0xx_hal_dma.o
        72         22          0          0          0       1970   stm32l0xx_hal_flash_ex.o
       424         38          0          0          0       3287   stm32l0xx_hal_gpio.o
       148         30          0          0          0       2593   stm32l0xx_hal_pwr.o
        32          8          0          0          0       1201   stm32l0xx_hal_pwr_ex.o
      1708         90          0          0          0       5914   stm32l0xx_hal_rcc.o
       396         14          0          0          0       1784   stm32l0xx_hal_rcc_ex.o
      1726         38          0          0          0      11229   stm32l0xx_hal_rtc.o
        60          0          0          0          0       1271   stm32l0xx_hal_rtc_ex.o
      1426         14          0          0          0       9508   stm32l0xx_hal_spi.o
       522         20          0          0          0       8566   stm32l0xx_hal_tim.o
       128         10          7          0          0      16970   stm32l0xx_ll_dma.o
       112          6          0          0          0      14917   stm32l0xx_ll_lpuart.o
       296         66          0          0          0      21880   stm32l0xx_ll_rcc.o
      2272        170        224         32        420     442130   sx1276.o
        84         18         33          4          0       1783   system_stm32l0xx.o
       448         18          0          4          0       6791   timeserver.o
       608         16         77          8          0       4538   tiny_vsnprintf.o
       958         70          7          0        172      52418   vcom.o

    ----------------------------------------------------------------------
     20858       1664        848        128       2504     780786   Object Totals
         0          0         48          0          0          0   (incl. Generated)
        38          0          4          1          0          0   (incl. Padding)

    ----------------------------------------------------------------------

      Code (inc. data)   RO Data    RW Data    ZI Data      Debug   Library Member Name

      1324         12         32          0          0        728   sgfx_cmac_lib.o
       626         66          0          8          0        356   sigfox_api.o
      2772         42         36          0          0       1464   sigfox_internal.o
        76          4          0          0          0         76   sigfox_pn.o
       104          4         16          0          0         76   sigfox_scramb.o
      2922        116       2052         17         16       1476   sgfx_credentials_lib.o
       958         90        100         47       3200        984   sgfxsx1276modulation-lib.o
         0          0          0          0          0          0   entry.o
         0          0          0          0          0          0   entry10a.o
         0          0          0          0          0          0   entry11a.o
         8          4          0          0          0          0   entry2.o
         4          0          0          0          0          0   entry5.o
         0          0          0          0          0          0   entry7b.o
         0          0          0          0          0          0   entry8b.o
         8          4          0          0          0          0   entry9a.o
        30          0          0          0          0          0   handlers.o
        40          0          0          0          0         72   idiv.o
        36          8          0          0          0         68   init.o
        32          0          0          0          0         68   llshl.o
        34          0          0          0          0         68   llushr.o
        36          0          0          0          0         60   memcpya.o
        36          0          0          0          0        100   memseta.o
        14          0          0          0          0         60   strlen.o
        44          0          0          0          0         72   uidiv.o
        96          0          0          0          0         84   uldiv.o
        20          0          0          0          0         60   uread4.o

    ----------------------------------------------------------------------
      9228        350       2238         76       3216       5872   Library Totals
         8          0          2          4          0          0   (incl. Padding)

    ----------------------------------------------------------------------

      Code (inc. data)   RO Data    RW Data    ZI Data      Debug   Library Name

      1324         12         32          0          0        728   SgfxCmacV100_CM0_Keil_O3.lib
      3578        116         52          8          0       1972   SgfxCoreV231_CM0_Keil.lib
      2922        116       2052         17         16       1476   SgfxCredentialsV011_CM0_Keil_O3.lib
       958         90        100         47       3200        984   SgfxSTModemSx1276V123_CM0_Keil_O3.lib
       438         16          0          0          0        712   mc_p.l

    ----------------------------------------------------------------------
      9228        350       2238         76       3216       5872   Library Totals

    ----------------------------------------------------------------------

==============================================================================


      Code (inc. data)   RO Data    RW Data    ZI Data      Debug   

     30086       2014       3086        204       5720     771190   Grand Totals
     30086       2014       3086        204       5720     771190   ELF Image Totals
     30086       2014       3086        204          0          0   ROM Totals

==============================================================================

    Total RO  Size (Code + RO Data)                33172 (  32.39kB)
    Total RW  Size (RW Data + ZI Data)              5924 (   5.79kB)
    Total ROM Size (Code + RO Data + RW Data)      33376 (  32.59kB)

==============================================================================

