Archive member included to satisfy reference by file (symbol)

d:/stm32/truestudio for stm32 9.3.0/armtools/bin/../lib/gcc/arm-atollic-eabi/6.3.1/../../../../arm-atollic-eabi/lib/armv7e-m/fpu\libc_nano.a(lib_a-atoi.o)
                              Src\main.o (atoi)
d:/stm32/truestudio for stm32 9.3.0/armtools/bin/../lib/gcc/arm-atollic-eabi/6.3.1/../../../../arm-atollic-eabi/lib/armv7e-m/fpu\libc_nano.a(lib_a-errno.o)
                              Src\syscalls.o (__errno)
d:/stm32/truestudio for stm32 9.3.0/armtools/bin/../lib/gcc/arm-atollic-eabi/6.3.1/../../../../arm-atollic-eabi/lib/armv7e-m/fpu\libc_nano.a(lib_a-impure.o)
                              d:/stm32/truestudio for stm32 9.3.0/armtools/bin/../lib/gcc/arm-atollic-eabi/6.3.1/../../../../arm-atollic-eabi/lib/armv7e-m/fpu\libc_nano.a(lib_a-errno.o) (_impure_ptr)
d:/stm32/truestudio for stm32 9.3.0/armtools/bin/../lib/gcc/arm-atollic-eabi/6.3.1/../../../../arm-atollic-eabi/lib/armv7e-m/fpu\libc_nano.a(lib_a-init.o)
                              startup\startup_stm32f429xx.o (__libc_init_array)
d:/stm32/truestudio for stm32 9.3.0/armtools/bin/../lib/gcc/arm-atollic-eabi/6.3.1/../../../../arm-atollic-eabi/lib/armv7e-m/fpu\libc_nano.a(lib_a-memset.o)
                              Src\main.o (memset)
d:/stm32/truestudio for stm32 9.3.0/armtools/bin/../lib/gcc/arm-atollic-eabi/6.3.1/../../../../arm-atollic-eabi/lib/armv7e-m/fpu\libc_nano.a(lib_a-sprintf.o)
                              Src\main.o (sprintf)
d:/stm32/truestudio for stm32 9.3.0/armtools/bin/../lib/gcc/arm-atollic-eabi/6.3.1/../../../../arm-atollic-eabi/lib/armv7e-m/fpu\libc_nano.a(lib_a-strlen.o)
                              Src\main.o (strlen)
d:/stm32/truestudio for stm32 9.3.0/armtools/bin/../lib/gcc/arm-atollic-eabi/6.3.1/../../../../arm-atollic-eabi/lib/armv7e-m/fpu\libc_nano.a(lib_a-strstr.o)
                              Src\main.o (strstr)
d:/stm32/truestudio for stm32 9.3.0/armtools/bin/../lib/gcc/arm-atollic-eabi/6.3.1/../../../../arm-atollic-eabi/lib/armv7e-m/fpu\libc_nano.a(lib_a-strtol.o)
                              d:/stm32/truestudio for stm32 9.3.0/armtools/bin/../lib/gcc/arm-atollic-eabi/6.3.1/../../../../arm-atollic-eabi/lib/armv7e-m/fpu\libc_nano.a(lib_a-atoi.o) (_strtol_r)
d:/stm32/truestudio for stm32 9.3.0/armtools/bin/../lib/gcc/arm-atollic-eabi/6.3.1/../../../../arm-atollic-eabi/lib/armv7e-m/fpu\libc_nano.a(lib_a-locale.o)
                              d:/stm32/truestudio for stm32 9.3.0/armtools/bin/../lib/gcc/arm-atollic-eabi/6.3.1/../../../../arm-atollic-eabi/lib/armv7e-m/fpu\libc_nano.a(lib_a-strtol.o) (__locale_ctype_ptr_l)
d:/stm32/truestudio for stm32 9.3.0/armtools/bin/../lib/gcc/arm-atollic-eabi/6.3.1/../../../../arm-atollic-eabi/lib/armv7e-m/fpu\libc_nano.a(lib_a-mbtowc_r.o)
                              d:/stm32/truestudio for stm32 9.3.0/armtools/bin/../lib/gcc/arm-atollic-eabi/6.3.1/../../../../arm-atollic-eabi/lib/armv7e-m/fpu\libc_nano.a(lib_a-locale.o) (__ascii_mbtowc)
d:/stm32/truestudio for stm32 9.3.0/armtools/bin/../lib/gcc/arm-atollic-eabi/6.3.1/../../../../arm-atollic-eabi/lib/armv7e-m/fpu\libc_nano.a(lib_a-nano-svfprintf.o)
                              d:/stm32/truestudio for stm32 9.3.0/armtools/bin/../lib/gcc/arm-atollic-eabi/6.3.1/../../../../arm-atollic-eabi/lib/armv7e-m/fpu\libc_nano.a(lib_a-sprintf.o) (_svfprintf_r)
d:/stm32/truestudio for stm32 9.3.0/armtools/bin/../lib/gcc/arm-atollic-eabi/6.3.1/../../../../arm-atollic-eabi/lib/armv7e-m/fpu\libc_nano.a(lib_a-nano-vfprintf_i.o)
                              d:/stm32/truestudio for stm32 9.3.0/armtools/bin/../lib/gcc/arm-atollic-eabi/6.3.1/../../../../arm-atollic-eabi/lib/armv7e-m/fpu\libc_nano.a(lib_a-nano-svfprintf.o) (_printf_i)
d:/stm32/truestudio for stm32 9.3.0/armtools/bin/../lib/gcc/arm-atollic-eabi/6.3.1/../../../../arm-atollic-eabi/lib/armv7e-m/fpu\libc_nano.a(lib_a-strcmp.o)
                              d:/stm32/truestudio for stm32 9.3.0/armtools/bin/../lib/gcc/arm-atollic-eabi/6.3.1/../../../../arm-atollic-eabi/lib/armv7e-m/fpu\libc_nano.a(lib_a-locale.o) (strcmp)
d:/stm32/truestudio for stm32 9.3.0/armtools/bin/../lib/gcc/arm-atollic-eabi/6.3.1/../../../../arm-atollic-eabi/lib/armv7e-m/fpu\libc_nano.a(lib_a-wctomb_r.o)
                              d:/stm32/truestudio for stm32 9.3.0/armtools/bin/../lib/gcc/arm-atollic-eabi/6.3.1/../../../../arm-atollic-eabi/lib/armv7e-m/fpu\libc_nano.a(lib_a-locale.o) (__ascii_wctomb)
d:/stm32/truestudio for stm32 9.3.0/armtools/bin/../lib/gcc/arm-atollic-eabi/6.3.1/../../../../arm-atollic-eabi/lib/armv7e-m/fpu\libc_nano.a(lib_a-ctype_.o)
                              d:/stm32/truestudio for stm32 9.3.0/armtools/bin/../lib/gcc/arm-atollic-eabi/6.3.1/../../../../arm-atollic-eabi/lib/armv7e-m/fpu\libc_nano.a(lib_a-locale.o) (_ctype_)
d:/stm32/truestudio for stm32 9.3.0/armtools/bin/../lib/gcc/arm-atollic-eabi/6.3.1/../../../../arm-atollic-eabi/lib/armv7e-m/fpu\libc_nano.a(lib_a-memchr.o)
[...]
Memory Configuration

Name             Origin             Length             Attributes
RAM              0x20000000         0x00030000         xrw
CCMRAM           0x10000000         0x00010000         rw
FLASH            0x08000000         0x00200000         xr
*default*        0x00000000         0xffffffff

Linker script and memory map

LOAD d:/stm32/truestudio for stm32 9.3.0/armtools/bin/../lib/gcc/arm-atollic-eabi/6.3.1/armv7e-m/fpu/crti.o
LOAD d:/stm32/truestudio for stm32 9.3.0/armtools/bin/../lib/gcc/arm-atollic-eabi/6.3.1/armv7e-m/fpu/crtbegin.o
LOAD Drivers\STM32F4xx_HAL_Driver\Src\stm32f4xx_hal.o
LOAD Drivers\STM32F4xx_HAL_Driver\Src\stm32f4xx_hal_cortex.o
LOAD Drivers\STM32F4xx_HAL_Driver\Src\stm32f4xx_hal_dma.o
LOAD Drivers\STM32F4xx_HAL_Driver\Src\stm32f4xx_hal_dma_ex.o
LOAD Drivers\STM32F4xx_HAL_Driver\Src\stm32f4xx_hal_exti.o
LOAD Drivers\STM32F4xx_HAL_Driver\Src\stm32f4xx_hal_flash.o
LOAD Drivers\STM32F4xx_HAL_Driver\Src\stm32f4xx_hal_flash_ex.o
LOAD Drivers\STM32F4xx_HAL_Driver\Src\stm32f4xx_hal_flash_ramfunc.o
LOAD Drivers\STM32F4xx_HAL_Driver\Src\stm32f4xx_hal_gpio.o
LOAD Drivers\STM32F4xx_HAL_Driver\Src\stm32f4xx_hal_pcd.o
LOAD Drivers\STM32F4xx_HAL_Driver\Src\stm32f4xx_hal_pcd_ex.o
LOAD Drivers\STM32F4xx_HAL_Driver\Src\stm32f4xx_hal_pwr.o
LOAD Drivers\STM32F4xx_HAL_Driver\Src\stm32f4xx_hal_pwr_ex.o
LOAD Drivers\STM32F4xx_HAL_Driver\Src\stm32f4xx_hal_rcc.o
LOAD Drivers\STM32F4xx_HAL_Driver\Src\stm32f4xx_hal_rcc_ex.o
LOAD Drivers\STM32F4xx_HAL_Driver\Src\stm32f4xx_hal_spi.o
LOAD Drivers\STM32F4xx_HAL_Driver\Src\stm32f4xx_hal_tim.o
LOAD Drivers\STM32F4xx_HAL_Driver\Src\stm32f4xx_hal_tim_ex.o
LOAD Drivers\STM32F4xx_HAL_Driver\Src\stm32f4xx_hal_uart.o
LOAD Drivers\STM32F4xx_HAL_Driver\Src\stm32f4xx_ll_usb.o
LOAD Src\main.o
LOAD Src\stm32f4xx_hal_msp.o
LOAD Src\stm32f4xx_it.o
LOAD Src\syscalls.o
LOAD Src\system_stm32f4xx.o
LOAD startup\startup_stm32f429xx.o
                0x00000080                malloc_getpagesize_P = 0x80
START GROUP
LOAD d:/stm32/truestudio for stm32 9.3.0/armtools/bin/../lib/gcc/arm-atollic-eabi/6.3.1/../../../../arm-atollic-eabi/lib/armv7e-m/fpu\libc_nano.a
LOAD d:/stm32/truestudio for stm32 9.3.0/armtools/bin/../lib/gcc/arm-atollic-eabi/6.3.1/../../../../arm-atollic-eabi/lib/armv7e-m/fpu\libm.a
END GROUP
START GROUP
LOAD d:/stm32/truestudio for stm32 9.3.0/armtools/bin/../lib/gcc/arm-atollic-eabi/6.3.1/armv7e-m/fpu\libgcc.a
LOAD d:/stm32/truestudio for stm32 9.3.0/armtools/bin/../lib/gcc/arm-atollic-eabi/6.3.1/../../../../arm-atollic-eabi/lib/armv7e-m/fpu\libc_nano.a
END GROUP
START GROUP
LOAD d:/stm32/truestudio for stm32 9.3.0/armtools/bin/../lib/gcc/arm-atollic-eabi/6.3.1/armv7e-m/fpu\libgcc.a
LOAD d:/stm32/truestudio for stm32 9.3.0/armtools/bin/../lib/gcc/arm-atollic-eabi/6.3.1/../../../../arm-atollic-eabi/lib/armv7e-m/fpu\libc_nano.a
LOAD d:/stm32/truestudio for stm32 9.3.0/armtools/bin/../lib/gcc/arm-atollic-eabi/6.3.1/../../../../arm-atollic-eabi/lib/armv7e-m/fpu\libnosys.a
END GROUP
START GROUP
LOAD d:/stm32/truestudio for stm32 9.3.0/armtools/bin/../lib/gcc/arm-atollic-eabi/6.3.1/armv7e-m/fpu\libgcc.a
LOAD d:/stm32/truestudio for stm32 9.3.0/armtools/bin/../lib/gcc/arm-atollic-eabi/6.3.1/../../../../arm-atollic-eabi/lib/armv7e-m/fpu\libc_nano.a
LOAD d:/stm32/truestudio for stm32 9.3.0/armtools/bin/../lib/gcc/arm-atollic-eabi/6.3.1/../../../../arm-atollic-eabi/lib/armv7e-m/fpu\libnosys.a
END GROUP
LOAD d:/stm32/truestudio for stm32 9.3.0/armtools/bin/../lib/gcc/arm-atollic-eabi/6.3.1/armv7e-m/fpu/crtend.o
LOAD d:/stm32/truestudio for stm32 9.3.0/armtools/bin/../lib/gcc/arm-atollic-eabi/6.3.1/armv7e-m/fpu/crtn.o
                0x20030000                _estack = 0x20030000
                0x00000200                _Min_Heap_Size = 0x200
                0x00000400                _Min_Stack_Size = 0x400

.isr_vector     0x08000000      0x1ac
                0x08000000                . = ALIGN (0x4)
 *(.isr_vector)
 .isr_vector    0x08000000      0x1ac startup\startup_stm32f429xx.o
                0x08000000                g_pfnVectors
                0x080001ac                . = ALIGN (0x4)

.text           0x080001b0     0xcfd8
                0x080001b0                . = ALIGN (0x4)
 *(.text)
 .text          0x080001b0       0x40 d:/stm32/truestudio for stm32 9.3.0/armtools/bin/../lib/gcc/arm-atollic-eabi/6.3.1/armv7e-m/fpu/crtbegin.o
 .text          0x080001f0      0x3fc Drivers\STM32F4xx_HAL_Driver\Src\stm32f4xx_hal.o
                0x080001f0                HAL_Init
                0x08000234                HAL_DeInit
                0x0800029a                HAL_MspDeInit
                0x080002a8                HAL_InitTick
                0x08000308                HAL_IncTick
                0x08000330                HAL_GetTick
                0x08000348                HAL_GetTickPrio
                0x08000360                HAL_SetTickFreq
                0x080003a0                HAL_GetTickFreq
                0x080003b8                HAL_Delay
                0x080003fc                HAL_SuspendTick
                0x0800041c                HAL_ResumeTick
                0x0800043c                HAL_GetHalVersion
                0x08000450                HAL_GetREVID
                0x08000468                HAL_GetDEVID
                0x08000484                HAL_DBGMCU_EnableDBGSleepMode
                0x080004a4                HAL_DBGMCU_DisableDBGSleepMode
                0x080004c4                HAL_DBGMCU_EnableDBGStopMode
                0x080004e4                HAL_DBGMCU_DisableDBGStopMode
                0x08000504                HAL_DBGMCU_EnableDBGStandbyMode
                0x08000524                HAL_DBGMCU_DisableDBGStandbyMode
                0x08000544                HAL_EnableCompensationCell
                0x0800055c                HAL_DisableCompensationCell
                0x08000574                HAL_GetUIDw0
                0x0800058c                HAL_GetUIDw1
                0x080005a4                HAL_GetUIDw2
                0x080005bc                HAL_EnableMemorySwappingBank
                0x080005d4                HAL_DisableMemorySwappingBank
 .text          0x080005ec      0x65c Drivers\STM32F4xx_HAL_Driver\Src\stm32f4xx_hal_cortex.o
                0x080009ac                HAL_NVIC_SetPriorityGrouping
                0x080009c2                HAL_NVIC_SetPriority
                0x080009fa                HAL_NVIC_EnableIRQ
                0x08000a16                HAL_NVIC_DisableIRQ
                0x08000a32                HAL_NVIC_SystemReset
                0x08000a3a                HAL_SYSTICK_Config
                0x08000a52                HAL_MPU_Disable
                0x08000a80                HAL_MPU_Enable
                0x08000abc                HAL_MPU_ConfigRegion
                0x08000b44                HAL_NVIC_GetPriorityGrouping
                0x08000b52                HAL_NVIC_GetPriority
                0x08000b7e                HAL_NVIC_SetPendingIRQ
                0x08000b9a                HAL_NVIC_GetPendingIRQ
                0x08000bb8                HAL_NVIC_ClearPendingIRQ
                0x08000bd4                HAL_NVIC_GetActive
                0x08000bf2                HAL_SYSTICK_CLKSourceConfig
                0x08000c2c                HAL_SYSTICK_IRQHandler
                0x08000c38                HAL_SYSTICK_Callback
 .text          0x08000c48      0xcac Drivers\STM32F4xx_HAL_Driver\Src\stm32f4xx_hal_dma.o
                0x08000c48                HAL_DMA_Init
                0x08000da4                HAL_DMA_DeInit
                0x08000e60                HAL_DMA_Start
                0x08000ed6                HAL_DMA_Start_IT
                0x08000f96                HAL_DMA_Abort
                0x08001076                HAL_DMA_Abort_IT
                0x080010ba                HAL_DMA_PollForTransfer
                0x08001278                HAL_DMA_IRQHandler
                0x0800158a                HAL_DMA_RegisterCallback
                0x08001632                HAL_DMA_UnRegisterCallback
                0x08001704                HAL_DMA_GetState
                0x08001720                HAL_DMA_GetError
 .text          0x080018f4      0x69c Drivers\STM32F4xx_HAL_Driver\Src\stm32f4xx_hal_gpio.o
                0x080018f4                HAL_GPIO_Init
                0x08001c48                HAL_GPIO_DeInit
                0x08001e60                HAL_GPIO_ReadPin
                0x08001e90                HAL_GPIO_WritePin
                0x08001ec2                HAL_GPIO_TogglePin
                0x08001ef8                HAL_GPIO_LockPin
                0x08001f48                HAL_GPIO_EXTI_IRQHandler
                0x08001f78                HAL_GPIO_EXTI_Callback
 .text          0x08001f90     0x1544 Drivers\STM32F4xx_HAL_Driver\Src\stm32f4xx_hal_pcd.o
                0x08001f90                HAL_PCD_Init
                0x080021b2                HAL_PCD_DeInit
                0x08002212                HAL_PCD_Start
                0x08002278                HAL_PCD_Stop
                0x080022d8                HAL_PCD_IRQHandler
                0x08002a3c                HAL_PCD_DataOutStageCallback
                0x08002a54                HAL_PCD_DataInStageCallback
                0x08002a6c                HAL_PCD_SetupStageCallback
                0x08002a80                HAL_PCD_SOFCallback
                0x08002a94                HAL_PCD_ResetCallback
                0x08002aa8                HAL_PCD_SuspendCallback
                0x08002abc                HAL_PCD_ResumeCallback
                0x08002ad0                HAL_PCD_ISOOUTIncompleteCallback
                0x08002ae8                HAL_PCD_ISOINIncompleteCallback
                0x08002b00                HAL_PCD_ConnectCallback
                0x08002b14                HAL_PCD_DisconnectCallback
                0x08002b28                HAL_PCD_DevConnect
                0x08002b84                HAL_PCD_DevDisconnect
                0x08002bbe                HAL_PCD_SetAddress
                0x08002c08                HAL_PCD_EP_Open
                0x08002cd8                HAL_PCD_EP_Close
                0x08002d6c                HAL_PCD_EP_Receive
                0x08002e02                HAL_PCD_EP_GetRxCount
                0x08002e32                HAL_PCD_EP_Transmit
                0x08002ec6                HAL_PCD_EP_SetStall
                0x08002f8e                HAL_PCD_EP_ClrStall
                0x0800303a                HAL_PCD_EP_Flush
                0x08003094                HAL_PCD_ActivateRemoteWakeup
                0x080030b0                HAL_PCD_DeActivateRemoteWakeup
                0x080030cc                HAL_PCD_GetState
 .text          0x080034d4       0xe0 Drivers\STM32F4xx_HAL_Driver\Src\stm32f4xx_hal_pcd_ex.o
                0x080034d4                HAL_PCDEx_SetTxFiFo
                0x08003562                HAL_PCDEx_SetRxFiFo
                0x08003584                HAL_PCDEx_LPM_Callback
                0x0800359c                HAL_PCDEx_BCD_Callback
 .text          0x080035b4      0xb34 Drivers\STM32F4xx_HAL_Driver\Src\stm32f4xx_hal_rcc.o
                0x080035c4                HAL_RCC_OscConfig
                0x08003a48                HAL_RCC_ClockConfig
                0x08003c0c                HAL_RCC_MCOConfig
                0x08003cdc                HAL_RCC_EnableCSS
                0x08003cf4                HAL_RCC_DisableCSS
                0x08003d0c                HAL_RCC_GetSysClockFreq
                0x08003ebc                HAL_RCC_GetHCLKFreq
                0x08003ed4                HAL_RCC_GetPCLK1Freq
                0x08003efc                HAL_RCC_GetPCLK2Freq
                0x08003f24                HAL_RCC_GetOscConfig
                0x0800404c                HAL_RCC_GetClockConfig
                0x080040b0                HAL_RCC_NMI_IRQHandler
                0x080040d8                HAL_RCC_CSSCallback
 .text          0x080040e8     0x23b4 Drivers\STM32F4xx_HAL_Driver\Src\stm32f4xx_hal_spi.o
                0x080040e8                HAL_SPI_Init
                0x080041ae                HAL_SPI_DeInit
                0x08004226                HAL_SPI_Transmit
                0x0800448a                HAL_SPI_Receive
                0x08004696                HAL_SPI_TransmitReceive
                0x080049d6                HAL_SPI_Transmit_IT
                0x08004ad8                HAL_SPI_Receive_IT
                0x08004c00                HAL_SPI_TransmitReceive_IT
                0x08004d24                HAL_SPI_Transmit_DMA
                0x08004e80                HAL_SPI_Receive_DMA
                0x08005000                HAL_SPI_TransmitReceive_DMA
                0x08005204                HAL_SPI_Abort
                0x080053dc                HAL_SPI_Abort_IT
                0x080055d0                HAL_SPI_DMAPause
                0x08005614                HAL_SPI_DMAResume
                0x08005658                HAL_SPI_DMAStop
                0x080056d6                HAL_SPI_IRQHandler
                0x080058c0                HAL_SPI_TxCpltCallback
                0x080058d4                HAL_SPI_RxCpltCallback
                0x080058e8                HAL_SPI_TxRxCpltCallback
                0x080058fc                HAL_SPI_TxHalfCpltCallback
                0x08005910                HAL_SPI_RxHalfCpltCallback
                0x08005924                HAL_SPI_TxRxHalfCpltCallback
                0x08005938                HAL_SPI_ErrorCallback
                0x0800594c                HAL_SPI_AbortCpltCallback
                0x08005960                HAL_SPI_GetState
                0x0800597c                HAL_SPI_GetError
 .text          0x0800649c     0x1e30 Drivers\STM32F4xx_HAL_Driver\Src\stm32f4xx_hal_uart.o
                0x0800649c                HAL_UART_Init
                0x08006536                HAL_HalfDuplex_Init
                0x080065e0                HAL_LIN_Init
                0x080066ac                HAL_MultiProcessor_Init
                0x0800678c                HAL_UART_DeInit
                0x0800680c                HAL_UART_Transmit
                0x0800693c                HAL_UART_Receive
                0x08006a88                HAL_UART_Transmit_IT
                0x08006b12                HAL_UART_Receive_IT
                0x08006bbc                HAL_UART_Transmit_DMA
                0x08006c94                HAL_UART_Receive_DMA
                0x08006d94                HAL_UART_DMAPause
                0x08006e5c                HAL_UART_DMAResume
                0x08006efe                HAL_UART_DMAStop
                0x08006fb4                HAL_UART_Abort
                0x080070b8                HAL_UART_AbortTransmit
                0x08007140                HAL_UART_AbortReceive
                0x080071d8                HAL_UART_Abort_IT
                0x08007320                HAL_UART_AbortTransmit_IT
                0x080073c0                HAL_UART_AbortReceive_IT
                0x08007470                HAL_UART_IRQHandler
                0x08007668                HAL_UART_TxCpltCallback
                0x0800767c                HAL_UART_TxHalfCpltCallback
                0x080076a4                HAL_UART_RxHalfCpltCallback
                0x080076b8                HAL_UART_ErrorCallback
                0x080076cc                HAL_UART_AbortCpltCallback
                0x080076e0                HAL_UART_AbortTransmitCpltCallback
                0x080076f4                HAL_UART_AbortReceiveCpltCallback
                0x08007708                HAL_LIN_SendBreak
                0x0800775c                HAL_MultiProcessor_EnterMuteMode
                0x080077b0                HAL_MultiProcessor_ExitMuteMode
                0x08007804                HAL_HalfDuplex_EnableTransmitter
                0x0800786c                HAL_HalfDuplex_EnableReceiver
                0x080078d4                HAL_UART_GetState
                0x08007910                HAL_UART_GetError
 .text          0x080082cc     0x2424 Drivers\STM32F4xx_HAL_Driver\Src\stm32f4xx_ll_usb.o
                0x080082cc                USB_CoreInit
                0x0800838e                USB_SetTurnaroundTime
                0x080084d4                USB_EnableGlobalInt
                0x080084f6                USB_DisableGlobalInt
                0x08008518                USB_SetCurrentMode
                0x0800856c                USB_DevInit
                0x08008850                USB_FlushTxFifo
                0x0800889c                USB_FlushRxFifo
                0x080088e0                USB_SetDevSpeed
                0x08008914                USB_GetDevSpeed
                0x0800895e                USB_ActivateEndpoint
                0x08008a74                USB_ActivateDedicatedEndpoint
                0x08008b8c                USB_DeactivateEndpoint
                0x08008c9c                USB_DeactivateDedicatedEndpoint
                0x08008d58                USB_EPStartXfer
                0x0800919c                USB_EP0StartXfer
                0x0800943e                USB_WritePacket
                0x080094a8                USB_ReadPacket
                0x080094fa                USB_EPSetStall
                0x080095de                USB_EPClearStall
                0x080096b2                USB_StopDevice
                0x08009750                USB_SetDevAddress
                0x080097a0                USB_DevConnect
                0x080097d2                USB_DevDisconnect
                0x08009804                USB_ReadInterrupts
                0x0800982a                USB_ReadDevAllOutEpInterrupt
                0x0800985e                USB_ReadDevAllInEpInterrupt
                0x08009892                USB_ReadDevOutEPInterrupt
                0x080098ce                USB_ReadDevInEPInterrupt
                0x0800992a                USB_ClearInterrupts
                0x0800994c                USB_GetMode
                0x08009968                USB_ActivateSetup
                0x080099d8                USB_EP0_OutStart
                0x08009b04                USB_HostInit
                0x08009c80                USB_InitFSLSPClkSel
                0x08009cf8                USB_ResetPort
                0x08009d50                USB_DriveVbus
                0x08009dc6                USB_GetHostSpeed
                0x08009df4                USB_GetCurrentFrame
                0x08009e16                USB_HC_Init
                0x0800a036                USB_HC_StartXfer
                0x0800a2c8                USB_HC_ReadInterrupt
                0x0800a2ea                USB_HC_Halt
                0x0800a4fc                USB_DoPing
                0x0800a574                USB_StopHost
                0x0800a680                USB_ActivateRemoteWakeup
                0x0800a6c0                USB_DeActivateRemoteWakeup
 .text          0x0800a6f0     0x14f0 Src\main.o
                0x0800a6f0                L6470_nCS_High
                0x0800a708                L6470_nCS_Low
                0x0800a720                L6470_SetParam
                0x0800a824                L6470_GetParam
                0x0800a914                L6470_Run
                0x0800a9fc                L6470_Move
                0x0800aae4                L6470_GoTo
                0x0800abc4                L6470_GoToDir
                0x0800acac                L6470_GoMark
                0x0800ad10                L6470_ResetPos
                0x0800ad74                L6470_ResetDevice
                0x0800add8                L6470_SoftStop
                0x0800ae3c                L6470_HardStop
                0x0800aea0                L6470_SoftHiZ
                0x0800af04                L6470_HardHiZ
                0x0800af68                L6470_GetStatus
                0x0800aff8                HAL_UART_RxCpltCallback
                0x0800b114                initUartDecode
                0x0800b144                decoderMsg
                0x0800b51c                L6470_nFLAG
                0x0800b53c                L6470_nBUSY
                0x0800b560                main
                0x0800b72c                SystemClock_Config
                0x0800bbd0                Error_Handler
 .text          0x0800bbe0      0x2ec Src\stm32f4xx_hal_msp.o
                0x0800bbe0                HAL_MspInit
                0x0800bc30                HAL_SPI_MspInit
                0x0800bcc0                HAL_SPI_MspDeInit
                0x0800bcfc                HAL_UART_MspInit
                0x0800bd9c                HAL_UART_MspDeInit
                0x0800bde0                HAL_PCD_MspInit
                0x0800be94                HAL_PCD_MspDeInit
 .text          0x0800becc       0x70 Src\stm32f4xx_it.o
                0x0800becc                NMI_Handler
                0x0800beda                HardFault_Handler
                0x0800bee0                MemManage_Handler
                0x0800bee6                BusFault_Handler
                0x0800beec                UsageFault_Handler
                0x0800bef2                SVC_Handler
                0x0800bf00                DebugMon_Handler
                0x0800bf0e                PendSV_Handler
                0x0800bf1c                SysTick_Handler
                0x0800bf28                USART3_IRQHandler
 .text          0x0800bf3c      0x26c Src\syscalls.o
                0x0800bf3c                initialise_monitor_handles
                0x0800bf4a                _getpid
                0x0800bf5a                _kill
                0x0800bf7a                _exit
                0x0800bf8e                _read
                0x0800bfc8                _write
                0x0800c000                _sbrk
                0x0800c058                _close
                0x0800c070                _fstat
                0x0800c090                _isatty
                0x0800c0a6                _lseek
                0x0800c0c0                _open
                0x0800c0dc                _wait
                0x0800c0fa                _unlink
                0x0800c118                _times
                0x0800c130                _stat
                0x0800c150                _link
                0x0800c170                _fork
                0x0800c186                _execve
 .text          0x0800c1a8      0x160 Src\system_stm32f4xx.o
                0x0800c1a8                SystemInit
                0x0800c214                SystemCoreClockUpdate
 .text          0x0800c308       0x10 d:/stm32/truestudio for stm32 9.3.0/armtools/bin/../lib/gcc/arm-atollic-eabi/6.3.1/../../../../arm-atollic-eabi/lib/armv7e-m/fpu\libc_nano.a(lib_a-strlen.o)
                0x0800c308                strlen
 *fill*         0x0800c318        0x8 
 .text          0x0800c320       0xa0 d:/stm32/truestudio for stm32 9.3.0/armtools/bin/../lib/gcc/arm-atollic-eabi/6.3.1/../../../../arm-atollic-eabi/lib/armv7e-m/fpu\libc_nano.a(lib_a-memchr.o)
                0x0800c320                memchr
 .text          0x0800c3c0       0x30 d:/stm32/truestudio for stm32 9.3.0/armtools/bin/../lib/gcc/arm-atollic-eabi/6.3.1/armv7e-m/fpu\libgcc.a(_aeabi_uldivmod.o)
                0x0800c3c0                __aeabi_uldivmod
 .text          0x0800c3f0      0x2dc d:/stm32/truestudio for stm32 9.3.0/armtools/bin/../lib/gcc/arm-atollic-eabi/6.3.1/armv7e-m/fpu\libgcc.a(_udivmoddi4.o)
                0x0800c3f0                __udivmoddi4
 .text          0x0800c6cc        0x4 d:/stm32/truestudio for stm32 9.3.0/armtools/bin/../lib/gcc/arm-atollic-eabi/6.3.1/armv7e-m/fpu\libgcc.a(_dvmd_tls.o)
                0x0800c6cc                __aeabi_idiv0
                0x0800c6cc                __aeabi_ldiv0
 *(.text*)
 .text.Reset_Handler
                0x0800c6d0       0x50 startup\startup_stm32f429xx.o
                0x0800c6d0                Reset_Handler
 .text.Default_Handler
                0x0800c720        0x2 startup\startup_stm32f429xx.o
                0x0800c720                RTC_Alarm_IRQHandler
                0x0800c720                HASH_RNG_IRQHandler
                0x0800c720                EXTI2_IRQHandler
                0x0800c720                TIM8_CC_IRQHandler
                0x0800c720                UART8_IRQHandler
                0x0800c720                SPI4_IRQHandler
                0x0800c720                TIM1_CC_IRQHandler
                0x0800c720                DMA2_Stream5_IRQHandler
                0x0800c720                DMA1_Stream5_IRQHandler
                0x0800c720                PVD_IRQHandler
                0x0800c720                SDIO_IRQHandler
                0x0800c720                TAMP_STAMP_IRQHandler
                0x0800c720                CAN2_RX1_IRQHandler
                0x0800c720                EXTI3_IRQHandler
                0x0800c720                TIM8_TRG_COM_TIM14_IRQHandler
                0x0800c720                TIM1_UP_TIM10_IRQHandler
                0x0800c720                TIM8_UP_TIM13_IRQHandler
                0x0800c720                I2C3_ER_IRQHandler
                0x0800c720                EXTI0_IRQHandler
                0x0800c720                I2C2_EV_IRQHandler
                0x0800c720                DMA1_Stream2_IRQHandler
                0x0800c720                CAN1_RX0_IRQHandler
                0x0800c720                FPU_IRQHandler
                0x0800c720                OTG_HS_WKUP_IRQHandler
                0x0800c720                LTDC_ER_IRQHandler
                0x0800c720                CAN2_SCE_IRQHandler
                0x0800c720                DMA2_Stream2_IRQHandler
                0x0800c720                SPI1_IRQHandler
                0x0800c720                TIM6_DAC_IRQHandler
                0x0800c720                TIM1_BRK_TIM9_IRQHandler
                0x0800c720                DCMI_IRQHandler
                0x0800c720                CAN2_RX0_IRQHandler
                0x0800c720                DMA2_Stream3_IRQHandler
                0x0800c720                USART6_IRQHandler
                0x0800c720                CAN1_RX1_IRQHandler
                0x0800c720                UART5_IRQHandler
                0x0800c720                DMA2_Stream0_IRQHandler
                0x0800c720                TIM4_IRQHandler
                0x0800c720                I2C1_EV_IRQHandler
                0x0800c720                DMA1_Stream6_IRQHandler
                0x0800c720                DMA1_Stream1_IRQHandler
                0x0800c720                UART4_IRQHandler
                0x0800c720                TIM3_IRQHandler
                0x0800c720                RCC_IRQHandler
                0x0800c720                TIM8_BRK_TIM12_IRQHandler
                0x0800c720                Default_Handler
                0x0800c720                EXTI15_10_IRQHandler
                0x0800c720                ADC_IRQHandler
                0x0800c720                DMA1_Stream7_IRQHandler
                0x0800c720                SPI5_IRQHandler
                0x0800c720                TIM7_IRQHandler
                0x0800c720                CAN2_TX_IRQHandler
                0x0800c720                TIM5_IRQHandler
                0x0800c720                DMA2_Stream7_IRQHandler
                0x0800c720                I2C3_EV_IRQHandler
                0x0800c720                EXTI9_5_IRQHandler
                0x0800c720                RTC_WKUP_IRQHandler
                0x0800c720                LTDC_IRQHandler
                0x0800c720                ETH_WKUP_IRQHandler
                0x0800c720                SPI2_IRQHandler
                0x0800c720                OTG_HS_EP1_IN_IRQHandler
                0x0800c720                DMA1_Stream0_IRQHandler
                0x0800c720                CAN1_TX_IRQHandler
                0x0800c720                EXTI4_IRQHandler
                0x0800c720                ETH_IRQHandler
                0x0800c720                OTG_HS_EP1_OUT_IRQHandler
                0x0800c720                WWDG_IRQHandler
                0x0800c720                SPI6_IRQHandler
                0x0800c720                TIM2_IRQHandler
                0x0800c720                OTG_FS_WKUP_IRQHandler
                0x0800c720                TIM1_TRG_COM_TIM11_IRQHandler
                0x0800c720                OTG_HS_IRQHandler
                0x0800c720                DMA2D_IRQHandler
                0x0800c720                EXTI1_IRQHandler
                0x0800c720                UART7_IRQHandler
                0x0800c720                USART2_IRQHandler
                0x0800c720                I2C2_ER_IRQHandler
                0x0800c720                DMA2_Stream1_IRQHandler
                0x0800c720                CAN1_SCE_IRQHandler
                0x0800c720                FLASH_IRQHandler
                0x0800c720                DMA2_Stream4_IRQHandler
                0x0800c720                USART1_IRQHandler
                0x0800c720                OTG_FS_IRQHandler
                0x0800c720                SPI3_IRQHandler
                0x0800c720                DMA1_Stream4_IRQHandler
                0x0800c720                I2C1_ER_IRQHandler
                0x0800c720                FMC_IRQHandler
                0x0800c720                DMA2_Stream6_IRQHandler
                0x0800c720                SAI1_IRQHandler
                0x0800c720                DMA1_Stream3_IRQHandler
 .text.atoi     0x0800c722        0x8 d:/stm32/truestudio for stm32 9.3.0/armtools/bin/../lib/gcc/arm-atollic-eabi/6.3.1/../../../../arm-atollic-eabi/lib/armv7e-m/fpu\libc_nano.a(lib_a-atoi.o)
                0x0800c722                atoi
 *fill*         0x0800c72a        0x2 
 .text.__errno  0x0800c72c        0xc d:/stm32/truestudio for stm32 9.3.0/armtools/bin/../lib/gcc/arm-atollic-eabi/6.3.1/../../../../arm-atollic-eabi/lib/armv7e-m/fpu\libc_nano.a(lib_a-errno.o)
                0x0800c72c                __errno
 .text.__libc_init_array
                0x0800c738       0x48 d:/stm32/truestudio for stm32 9.3.0/armtools/bin/../lib/gcc/arm-atollic-eabi/6.3.1/../../../../arm-atollic-eabi/lib/armv7e-m/fpu\libc_nano.a(lib_a-init.o)
                0x0800c738                __libc_init_array
 .text.memset   0x0800c780       0x10 d:/stm32/truestudio for stm32 9.3.0/armtools/bin/../lib/gcc/arm-atollic-eabi/6.3.1/../../../../arm-atollic-eabi/lib/armv7e-m/fpu\libc_nano.a(lib_a-memset.o)
                0x0800c780                memset
 .text.sprintf  0x0800c790       0x48 d:/stm32/truestudio for stm32 9.3.0/armtools/bin/../lib/gcc/arm-atollic-eabi/6.3.1/../../../../arm-atollic-eabi/lib/armv7e-m/fpu\libc_nano.a(lib_a-sprintf.o)
                0x0800c790                siprintf
                0x0800c790                sprintf
 .text.strstr   0x0800c7d8       0x36 d:/stm32/truestudio for stm32 9.3.0/armtools/bin/../lib/gcc/arm-atollic-eabi/6.3.1/../../../../arm-atollic-eabi/lib/armv7e-m/fpu\libc_nano.a(lib_a-strstr.o)
                0x0800c7d8                strstr
 .text._strtol_l.isra.0
                0x0800c80e      0x100 d:/stm32/truestudio for stm32 9.3.0/armtools/bin/../lib/gcc/arm-atollic-eabi/6.3.1/../../../../arm-atollic-eabi/lib/armv7e-m/fpu\libc_nano.a(lib_a-strtol.o)
 *fill*         0x0800c90e        0x2 
 .text.strtol   0x0800c910       0x2c d:/stm32/truestudio for stm32 9.3.0/armtools/bin/../lib/gcc/arm-atollic-eabi/6.3.1/../../../../arm-atollic-eabi/lib/armv7e-m/fpu\libc_nano.a(lib_a-strtol.o)
                0x0800c910                strtol
 .text.__locale_ctype_ptr_l
                0x0800c93c        0x6 d:/stm32/truestudio for stm32 9.3.0/armtools/bin/../lib/gcc/arm-atollic-eabi/6.3.1/../../../../arm-atollic-eabi/lib/armv7e-m/fpu\libc_nano.a(lib_a-locale.o)
                0x0800c93c                __locale_ctype_ptr_l
 .text.__ascii_mbtowc
                0x0800c942       0x24 d:/stm32/truestudio for stm32 9.3.0/armtools/bin/../lib/gcc/arm-atollic-eabi/6.3.1/../../../../arm-atollic-eabi/lib/armv7e-m/fpu\libc_nano.a(lib_a-mbtowc_r.o)
                0x0800c942                __ascii_mbtowc
 .text.__ssputs_r
                0x0800c966       0xb6 d:/stm32/truestudio for stm32 9.3.0/armtools/bin/../lib/gcc/arm-atollic-eabi/6.3.1/../../../../arm-atollic-eabi/lib/armv7e-m/fpu\libc_nano.a(lib_a-nano-svfprintf.o)
                0x0800c966                __ssputs_r
 .text._svfprintf_r
                0x0800ca1c      0x1e8 d:/stm32/truestudio for stm32 9.3.0/armtools/bin/../lib/gcc/arm-atollic-eabi/6.3.1/../../../../arm-atollic-eabi/lib/armv7e-m/fpu\libc_nano.a(lib_a-nano-svfprintf.o)
                0x0800ca1c                _svfiprintf_r
                0x0800ca1c                _svfprintf_r
 .text._printf_common
                0x0800cc04       0xec d:/stm32/truestudio for stm32 9.3.0/armtools/bin/../lib/gcc/arm-atollic-eabi/6.3.1/../../../../arm-atollic-eabi/lib/armv7e-m/fpu\libc_nano.a(lib_a-nano-vfprintf_i.o)
                0x0800cc04                _printf_common
 .text._printf_i
                0x0800ccf0      0x240 d:/stm32/truestudio for stm32 9.3.0/armtools/bin/../lib/gcc/arm-atollic-eabi/6.3.1/../../../../arm-atollic-eabi/lib/armv7e-m/fpu\libc_nano.a(lib_a-nano-vfprintf_i.o)
                0x0800ccf0                _printf_i
 .text.__ascii_wctomb
                0x0800cf30       0x1a d:/stm32/truestudio for stm32 9.3.0/armtools/bin/../lib/gcc/arm-atollic-eabi/6.3.1/../../../../arm-atollic-eabi/lib/armv7e-m/fpu\libc_nano.a(lib_a-wctomb_r.o)
                0x0800cf30                __ascii_wctomb
 .text.memcpy   0x0800cf4a       0x16 d:/stm32/truestudio for stm32 9.3.0/armtools/bin/../lib/gcc/arm-atollic-eabi/6.3.1/../../../../arm-atollic-eabi/lib/armv7e-m/fpu\libc_nano.a(lib_a-memcpy-stub.o)
                0x0800cf4a                memcpy
 .text.memmove  0x0800cf60       0x34 d:/stm32/truestudio for stm32 9.3.0/armtools/bin/../lib/gcc/arm-atollic-eabi/6.3.1/../../../../arm-atollic-eabi/lib/armv7e-m/fpu\libc_nano.a(lib_a-memmove.o)
                0x0800cf60                memmove
 .text._free_r  0x0800cf94       0x9c d:/stm32/truestudio for stm32 9.3.0/armtools/bin/../lib/gcc/arm-atollic-eabi/6.3.1/../../../../arm-atollic-eabi/lib/armv7e-m/fpu\libc_nano.a(lib_a-nano-freer.o)
                0x0800cf94                _free_r
 .text._malloc_r
                0x0800d030       0xbc d:/stm32/truestudio for stm32 9.3.0/armtools/bin/../lib/gcc/arm-atollic-eabi/6.3.1/../../../../arm-atollic-eabi/lib/armv7e-m/fpu\libc_nano.a(lib_a-nano-mallocr.o)
                0x0800d030                _malloc_r
 .text._realloc_r
                0x0800d0ec       0x4c d:/stm32/truestudio for stm32 9.3.0/armtools/bin/../lib/gcc/arm-atollic-eabi/6.3.1/../../../../arm-atollic-eabi/lib/armv7e-m/fpu\libc_nano.a(lib_a-nano-reallocr.o)
                0x0800d0ec                _realloc_r
 .text._sbrk_r  0x0800d138       0x20 d:/stm32/truestudio for stm32 9.3.0/armtools/bin/../lib/gcc/arm-atollic-eabi/6.3.1/../../../../arm-atollic-eabi/lib/armv7e-m/fpu\libc_nano.a(lib_a-sbrkr.o)
                0x0800d138                _sbrk_r
 .text.__malloc_lock
                0x0800d158        0x2 d:/stm32/truestudio for stm32 9.3.0/armtools/bin/../lib/gcc/arm-atollic-eabi/6.3.1/../../../../arm-atollic-eabi/lib/armv7e-m/fpu\libc_nano.a(lib_a-mlock.o)
                0x0800d158                __malloc_lock
 .text.__malloc_unlock
                0x0800d15a        0x2 d:/stm32/truestudio for stm32 9.3.0/armtools/bin/../lib/gcc/arm-atollic-eabi/6.3.1/../../../../arm-atollic-eabi/lib/armv7e-m/fpu\libc_nano.a(lib_a-mlock.o)
                0x0800d15a                __malloc_unlock
 .text._malloc_usable_size_r
                0x0800d15c       0x12 d:/stm32/truestudio for stm32 9.3.0/armtools/bin/../lib/gcc/arm-atollic-eabi/6.3.1/../../../../arm-atollic-eabi/lib/armv7e-m/fpu\libc_nano.a(lib_a-nano-msizer.o)
                0x0800d15c                _malloc_usable_size_r
 *(.glue_7)
 .glue_7        0x0800d16e        0x0 linker stubs
 *(.glue_7t)
 .glue_7t       0x0800d16e        0x0 linker stubs
 *(.eh_frame)
 *fill*         0x0800d16e        0x2 
 .eh_frame      0x0800d170        0x0 d:/stm32/truestudio for stm32 9.3.0/armtools/bin/../lib/gcc/arm-atollic-eabi/6.3.1/armv7e-m/fpu/crtbegin.o
 *(.init)
 .init          0x0800d170        0x4 d:/stm32/truestudio for stm32 9.3.0/armtools/bin/../lib/gcc/arm-atollic-eabi/6.3.1/armv7e-m/fpu/crti.o
                0x0800d170                _init
 .init          0x0800d174        0x8 d:/stm32/truestudio for stm32 9.3.0/armtools/bin/../lib/gcc/arm-atollic-eabi/6.3.1/armv7e-m/fpu/crtn.o
 *(.fini)
 .fini          0x0800d17c        0x4 d:/stm32/truestudio for stm32 9.3.0/armtools/bin/../lib/gcc/arm-atollic-eabi/6.3.1/armv7e-m/fpu/crti.o
                0x0800d17c                _fini
 .fini          0x0800d180        0x8 d:/stm32/truestudio for stm32 9.3.0/armtools/bin/../lib/gcc/arm-atollic-eabi/6.3.1/armv7e-m/fpu/crtn.o
                0x0800d188                . = ALIGN (0x4)
                0x0800d188                _etext = .

.vfp11_veneer   0x0800d188        0x0
 .vfp11_veneer  0x0800d188        0x0 linker stubs

.v4_bx          0x0800d188        0x0
 .v4_bx         0x0800d188        0x0 linker stubs

.iplt           0x0800d188        0x0
 .iplt          0x0800d188        0x0 d:/stm32/truestudio for stm32 9.3.0/armtools/bin/../lib/gcc/arm-atollic-eabi/6.3.1/armv7e-m/fpu/crtbegin.o

.rodata         0x0800d188      0x270
                0x0800d188                . = ALIGN (0x4)
 *(.rodata)
 .rodata        0x0800d188        0x8 Drivers\STM32F4xx_HAL_Driver\Src\stm32f4xx_hal_dma.o
 .rodata        0x0800d190      0x10f Src\main.o
 *fill*         0x0800d29f        0x1 
 .rodata        0x0800d2a0       0x18 Src\system_stm32f4xx.o
                0x0800d2a0                AHBPrescTable
                0x0800d2b0                APBPrescTable
 *(.rodata*)
 .rodata._setlocale_r.str1.1
                0x0800d2b8        0x8 d:/stm32/truestudio for stm32 9.3.0/armtools/bin/../lib/gcc/arm-atollic-eabi/6.3.1/../../../../arm-atollic-eabi/lib/armv7e-m/fpu\libc_nano.a(lib_a-locale.o)
                                  0x9 (size before relaxing)
 .rodata.str1.1
                0x0800d2c0        0x2 d:/stm32/truestudio for stm32 9.3.0/armtools/bin/../lib/gcc/arm-atollic-eabi/6.3.1/../../../../arm-atollic-eabi/lib/armv7e-m/fpu\libc_nano.a(lib_a-locale.o)
 .rodata._svfprintf_r.str1.1
                0x0800d2c2       0x11 d:/stm32/truestudio for stm32 9.3.0/armtools/bin/../lib/gcc/arm-atollic-eabi/6.3.1/../../../../arm-atollic-eabi/lib/armv7e-m/fpu\libc_nano.a(lib_a-nano-svfprintf.o)
 .rodata._printf_i.str1.1
                0x0800d2d3       0x22 d:/stm32/truestudio for stm32 9.3.0/armtools/bin/../lib/gcc/arm-atollic-eabi/6.3.1/../../../../arm-atollic-eabi/lib/armv7e-m/fpu\libc_nano.a(lib_a-nano-vfprintf_i.o)
 .rodata._ctype_
                0x0800d2f5      0x101 d:/stm32/truestudio for stm32 9.3.0/armtools/bin/../lib/gcc/arm-atollic-eabi/6.3.1/../../../../arm-atollic-eabi/lib/armv7e-m/fpu\libc_nano.a(lib_a-ctype_.o)
                0x0800d2f5                _ctype_
                0x0800d3f8                . = ALIGN (0x4)
 *fill*         0x0800d3f6        0x2 

.ARM.extab
 *(.ARM.extab* .gnu.linkonce.armextab.*)

.ARM            0x0800d3f8        0x8
                0x0800d3f8                __exidx_start = .
 *(.ARM.exidx*)
 .ARM.exidx     0x0800d3f8        0x8 d:/stm32/truestudio for stm32 9.3.0/armtools/bin/../lib/gcc/arm-atollic-eabi/6.3.1/armv7e-m/fpu\libgcc.a(_udivmoddi4.o)
                0x0800d400                __exidx_end = .

.rel.dyn        0x0800d400        0x0
 .rel.iplt      0x0800d400        0x0 d:/stm32/truestudio for stm32 9.3.0/armtools/bin/../lib/gcc/arm-atollic-eabi/6.3.1/armv7e-m/fpu/crtbegin.o

.preinit_array  0x0800d400        0x0
                0x0800d400                PROVIDE (__preinit_array_start, .)
 *(.preinit_array*)
                0x0800d400                PROVIDE (__preinit_array_end, .)

.init_array     0x0800d400        0x4
                0x0800d400                PROVIDE (__init_array_start, .)
 *(SORT(.init_array.*))
 *(.init_array*)
 .init_array    0x0800d400        0x4 d:/stm32/truestudio for stm32 9.3.0/armtools/bin/../lib/gcc/arm-atollic-eabi/6.3.1/armv7e-m/fpu/crtbegin.o
                0x0800d404                PROVIDE (__init_array_end, .)

.fini_array     0x0800d404        0x4
                [!provide]                PROVIDE (__fini_array_start, .)
 *(SORT(.fini_array.*))
 *(.fini_array*)
 .fini_array    0x0800d404        0x4 d:/stm32/truestudio for stm32 9.3.0/armtools/bin/../lib/gcc/arm-atollic-eabi/6.3.1/armv7e-m/fpu/crtbegin.o
                [!provide]                PROVIDE (__fini_array_end, .)
                0x0800d408                _sidata = LOADADDR (.data)

.data           0x20000000      0x1dc load address 0x0800d408
                0x20000000                . = ALIGN (0x4)
                0x20000000                _sdata = .
 *(.data)
 .data          0x20000000        0x5 Drivers\STM32F4xx_HAL_Driver\Src\stm32f4xx_hal.o
                0x20000000                uwTickPrio
                0x20000004                uwTickFreq
 *fill*         0x20000005        0x3 
 .data          0x20000008        0x4 Src\system_stm32f4xx.o
                0x20000008                SystemCoreClock
 *(.data*)
 .data._impure_ptr
                0x2000000c        0x4 d:/stm32/truestudio for stm32 9.3.0/armtools/bin/../lib/gcc/arm-atollic-eabi/6.3.1/../../../../arm-atollic-eabi/lib/armv7e-m/fpu\libc_nano.a(lib_a-impure.o)
                0x2000000c                _impure_ptr
 .data.impure_data
                0x20000010       0x60 d:/stm32/truestudio for stm32 9.3.0/armtools/bin/../lib/gcc/arm-atollic-eabi/6.3.1/../../../../arm-atollic-eabi/lib/armv7e-m/fpu\libc_nano.a(lib_a-impure.o)
 .data.__global_locale
                0x20000070      0x16c d:/stm32/truestudio for stm32 9.3.0/armtools/bin/../lib/gcc/arm-atollic-eabi/6.3.1/../../../../arm-atollic-eabi/lib/armv7e-m/fpu\libc_nano.a(lib_a-locale.o)
                0x20000070                __global_locale
                0x200001dc                . = ALIGN (0x4)
                0x200001dc                _edata = .
                0x0800d5e4                _siccmram = LOADADDR (.ccmram)

.igot.plt       0x200001dc        0x0 load address 0x0800d5e4
 .igot.plt      0x200001dc        0x0 d:/stm32/truestudio for stm32 9.3.0/armtools/bin/../lib/gcc/arm-atollic-eabi/6.3.1/armv7e-m/fpu/crtbegin.o

.ccmram         0x10000000        0x0 load address 0x0800d5e4
                0x10000000                . = ALIGN (0x4)
                0x10000000                _sccmram = .
 *(.ccmram)
 *(.ccmram*)
                0x10000000                . = ALIGN (0x4)
                0x10000000                _eccmram = .
                0x10000000                . = ALIGN (0x4)

.bss            0x200001dc      0x670
                0x200001dc                _sbss = .
                0x200001dc                __bss_start__ = _sbss
 *(.bss)
 .bss           0x200001dc       0x1c d:/stm32/truestudio for stm32 9.3.0/armtools/bin/../lib/gcc/arm-atollic-eabi/6.3.1/armv7e-m/fpu/crtbegin.o
 .bss           0x200001f8        0x4 Drivers\STM32F4xx_HAL_Driver\Src\stm32f4xx_ll_usb.o
 .bss           0x200001fc      0x198 Src\main.o
 .bss           0x20000394        0x8 Src\syscalls.o
                0x20000394                __env
 *(.bss*)
 .bss.__malloc_free_list
                0x2000039c        0x4 d:/stm32/truestudio for stm32 9.3.0/armtools/bin/../lib/gcc/arm-atollic-eabi/6.3.1/../../../../arm-atollic-eabi/lib/armv7e-m/fpu\libc_nano.a(lib_a-nano-mallocr.o)
                0x2000039c                __malloc_free_list
 .bss.__malloc_sbrk_start
                0x200003a0        0x4 d:/stm32/truestudio for stm32 9.3.0/armtools/bin/../lib/gcc/arm-atollic-eabi/6.3.1/../../../../arm-atollic-eabi/lib/armv7e-m/fpu\libc_nano.a(lib_a-nano-mallocr.o)
                0x200003a0                __malloc_sbrk_start
 *(COMMON)
 COMMON         0x200003a4        0x4 Drivers\STM32F4xx_HAL_Driver\Src\stm32f4xx_hal.o
                0x200003a4                uwTick
 COMMON         0x200003a8      0x4a0 Src\main.o
                0x200003a8                huart3
                0x200003e8                hpcd_USB_OTG_FS
                0x200007f0                hspi1
 COMMON         0x20000848        0x4 d:/stm32/truestudio for stm32 9.3.0/armtools/bin/../lib/gcc/arm-atollic-eabi/6.3.1/../../../../arm-atollic-eabi/lib/armv7e-m/fpu\libc_nano.a(lib_a-reent.o)
                0x20000848                errno
                0x2000084c                . = ALIGN (0x4)
                0x2000084c                _ebss = .
                0x2000084c                __bss_end__ = _ebss

._user_heap_stack
                0x2000084c      0x600
                0x2000084c                . = ALIGN (0x4)
                0x2000084c                PROVIDE (end, .)
                [!provide]                PROVIDE (_end, .)
                0x20000a4c                . = (. + _Min_Heap_Size)
 *fill*         0x2000084c      0x200 
                0x20000e4c                . = (. + _Min_Stack_Size)
 *fill*         0x20000a4c      0x400 
                0x20000e4c                . = ALIGN (0x4)

/DISCARD/
 libc.a(*)
 libm.a(*)
 libgcc.a(*)

.ARM.attributes
                0x00000000       0x30
 *(.ARM.attributes)
 .ARM.attributes
                0x00000000       0x22 d:/stm32/truestudio for stm32 9.3.0/armtools/bin/../lib/gcc/arm-atollic-eabi/6.3.1/armv7e-m/fpu/crti.o
 .ARM.attributes
                0x00000022       0x34 d:/stm32/truestudio for stm32 9.3.0/armtools/bin/../lib/gcc/arm-atollic-eabi/6.3.1/armv7e-m/fpu/crtbegin.o
 .ARM.attributes
                0x00000056       0x39 Drivers\STM32F4xx_HAL_Driver\Src\stm32f4xx_hal.o
 .ARM.attributes
                0x0000008f       0x39 Drivers\STM32F4xx_HAL_Driver\Src\stm32f4xx_hal_cortex.o
 .ARM.attributes
                0x000000c8       0x39 Drivers\STM32F4xx_HAL_Driver\Src\stm32f4xx_hal_dma.o
 .ARM.attributes
                0x00000101       0x39 Drivers\STM32F4xx_HAL_Driver\Src\stm32f4xx_hal_gpio.o
 .ARM.attributes
                0x0000013a       0x39 Drivers\STM32F4xx_HAL_Driver\Src\stm32f4xx_hal_pcd.o
 .ARM.attributes
                0x00000173       0x39 Drivers\STM32F4xx_HAL_Driver\Src\stm32f4xx_hal_pcd_ex.o
 .ARM.attributes
                0x000001ac       0x39 Drivers\STM32F4xx_HAL_Driver\Src\stm32f4xx_hal_rcc.o
 .ARM.attributes
                0x000001e5       0x39 Drivers\STM32F4xx_HAL_Driver\Src\stm32f4xx_hal_spi.o
 .ARM.attributes
                0x0000021e       0x39 Drivers\STM32F4xx_HAL_Driver\Src\stm32f4xx_hal_uart.o
 .ARM.attributes
                0x00000257       0x39 Drivers\STM32F4xx_HAL_Driver\Src\stm32f4xx_ll_usb.o
 .ARM.attributes
                0x00000290       0x39 Src\main.o
 .ARM.attributes
                0x000002c9       0x39 Src\stm32f4xx_hal_msp.o
 .ARM.attributes
                0x00000302       0x39 Src\stm32f4xx_it.o
 .ARM.attributes
                0x0000033b       0x39 Src\syscalls.o
 .ARM.attributes
                0x00000374       0x39 Src\system_stm32f4xx.o
 .ARM.attributes
                0x000003ad       0x21 startup\startup_stm32f429xx.o
 .ARM.attributes
                0x000003ce       0x34 d:/stm32/truestudio for stm32 9.3.0/armtools/bin/../lib/gcc/arm-atollic-eabi/6.3.1/../../../../arm-atollic-eabi/lib/armv7e-m/fpu\libc_nano.a(lib_a-atoi.o)
 .ARM.attributes
                0x00000402       0x34 d:/stm32/truestudio for stm32 9.3.0/armtools/bin/../lib/gcc/arm-atollic-eabi/6.3.1/../../../../arm-atollic-eabi/lib/armv7e-m/fpu\libc_nano.a(lib_a-errno.o)
 .ARM.attributes
                0x00000436       0x34 d:/stm32/truestudio for stm32 9.3.0/armtools/bin/../lib/gcc/arm-atollic-eabi/6.3.1/../../../../arm-atollic-eabi/lib/armv7e-m/fpu\libc_nano.a(lib_a-impure.o)
 .ARM.attributes
                0x0000046a       0x34 d:/stm32/truestudio for stm32 9.3.0/armtools/bin/../lib/gcc/arm-atollic-eabi/6.3.1/../../../../arm-atollic-eabi/lib/armv7e-m/fpu\libc_nano.a(lib_a-init.o)
 .ARM.attributes
                0x0000049e       0x34 d:/stm32/truestudio for stm32 9.3.0/armtools/bin/../lib/gcc/arm-atollic-eabi/6.3.1/../../../../arm-atollic-eabi/lib/armv7e-m/fpu\libc_nano.a(lib_a-memset.o)
 .ARM.attributes
                0x000004d2       0x34 d:/stm32/truestudio for stm32 9.3.0/armtools/bin/../lib/gcc/arm-atollic-eabi/6.3.1/../../../../arm-atollic-eabi/lib/armv7e-m/fpu\libc_nano.a(lib_a-sprintf.o)
 .ARM.attributes
                0x00000506       0x1b d:/stm32/truestudio for stm32 9.3.0/armtools/bin/../lib/gcc/arm-atollic-eabi/6.3.1/../../../../arm-atollic-eabi/lib/armv7e-m/fpu\libc_nano.a(lib_a-strlen.o)
 .ARM.attributes
                0x00000521       0x34 d:/stm32/truestudio for stm32 9.3.0/armtools/bin/../lib/gcc/arm-atollic-eabi/6.3.1/../../../../arm-atollic-eabi/lib/armv7e-m/fpu\libc_nano.a(lib_a-strstr.o)
 .ARM.attributes
                0x00000555       0x34 d:/stm32/truestudio for stm32 9.3.0/armtools/bin/../lib/gcc/arm-atollic-eabi/6.3.1/../../../../arm-atollic-eabi/lib/armv7e-m/fpu\libc_nano.a(lib_a-strtol.o)
 .ARM.attributes
                0x00000589       0x34 d:/stm32/truestudio for stm32 9.3.0/armtools/bin/../lib/gcc/arm-atollic-eabi/6.3.1/../../../../arm-atollic-eabi/lib/armv7e-m/fpu\libc_nano.a(lib_a-locale.o)
 .ARM.attributes
                0x000005bd       0x34 d:/stm32/truestudio for stm32 9.3.0/armtools/bin/../lib/gcc/arm-atollic-eabi/6.3.1/../../../../arm-atollic-eabi/lib/armv7e-m/fpu\libc_nano.a(lib_a-mbtowc_r.o)
 .ARM.attributes
                0x000005f1       0x34 d:/stm32/truestudio for stm32 9.3.0/armtools/bin/../lib/gcc/arm-atollic-eabi/6.3.1/../../../../arm-atollic-eabi/lib/armv7e-m/fpu\libc_nano.a(lib_a-nano-svfprintf.o)
 .ARM.attributes
                0x00000625       0x34 d:/stm32/truestudio for stm32 9.3.0/armtools/bin/../lib/gcc/arm-atollic-eabi/6.3.1/../../../../arm-atollic-eabi/lib/armv7e-m/fpu\libc_nano.a(lib_a-nano-vfprintf_i.o)
 .ARM.attributes
                0x00000659       0x34 d:/stm32/truestudio for stm32 9.3.0/armtools/bin/../lib/gcc/arm-atollic-eabi/6.3.1/../../../../arm-atollic-eabi/lib/armv7e-m/fpu\libc_nano.a(lib_a-wctomb_r.o)
 .ARM.attributes
                0x0000068d       0x34 d:/stm32/truestudio for stm32 9.3.0/armtools/bin/../lib/gcc/arm-atollic-eabi/6.3.1/../../../../arm-atollic-eabi/lib/armv7e-m/fpu\libc_nano.a(lib_a-ctype_.o)
 .ARM.attributes
                0x000006c1       0x20 d:/stm32/truestudio for stm32 9.3.0/armtools/bin/../lib/gcc/arm-atollic-eabi/6.3.1/../../../../arm-atollic-eabi/lib/armv7e-m/fpu\libc_nano.a(lib_a-memchr.o)
 .ARM.attributes
                0x000006e1       0x34 d:/stm32/truestudio for stm32 9.3.0/armtools/bin/../lib/gcc/arm-atollic-eabi/6.3.1/../../../../arm-atollic-eabi/lib/armv7e-m/fpu\libc_nano.a(lib_a-memcpy-stub.o)
 .ARM.attributes
                0x00000715       0x34 d:/stm32/truestudio for stm32 9.3.0/armtools/bin/../lib/gcc/arm-atollic-eabi/6.3.1/../../../../arm-atollic-eabi/lib/armv7e-m/fpu\libc_nano.a(lib_a-memmove.o)
 .ARM.attributes
                0x00000749       0x34 d:/stm32/truestudio for stm32 9.3.0/armtools/bin/../lib/gcc/arm-atollic-eabi/6.3.1/../../../../arm-atollic-eabi/lib/armv7e-m/fpu\libc_nano.a(lib_a-nano-freer.o)
 .ARM.attributes
                0x0000077d       0x34 d:/stm32/truestudio for stm32 9.3.0/armtools/bin/../lib/gcc/arm-atollic-eabi/6.3.1/../../../../arm-atollic-eabi/lib/armv7e-m/fpu\libc_nano.a(lib_a-nano-mallocr.o)
 .ARM.attributes
                0x000007b1       0x34 d:/stm32/truestudio for stm32 9.3.0/armtools/bin/../lib/gcc/arm-atollic-eabi/6.3.1/../../../../arm-atollic-eabi/lib/armv7e-m/fpu\libc_nano.a(lib_a-nano-reallocr.o)
 .ARM.attributes
                0x000007e5       0x34 d:/stm32/truestudio for stm32 9.3.0/armtools/bin/../lib/gcc/arm-atollic-eabi/6.3.1/../../../../arm-atollic-eabi/lib/armv7e-m/fpu\libc_nano.a(lib_a-sbrkr.o)
 .ARM.attributes
                0x00000819       0x34 d:/stm32/truestudio for stm32 9.3.0/armtools/bin/../lib/gcc/arm-atollic-eabi/6.3.1/../../../../arm-atollic-eabi/lib/armv7e-m/fpu\libc_nano.a(lib_a-mlock.o)
 .ARM.attributes
                0x0000084d       0x34 d:/stm32/truestudio for stm32 9.3.0/armtools/bin/../lib/gcc/arm-atollic-eabi/6.3.1/../../../../arm-atollic-eabi/lib/armv7e-m/fpu\libc_nano.a(lib_a-nano-msizer.o)
 .ARM.attributes
                0x00000881       0x34 d:/stm32/truestudio for stm32 9.3.0/armtools/bin/../lib/gcc/arm-atollic-eabi/6.3.1/../../../../arm-atollic-eabi/lib/armv7e-m/fpu\libc_nano.a(lib_a-reent.o)
 .ARM.attributes
                0x000008b5       0x22 d:/stm32/truestudio for stm32 9.3.0/armtools/bin/../lib/gcc/arm-atollic-eabi/6.3.1/armv7e-m/fpu\libgcc.a(_aeabi_uldivmod.o)
 .ARM.attributes
                0x000008d7       0x34 d:/stm32/truestudio for stm32 9.3.0/armtools/bin/../lib/gcc/arm-atollic-eabi/6.3.1/armv7e-m/fpu\libgcc.a(_udivmoddi4.o)
 .ARM.attributes
                0x0000090b       0x22 d:/stm32/truestudio for stm32 9.3.0/armtools/bin/../lib/gcc/arm-atollic-eabi/6.3.1/armv7e-m/fpu\libgcc.a(_dvmd_tls.o)
 .ARM.attributes
                0x0000092d       0x22 d:/stm32/truestudio for stm32 9.3.0/armtools/bin/../lib/gcc/arm-atollic-eabi/6.3.1/armv7e-m/fpu/crtn.o
OUTPUT(Steppers_F429.elf elf32-littlearm)

.debug_info     0x00000000     0xdbe0
 .debug_info    0x00000000      0x998 Drivers\STM32F4xx_HAL_Driver\Src\stm32f4xx_hal.o
 .debug_info    0x00000998      0xe11 Drivers\STM32F4xx_HAL_Driver\Src\stm32f4xx_hal_cortex.o
 .debug_info    0x000017a9      0x917 Drivers\STM32F4xx_HAL_Driver\Src\stm32f4xx_hal_dma.o
 .debug_info    0x000020c0      0x781 Drivers\STM32F4xx_HAL_Driver\Src\stm32f4xx_hal_gpio.o
 .debug_info    0x00002841     0x10b5 Drivers\STM32F4xx_HAL_Driver\Src\stm32f4xx_hal_pcd.o
 .debug_info    0x000038f6      0x702 Drivers\STM32F4xx_HAL_Driver\Src\stm32f4xx_hal_pcd_ex.o
 .debug_info    0x00003ff8      0x8c2 Drivers\STM32F4xx_HAL_Driver\Src\stm32f4xx_hal_rcc.o
 .debug_info    0x000048ba     0x15db Drivers\STM32F4xx_HAL_Driver\Src\stm32f4xx_hal_spi.o
 .debug_info    0x00005e95     0x11d7 Drivers\STM32F4xx_HAL_Driver\Src\stm32f4xx_hal_uart.o
 .debug_info    0x0000706c     0x185e Drivers\STM32F4xx_HAL_Driver\Src\stm32f4xx_ll_usb.o
 .debug_info    0x000088ca     0x255c Src\main.o
 .debug_info    0x0000ae26     0x12d9 Src\stm32f4xx_hal_msp.o
 .debug_info    0x0000c0ff      0x637 Src\stm32f4xx_it.o
 .debug_info    0x0000c736      0xf1a Src\syscalls.o
 .debug_info    0x0000d650      0x523 Src\system_stm32f4xx.o
 .debug_info    0x0000db73       0x6d startup\startup_stm32f429xx.o

.debug_abbrev   0x00000000     0x1ff0
 .debug_abbrev  0x00000000      0x1c9 Drivers\STM32F4xx_HAL_Driver\Src\stm32f4xx_hal.o
 .debug_abbrev  0x000001c9      0x2f8 Drivers\STM32F4xx_HAL_Driver\Src\stm32f4xx_hal_cortex.o
 .debug_abbrev  0x000004c1      0x227 Drivers\STM32F4xx_HAL_Driver\Src\stm32f4xx_hal_dma.o
 .debug_abbrev  0x000006e8      0x1c7 Drivers\STM32F4xx_HAL_Driver\Src\stm32f4xx_hal_gpio.o
 .debug_abbrev  0x000008af      0x255 Drivers\STM32F4xx_HAL_Driver\Src\stm32f4xx_hal_pcd.o
 .debug_abbrev  0x00000b04      0x1cd Drivers\STM32F4xx_HAL_Driver\Src\stm32f4xx_hal_pcd_ex.o
 .debug_abbrev  0x00000cd1      0x243 Drivers\STM32F4xx_HAL_Driver\Src\stm32f4xx_hal_rcc.o
 .debug_abbrev  0x00000f14      0x23e Drivers\STM32F4xx_HAL_Driver\Src\stm32f4xx_hal_spi.o
 .debug_abbrev  0x00001152      0x240 Drivers\STM32F4xx_HAL_Driver\Src\stm32f4xx_hal_uart.o
 .debug_abbrev  0x00001392      0x259 Drivers\STM32F4xx_HAL_Driver\Src\stm32f4xx_ll_usb.o
 .debug_abbrev  0x000015eb      0x333 Src\main.o
 .debug_abbrev  0x0000191e      0x1f4 Src\stm32f4xx_hal_msp.o
 .debug_abbrev  0x00001b12      0x147 Src\stm32f4xx_it.o
 .debug_abbrev  0x00001c59      0x274 Src\syscalls.o
 .debug_abbrev  0x00001ecd      0x111 Src\system_stm32f4xx.o
 .debug_abbrev  0x00001fde       0x12 startup\startup_stm32f429xx.o

.debug_aranges  0x00000000      0x208
 .debug_aranges
                0x00000000       0x20 Drivers\STM32F4xx_HAL_Driver\Src\stm32f4xx_hal.o
 .debug_aranges
                0x00000020       0x20 Drivers\STM32F4xx_HAL_Driver\Src\stm32f4xx_hal_cortex.o
 .debug_aranges
                0x00000040       0x20 Drivers\STM32F4xx_HAL_Driver\Src\stm32f4xx_hal_dma.o
 .debug_aranges
                0x00000060       0x20 Drivers\STM32F4xx_HAL_Driver\Src\stm32f4xx_hal_gpio.o
 .debug_aranges
                0x00000080       0x20 Drivers\STM32F4xx_HAL_Driver\Src\stm32f4xx_hal_pcd.o
 .debug_aranges
                0x000000a0       0x20 Drivers\STM32F4xx_HAL_Driver\Src\stm32f4xx_hal_pcd_ex.o
 .debug_aranges
                0x000000c0       0x20 Drivers\STM32F4xx_HAL_Driver\Src\stm32f4xx_hal_rcc.o
 .debug_aranges
                0x000000e0       0x20 Drivers\STM32F4xx_HAL_Driver\Src\stm32f4xx_hal_spi.o
 .debug_aranges
                0x00000100       0x20 Drivers\STM32F4xx_HAL_Driver\Src\stm32f4xx_hal_uart.o
 .debug_aranges
                0x00000120       0x20 Drivers\STM32F4xx_HAL_Driver\Src\stm32f4xx_ll_usb.o
 .debug_aranges
                0x00000140       0x20 Src\main.o
 .debug_aranges
                0x00000160       0x20 Src\stm32f4xx_hal_msp.o
 .debug_aranges
                0x00000180       0x20 Src\stm32f4xx_it.o
 .debug_aranges
                0x000001a0       0x20 Src\syscalls.o
 .debug_aranges
                0x000001c0       0x20 Src\system_stm32f4xx.o
 .debug_aranges
                0x000001e0       0x28 startup\startup_stm32f429xx.o

.debug_macro    0x00000000    0x24236
 .debug_macro   0x00000000      0x248 Drivers\STM32F4xx_HAL_Driver\Src\stm32f4xx_hal.o
 .debug_macro   0x00000248      0x8b6 Drivers\STM32F4xx_HAL_Driver\Src\stm32f4xx_hal.o
 .debug_macro   0x00000afe      0x192 Drivers\STM32F4xx_HAL_Driver\Src\stm32f4xx_hal.o
 .debug_macro   0x00000c90       0x32 Drivers\STM32F4xx_HAL_Driver\Src\stm32f4xx_hal.o
 .debug_macro   0x00000cc2       0x28 Drivers\STM32F4xx_HAL_Driver\Src\stm32f4xx_hal.o
 .debug_macro   0x00000cea       0x22 Drivers\STM32F4xx_HAL_Driver\Src\stm32f4xx_hal.o
 .debug_macro   0x00000d0c       0x87 Drivers\STM32F4xx_HAL_Driver\Src\stm32f4xx_hal.o
 .debug_macro   0x00000d93       0x51 Drivers\STM32F4xx_HAL_Driver\Src\stm32f4xx_hal.o
 .debug_macro   0x00000de4       0xef Drivers\STM32F4xx_HAL_Driver\Src\stm32f4xx_hal.o
 .debug_macro   0x00000ed3       0x6a Drivers\STM32F4xx_HAL_Driver\Src\stm32f4xx_hal.o
 .debug_macro   0x00000f3d      0x1df Drivers\STM32F4xx_HAL_Driver\Src\stm32f4xx_hal.o
 .debug_macro   0x0000111c       0x1c Drivers\STM32F4xx_HAL_Driver\Src\stm32f4xx_hal.o
 .debug_macro   0x00001138       0x22 Drivers\STM32F4xx_HAL_Driver\Src\stm32f4xx_hal.o
 .debug_macro   0x0000115a       0xdf Drivers\STM32F4xx_HAL_Driver\Src\stm32f4xx_hal.o
 .debug_macro   0x00001239     0x102d Drivers\STM32F4xx_HAL_Driver\Src\stm32f4xx_hal.o
 .debug_macro   0x00002266      0x11f Drivers\STM32F4xx_HAL_Driver\Src\stm32f4xx_hal.o
 .debug_macro   0x00002385    0x17f81 Drivers\STM32F4xx_HAL_Driver\Src\stm32f4xx_hal.o
 .debug_macro   0x0001a306       0x43 Drivers\STM32F4xx_HAL_Driver\Src\stm32f4xx_hal.o
 .debug_macro   0x0001a349     0x3644 Drivers\STM32F4xx_HAL_Driver\Src\stm32f4xx_hal.o
 .debug_macro   0x0001d98d      0x174 Drivers\STM32F4xx_HAL_Driver\Src\stm32f4xx_hal.o
 .debug_macro   0x0001db01       0x4e Drivers\STM32F4xx_HAL_Driver\Src\stm32f4xx_hal.o
 .debug_macro   0x0001db4f      0xca5 Drivers\STM32F4xx_HAL_Driver\Src\stm32f4xx_hal.o
 .debug_macro   0x0001e7f4      0x9fe Drivers\STM32F4xx_HAL_Driver\Src\stm32f4xx_hal.o
 .debug_macro   0x0001f1f2       0xed Drivers\STM32F4xx_HAL_Driver\Src\stm32f4xx_hal.o
 .debug_macro   0x0001f2df      0x117 Drivers\STM32F4xx_HAL_Driver\Src\stm32f4xx_hal.o
 .debug_macro   0x0001f3f6      0x157 Drivers\STM32F4xx_HAL_Driver\Src\stm32f4xx_hal.o
 .debug_macro   0x0001f54d       0x27 Drivers\STM32F4xx_HAL_Driver\Src\stm32f4xx_hal.o
 .debug_macro   0x0001f574      0x287 Drivers\STM32F4xx_HAL_Driver\Src\stm32f4xx_hal.o
 .debug_macro   0x0001f7fb       0x5f Drivers\STM32F4xx_HAL_Driver\Src\stm32f4xx_hal.o
 .debug_macro   0x0001f85a      0x236 Drivers\STM32F4xx_HAL_Driver\Src\stm32f4xx_hal.o
 .debug_macro   0x0001fa90      0x132 Drivers\STM32F4xx_HAL_Driver\Src\stm32f4xx_hal.o
 .debug_macro   0x0001fbc2      0x41d Drivers\STM32F4xx_HAL_Driver\Src\stm32f4xx_hal.o
 .debug_macro   0x0001ffdf       0x2e Drivers\STM32F4xx_HAL_Driver\Src\stm32f4xx_hal.o
 .debug_macro   0x0002000d      0x11a Drivers\STM32F4xx_HAL_Driver\Src\stm32f4xx_hal.o
 .debug_macro   0x00020127       0xe2 Drivers\STM32F4xx_HAL_Driver\Src\stm32f4xx_hal.o
 .debug_macro   0x00020209       0x89 Drivers\STM32F4xx_HAL_Driver\Src\stm32f4xx_hal.o
 .debug_macro   0x00020292      0x225 Drivers\STM32F4xx_HAL_Driver\Src\stm32f4xx_hal.o
 .debug_macro   0x000204b7      0x287 Drivers\STM32F4xx_HAL_Driver\Src\stm32f4xx_hal.o
 .debug_macro   0x0002073e      0x202 Drivers\STM32F4xx_HAL_Driver\Src\stm32f4xx_hal.o
 .debug_macro   0x00020940       0xe4 Drivers\STM32F4xx_HAL_Driver\Src\stm32f4xx_hal.o
 .debug_macro   0x00020a24      0x134 Drivers\STM32F4xx_HAL_Driver\Src\stm32f4xx_hal.o
 .debug_macro   0x00020b58      0x1e8 Drivers\STM32F4xx_HAL_Driver\Src\stm32f4xx_hal_cortex.o
 .debug_macro   0x00020d40      0x1ee Drivers\STM32F4xx_HAL_Driver\Src\stm32f4xx_hal_dma.o
 .debug_macro   0x00020f2e      0x21e Drivers\STM32F4xx_HAL_Driver\Src\stm32f4xx_hal_gpio.o
 .debug_macro   0x0002114c      0x1f4 Drivers\STM32F4xx_HAL_Driver\Src\stm32f4xx_hal_pcd.o
 .debug_macro   0x00021340      0x1e8 Drivers\STM32F4xx_HAL_Driver\Src\stm32f4xx_hal_pcd_ex.o
 .debug_macro   0x00021528      0x20c Drivers\STM32F4xx_HAL_Driver\Src\stm32f4xx_hal_rcc.o
 .debug_macro   0x00021734      0x1f0 Drivers\STM32F4xx_HAL_Driver\Src\stm32f4xx_hal_spi.o
 .debug_macro   0x00021924      0x1e9 Drivers\STM32F4xx_HAL_Driver\Src\stm32f4xx_hal_uart.o
 .debug_macro   0x00021b0d      0x1e8 Drivers\STM32F4xx_HAL_Driver\Src\stm32f4xx_ll_usb.o
 .debug_macro   0x00021cf5      0x3d2 Src\main.o
 .debug_macro   0x000220c7      0x154 Src\main.o
 .debug_macro   0x0002221b       0xd0 Src\main.o
 .debug_macro   0x000222eb       0x46 Src\main.o
 .debug_macro   0x00022331       0x3c Src\main.o
 .debug_macro   0x0002236d       0x9c Src\main.o
 .debug_macro   0x00022409       0x16 Src\main.o
 .debug_macro   0x0002241f       0x35 Src\main.o
 .debug_macro   0x00022454      0x307 Src\main.o
 .debug_macro   0x0002275b       0x10 Src\main.o
 .debug_macro   0x0002276b       0x52 Src\main.o
 .debug_macro   0x000227bd       0x1f Src\main.o
 .debug_macro   0x000227dc       0x43 Src\main.o
 .debug_macro   0x0002281f       0x20 Src\main.o
 .debug_macro   0x0002283f      0x1a3 Src\main.o
 .debug_macro   0x000229e2       0x10 Src\main.o
 .debug_macro   0x000229f2       0x1c Src\main.o
 .debug_macro   0x00022a0e       0x52 Src\main.o
 .debug_macro   0x00022a60       0x40 Src\main.o
 .debug_macro   0x00022aa0       0x10 Src\main.o
 .debug_macro   0x00022ab0       0x40 Src\main.o
 .debug_macro   0x00022af0       0xd7 Src\main.o
 .debug_macro   0x00022bc7       0x16 Src\main.o
 .debug_macro   0x00022bdd      0x161 Src\main.o
 .debug_macro   0x00022d3e       0x16 Src\main.o
 .debug_macro   0x00022d54       0x20 Src\main.o
 .debug_macro   0x00022d74       0x2e Src\main.o
 .debug_macro   0x00022da2       0x16 Src\main.o
 .debug_macro   0x00022db8       0x16 Src\main.o
 .debug_macro   0x00022dce       0x29 Src\main.o
 .debug_macro   0x00022df7      0x1e1 Src\main.o
 .debug_macro   0x00022fd8       0x16 Src\main.o
 .debug_macro   0x00022fee      0x1f7 Src\stm32f4xx_hal_msp.o
 .debug_macro   0x000231e5      0x201 Src\stm32f4xx_it.o
 .debug_macro   0x000233e6      0x236 Src\syscalls.o
 .debug_macro   0x0002361c       0x40 Src\syscalls.o
 .debug_macro   0x0002365c       0x8d Src\syscalls.o
 .debug_macro   0x000236e9       0x57 Src\syscalls.o
 .debug_macro   0x00023740      0x30d Src\syscalls.o
 .debug_macro   0x00023a4d       0x10 Src\syscalls.o
 .debug_macro   0x00023a5d       0x10 Src\syscalls.o
 .debug_macro   0x00023a6d       0x10 Src\syscalls.o
 .debug_macro   0x00023a7d       0x35 Src\syscalls.o
 .debug_macro   0x00023ab2      0x122 Src\syscalls.o
 .debug_macro   0x00023bd4       0x10 Src\syscalls.o
 .debug_macro   0x00023be4      0x241 Src\syscalls.o
 .debug_macro   0x00023e25       0x1c Src\syscalls.o
 .debug_macro   0x00023e41       0x10 Src\syscalls.o
 .debug_macro   0x00023e51      0x159 Src\syscalls.o
 .debug_macro   0x00023faa       0x16 Src\syscalls.o
 .debug_macro   0x00023fc0       0x88 Src\syscalls.o
 .debug_macro   0x00024048      0x1ee Src\system_stm32f4xx.o

.debug_line     0x00000000     0x72ca
 .debug_line    0x00000000      0x5db Drivers\STM32F4xx_HAL_Driver\Src\stm32f4xx_hal.o
 .debug_line    0x000005db      0x6b1 Drivers\STM32F4xx_HAL_Driver\Src\stm32f4xx_hal_cortex.o
 .debug_line    0x00000c8c      0x763 Drivers\STM32F4xx_HAL_Driver\Src\stm32f4xx_hal_dma.o
 .debug_line    0x000013ef      0x6f4 Drivers\STM32F4xx_HAL_Driver\Src\stm32f4xx_hal_gpio.o
 .debug_line    0x00001ae3      0x8e7 Drivers\STM32F4xx_HAL_Driver\Src\stm32f4xx_hal_pcd.o
 .debug_line    0x000023ca      0x57d Drivers\STM32F4xx_HAL_Driver\Src\stm32f4xx_hal_pcd_ex.o
 .debug_line    0x00002947      0x6df Drivers\STM32F4xx_HAL_Driver\Src\stm32f4xx_hal_rcc.o
 .debug_line    0x00003026      0xc28 Drivers\STM32F4xx_HAL_Driver\Src\stm32f4xx_hal_spi.o
 .debug_line    0x00003c4e      0xb7a Drivers\STM32F4xx_HAL_Driver\Src\stm32f4xx_hal_uart.o
 .debug_line    0x000047c8      0xa0f Drivers\STM32F4xx_HAL_Driver\Src\stm32f4xx_ll_usb.o
 .debug_line    0x000051d7      0xbee Src\main.o
 .debug_line    0x00005dc5      0x589 Src\stm32f4xx_hal_msp.o
 .debug_line    0x0000634e      0x579 Src\stm32f4xx_it.o
 .debug_line    0x000068c7      0x430 Src\syscalls.o
 .debug_line    0x00006cf7      0x554 Src\system_stm32f4xx.o
 .debug_line    0x0000724b       0x7f startup\startup_stm32f429xx.o

.debug_str      0x00000000    0xd5f77
 .debug_str     0x00000000    0xcca6f Drivers\STM32F4xx_HAL_Driver\Src\stm32f4xx_hal.o
                              0xccdf1 (size before relaxing)
 .debug_str     0x000cca6f      0x3ed Drivers\STM32F4xx_HAL_Driver\Src\stm32f4xx_hal_cortex.o
                              0xccb1e (size before relaxing)
 .debug_str     0x000cce5c      0x53e Drivers\STM32F4xx_HAL_Driver\Src\stm32f4xx_hal_dma.o
                              0xcc613 (size before relaxing)
 .debug_str     0x000cd39a      0x28c Drivers\STM32F4xx_HAL_Driver\Src\stm32f4xx_hal_gpio.o
                              0xcc450 (size before relaxing)
 .debug_str     0x000cd626      0x869 Drivers\STM32F4xx_HAL_Driver\Src\stm32f4xx_hal_pcd.o
                              0xcc99e (size before relaxing)
 .debug_str     0x000cde8f      0x13f Drivers\STM32F4xx_HAL_Driver\Src\stm32f4xx_hal_pcd_ex.o
                              0xcc59e (size before relaxing)
 .debug_str     0x000cdfce      0x384 Drivers\STM32F4xx_HAL_Driver\Src\stm32f4xx_hal_rcc.o
                              0xcc5f3 (size before relaxing)
 .debug_str     0x000ce352      0x70c Drivers\STM32F4xx_HAL_Driver\Src\stm32f4xx_hal_spi.o
                              0xcca46 (size before relaxing)
 .debug_str     0x000cea5e      0x67d Drivers\STM32F4xx_HAL_Driver\Src\stm32f4xx_hal_uart.o
                              0xcca31 (size before relaxing)
 .debug_str     0x000cf0db      0x65d Drivers\STM32F4xx_HAL_Driver\Src\stm32f4xx_ll_usb.o
                              0xccab5 (size before relaxing)
 .debug_str     0x000cf738     0x5647 Src\main.o
                              0xd2362 (size before relaxing)
 .debug_str     0x000d4d7f       0x1b Src\stm32f4xx_hal_msp.o
                              0xcd5bf (size before relaxing)
 .debug_str     0x000d4d9a       0xca Src\stm32f4xx_it.o
                              0xcca63 (size before relaxing)
 .debug_str     0x000d4e64     0x10b9 Src\syscalls.o
                               0x80bf (size before relaxing)
 .debug_str     0x000d5f1d       0x5a Src\system_stm32f4xx.o
                              0xcc20c (size before relaxing)

.comment        0x00000000       0x7c
 .comment       0x00000000       0x7c Drivers\STM32F4xx_HAL_Driver\Src\stm32f4xx_hal.o
                                 0x7d (size before relaxing)
 .comment       0x0000007c       0x7d Drivers\STM32F4xx_HAL_Driver\Src\stm32f4xx_hal_cortex.o
 .comment       0x0000007c       0x7d Drivers\STM32F4xx_HAL_Driver\Src\stm32f4xx_hal_dma.o
 .comment       0x0000007c       0x7d Drivers\STM32F4xx_HAL_Driver\Src\stm32f4xx_hal_gpio.o
 .comment       0x0000007c       0x7d Drivers\STM32F4xx_HAL_Driver\Src\stm32f4xx_hal_pcd.o
 .comment       0x0000007c       0x7d Drivers\STM32F4xx_HAL_Driver\Src\stm32f4xx_hal_pcd_ex.o
 .comment       0x0000007c       0x7d Drivers\STM32F4xx_HAL_Driver\Src\stm32f4xx_hal_rcc.o
 .comment       0x0000007c       0x7d Drivers\STM32F4xx_HAL_Driver\Src\stm32f4xx_hal_spi.o
 .comment       0x0000007c       0x7d Drivers\STM32F4xx_HAL_Driver\Src\stm32f4xx_hal_uart.o
 .comment       0x0000007c       0x7d Drivers\STM32F4xx_HAL_Driver\Src\stm32f4xx_ll_usb.o
 .comment       0x0000007c       0x7d Src\main.o
 .comment       0x0000007c       0x7d Src\stm32f4xx_hal_msp.o
 .comment       0x0000007c       0x7d Src\stm32f4xx_it.o
 .comment       0x0000007c       0x7d Src\syscalls.o
 .comment       0x0000007c       0x7d Src\system_stm32f4xx.o

.debug_frame    0x00000000     0x3af8
 .debug_frame   0x00000000      0x3b4 Drivers\STM32F4xx_HAL_Driver\Src\stm32f4xx_hal.o
 .debug_frame   0x000003b4      0x498 Drivers\STM32F4xx_HAL_Driver\Src\stm32f4xx_hal_cortex.o
 .debug_frame   0x0000084c      0x250 Drivers\STM32F4xx_HAL_Driver\Src\stm32f4xx_hal_dma.o
 .debug_frame   0x00000a9c      0x14c Drivers\STM32F4xx_HAL_Driver\Src\stm32f4xx_hal_gpio.o
 .debug_frame   0x00000be8      0x548 Drivers\STM32F4xx_HAL_Driver\Src\stm32f4xx_hal_pcd.o
 .debug_frame   0x00001130       0xb0 Drivers\STM32F4xx_HAL_Driver\Src\stm32f4xx_hal_pcd_ex.o
 .debug_frame   0x000011e0      0x1f8 Drivers\STM32F4xx_HAL_Driver\Src\stm32f4xx_hal_rcc.o
 .debug_frame   0x000013d8      0x820 Drivers\STM32F4xx_HAL_Driver\Src\stm32f4xx_hal_spi.o
 .debug_frame   0x00001bf8      0x83c Drivers\STM32F4xx_HAL_Driver\Src\stm32f4xx_hal_uart.o
 .debug_frame   0x00002434      0x790 Drivers\STM32F4xx_HAL_Driver\Src\stm32f4xx_ll_usb.o
 .debug_frame   0x00002bc4      0x408 Src\main.o
 .debug_frame   0x00002fcc      0x110 Src\stm32f4xx_hal_msp.o
 .debug_frame   0x000030dc      0x128 Src\stm32f4xx_it.o
 .debug_frame   0x00003204      0x2d4 Src\syscalls.o
 .debug_frame   0x000034d8       0x58 Src\system_stm32f4xx.o
 .debug_frame   0x00003530       0x30 d:/stm32/truestudio for stm32 9.3.0/armtools/bin/../lib/gcc/arm-atollic-eabi/6.3.1/../../../../arm-atollic-eabi/lib/armv7e-m/fpu\libc_nano.a(lib_a-atoi.o)
 .debug_frame   0x00003560       0x20 d:/stm32/truestudio for stm32 9.3.0/armtools/bin/../lib/gcc/arm-atollic-eabi/6.3.1/../../../../arm-atollic-eabi/lib/armv7e-m/fpu\libc_nano.a(lib_a-errno.o)
 .debug_frame   0x00003580       0x2c d:/stm32/truestudio for stm32 9.3.0/armtools/bin/../lib/gcc/arm-atollic-eabi/6.3.1/../../../../arm-atollic-eabi/lib/armv7e-m/fpu\libc_nano.a(lib_a-init.o)
 .debug_frame   0x000035ac       0x20 d:/stm32/truestudio for stm32 9.3.0/armtools/bin/../lib/gcc/arm-atollic-eabi/6.3.1/../../../../arm-atollic-eabi/lib/armv7e-m/fpu\libc_nano.a(lib_a-memset.o)
 .debug_frame   0x000035cc       0x70 d:/stm32/truestudio for stm32 9.3.0/armtools/bin/../lib/gcc/arm-atollic-eabi/6.3.1/../../../../arm-atollic-eabi/lib/armv7e-m/fpu\libc_nano.a(lib_a-sprintf.o)
 .debug_frame   0x0000363c       0x30 d:/stm32/truestudio for stm32 9.3.0/armtools/bin/../lib/gcc/arm-atollic-eabi/6.3.1/../../../../arm-atollic-eabi/lib/armv7e-m/fpu\libc_nano.a(lib_a-strstr.o)
 .debug_frame   0x0000366c       0x88 d:/stm32/truestudio for stm32 9.3.0/armtools/bin/../lib/gcc/arm-atollic-eabi/6.3.1/../../../../arm-atollic-eabi/lib/armv7e-m/fpu\libc_nano.a(lib_a-strtol.o)
 .debug_frame   0x000036f4       0x68 d:/stm32/truestudio for stm32 9.3.0/armtools/bin/../lib/gcc/arm-atollic-eabi/6.3.1/../../../../arm-atollic-eabi/lib/armv7e-m/fpu\libc_nano.a(lib_a-locale.o)
 .debug_frame   0x0000375c       0x48 d:/stm32/truestudio for stm32 9.3.0/armtools/bin/../lib/gcc/arm-atollic-eabi/6.3.1/../../../../arm-atollic-eabi/lib/armv7e-m/fpu\libc_nano.a(lib_a-mbtowc_r.o)
 .debug_frame   0x000037a4       0x90 d:/stm32/truestudio for stm32 9.3.0/armtools/bin/../lib/gcc/arm-atollic-eabi/6.3.1/../../../../arm-atollic-eabi/lib/armv7e-m/fpu\libc_nano.a(lib_a-nano-svfprintf.o)
 .debug_frame   0x00003834       0x60 d:/stm32/truestudio for stm32 9.3.0/armtools/bin/../lib/gcc/arm-atollic-eabi/6.3.1/../../../../arm-atollic-eabi/lib/armv7e-m/fpu\libc_nano.a(lib_a-nano-vfprintf_i.o)
 .debug_frame   0x00003894       0x3c d:/stm32/truestudio for stm32 9.3.0/armtools/bin/../lib/gcc/arm-atollic-eabi/6.3.1/../../../../arm-atollic-eabi/lib/armv7e-m/fpu\libc_nano.a(lib_a-wctomb_r.o)
 .debug_frame   0x000038d0       0x28 d:/stm32/truestudio for stm32 9.3.0/armtools/bin/../lib/gcc/arm-atollic-eabi/6.3.1/../../../../arm-atollic-eabi/lib/armv7e-m/fpu\libc_nano.a(lib_a-memcpy-stub.o)
 .debug_frame   0x000038f8       0x28 d:/stm32/truestudio for stm32 9.3.0/armtools/bin/../lib/gcc/arm-atollic-eabi/6.3.1/../../../../arm-atollic-eabi/lib/armv7e-m/fpu\libc_nano.a(lib_a-memmove.o)
 .debug_frame   0x00003920       0x38 d:/stm32/truestudio for stm32 9.3.0/armtools/bin/../lib/gcc/arm-atollic-eabi/6.3.1/../../../../arm-atollic-eabi/lib/armv7e-m/fpu\libc_nano.a(lib_a-nano-freer.o)
 .debug_frame   0x00003958       0x2c d:/stm32/truestudio for stm32 9.3.0/armtools/bin/../lib/gcc/arm-atollic-eabi/6.3.1/../../../../arm-atollic-eabi/lib/armv7e-m/fpu\libc_nano.a(lib_a-nano-mallocr.o)
 .debug_frame   0x00003984       0x3c d:/stm32/truestudio for stm32 9.3.0/armtools/bin/../lib/gcc/arm-atollic-eabi/6.3.1/../../../../arm-atollic-eabi/lib/armv7e-m/fpu\libc_nano.a(lib_a-nano-reallocr.o)
 .debug_frame   0x000039c0       0x2c d:/stm32/truestudio for stm32 9.3.0/armtools/bin/../lib/gcc/arm-atollic-eabi/6.3.1/../../../../arm-atollic-eabi/lib/armv7e-m/fpu\libc_nano.a(lib_a-sbrkr.o)
 .debug_frame   0x000039ec       0x30 d:/stm32/truestudio for stm32 9.3.0/armtools/bin/../lib/gcc/arm-atollic-eabi/6.3.1/../../../../arm-atollic-eabi/lib/armv7e-m/fpu\libc_nano.a(lib_a-mlock.o)
 .debug_frame   0x00003a1c       0x20 d:/stm32/truestudio for stm32 9.3.0/armtools/bin/../lib/gcc/arm-atollic-eabi/6.3.1/../../../../arm-atollic-eabi/lib/armv7e-m/fpu\libc_nano.a(lib_a-nano-msizer.o)
 .debug_frame   0x00003a3c       0x5c d:/stm32/truestudio for stm32 9.3.0/armtools/bin/../lib/gcc/arm-atollic-eabi/6.3.1/../../../../arm-atollic-eabi/lib/armv7e-m/fpu\libc_nano.a(lib_a-reent.o)
 .debug_frame   0x00003a98       0x2c d:/stm32/truestudio for stm32 9.3.0/armtools/bin/../lib/gcc/arm-atollic-eabi/6.3.1/armv7e-m/fpu\libgcc.a(_aeabi_uldivmod.o)
 .debug_frame   0x00003ac4       0x34 d:/stm32/truestudio for stm32 9.3.0/armtools/bin/../lib/gcc/arm-atollic-eabi/6.3.1/armv7e-m/fpu\libgcc.a(_udivmoddi4.o)

.debug_ranges   0x00000000       0x20
 .debug_ranges  0x00000000       0x20 startup\startup_stm32f429xx.o
